Archive member included to satisfy reference by file (symbol)

c:/intelfpga_lite/18.1/nios2eds/bin/gnu/h-x86_64-mingw32/bin/../lib/gcc/nios2-elf/5.3.0/../../../../../H-x86_64-mingw32/nios2-elf/lib\libc.a(lib_a-printf.o)
                              obj/default/milestone2_main.o (printf)
c:/intelfpga_lite/18.1/nios2eds/bin/gnu/h-x86_64-mingw32/bin/../lib/gcc/nios2-elf/5.3.0/../../../../../H-x86_64-mingw32/nios2-elf/lib\libc.a(lib_a-puts.o)
                              obj/default/milestone2_main.o (puts)
c:/intelfpga_lite/18.1/nios2eds/bin/gnu/h-x86_64-mingw32/bin/../lib/gcc/nios2-elf/5.3.0/../../../../../H-x86_64-mingw32/nios2-elf/lib\libc.a(lib_a-strlen.o)
                              c:/intelfpga_lite/18.1/nios2eds/bin/gnu/h-x86_64-mingw32/bin/../lib/gcc/nios2-elf/5.3.0/../../../../../H-x86_64-mingw32/nios2-elf/lib\libc.a(lib_a-puts.o) (strlen)
c:/intelfpga_lite/18.1/nios2eds/bin/gnu/h-x86_64-mingw32/bin/../lib/gcc/nios2-elf/5.3.0/../../../../../H-x86_64-mingw32/nios2-elf/lib\libc.a(lib_a-vfprintf.o)
                              c:/intelfpga_lite/18.1/nios2eds/bin/gnu/h-x86_64-mingw32/bin/../lib/gcc/nios2-elf/5.3.0/../../../../../H-x86_64-mingw32/nios2-elf/lib\libc.a(lib_a-printf.o) (___vfprintf_internal_r)
c:/intelfpga_lite/18.1/nios2eds/bin/gnu/h-x86_64-mingw32/bin/../lib/gcc/nios2-elf/5.3.0/../../../../../H-x86_64-mingw32/nios2-elf/lib\libc.a(lib_a-wsetup.o)
                              c:/intelfpga_lite/18.1/nios2eds/bin/gnu/h-x86_64-mingw32/bin/../lib/gcc/nios2-elf/5.3.0/../../../../../H-x86_64-mingw32/nios2-elf/lib\libc.a(lib_a-vfprintf.o) (__swsetup_r)
c:/intelfpga_lite/18.1/nios2eds/bin/gnu/h-x86_64-mingw32/bin/../lib/gcc/nios2-elf/5.3.0/../../../../../H-x86_64-mingw32/nios2-elf/lib\libc.a(lib_a-dtoa.o)
                              c:/intelfpga_lite/18.1/nios2eds/bin/gnu/h-x86_64-mingw32/bin/../lib/gcc/nios2-elf/5.3.0/../../../../../H-x86_64-mingw32/nios2-elf/lib\libc.a(lib_a-vfprintf.o) (_dtoa_r)
c:/intelfpga_lite/18.1/nios2eds/bin/gnu/h-x86_64-mingw32/bin/../lib/gcc/nios2-elf/5.3.0/../../../../../H-x86_64-mingw32/nios2-elf/lib\libc.a(lib_a-fflush.o)
                              c:/intelfpga_lite/18.1/nios2eds/bin/gnu/h-x86_64-mingw32/bin/../lib/gcc/nios2-elf/5.3.0/../../../../../H-x86_64-mingw32/nios2-elf/lib\libc.a(lib_a-vfprintf.o) (_fflush_r)
c:/intelfpga_lite/18.1/nios2eds/bin/gnu/h-x86_64-mingw32/bin/../lib/gcc/nios2-elf/5.3.0/../../../../../H-x86_64-mingw32/nios2-elf/lib\libc.a(lib_a-findfp.o)
                              c:/intelfpga_lite/18.1/nios2eds/bin/gnu/h-x86_64-mingw32/bin/../lib/gcc/nios2-elf/5.3.0/../../../../../H-x86_64-mingw32/nios2-elf/lib\libc.a(lib_a-puts.o) (__sinit)
c:/intelfpga_lite/18.1/nios2eds/bin/gnu/h-x86_64-mingw32/bin/../lib/gcc/nios2-elf/5.3.0/../../../../../H-x86_64-mingw32/nios2-elf/lib\libc.a(lib_a-freer.o)
                              c:/intelfpga_lite/18.1/nios2eds/bin/gnu/h-x86_64-mingw32/bin/../lib/gcc/nios2-elf/5.3.0/../../../../../H-x86_64-mingw32/nios2-elf/lib\libc.a(lib_a-wsetup.o) (_free_r)
c:/intelfpga_lite/18.1/nios2eds/bin/gnu/h-x86_64-mingw32/bin/../lib/gcc/nios2-elf/5.3.0/../../../../../H-x86_64-mingw32/nios2-elf/lib\libc.a(lib_a-fvwrite.o)
                              c:/intelfpga_lite/18.1/nios2eds/bin/gnu/h-x86_64-mingw32/bin/../lib/gcc/nios2-elf/5.3.0/../../../../../H-x86_64-mingw32/nios2-elf/lib\libc.a(lib_a-puts.o) (__sfvwrite_r)
c:/intelfpga_lite/18.1/nios2eds/bin/gnu/h-x86_64-mingw32/bin/../lib/gcc/nios2-elf/5.3.0/../../../../../H-x86_64-mingw32/nios2-elf/lib\libc.a(lib_a-fwalk.o)
                              c:/intelfpga_lite/18.1/nios2eds/bin/gnu/h-x86_64-mingw32/bin/../lib/gcc/nios2-elf/5.3.0/../../../../../H-x86_64-mingw32/nios2-elf/lib\libc.a(lib_a-findfp.o) (_fwalk)
c:/intelfpga_lite/18.1/nios2eds/bin/gnu/h-x86_64-mingw32/bin/../lib/gcc/nios2-elf/5.3.0/../../../../../H-x86_64-mingw32/nios2-elf/lib\libc.a(lib_a-impure.o)
                              c:/intelfpga_lite/18.1/nios2eds/bin/gnu/h-x86_64-mingw32/bin/../lib/gcc/nios2-elf/5.3.0/../../../../../H-x86_64-mingw32/nios2-elf/lib\libc.a(lib_a-fflush.o) (_global_impure_ptr)
c:/intelfpga_lite/18.1/nios2eds/bin/gnu/h-x86_64-mingw32/bin/../lib/gcc/nios2-elf/5.3.0/../../../../../H-x86_64-mingw32/nios2-elf/lib\libc.a(lib_a-locale.o)
                              c:/intelfpga_lite/18.1/nios2eds/bin/gnu/h-x86_64-mingw32/bin/../lib/gcc/nios2-elf/5.3.0/../../../../../H-x86_64-mingw32/nios2-elf/lib\libc.a(lib_a-vfprintf.o) (_localeconv_r)
c:/intelfpga_lite/18.1/nios2eds/bin/gnu/h-x86_64-mingw32/bin/../lib/gcc/nios2-elf/5.3.0/../../../../../H-x86_64-mingw32/nios2-elf/lib\libc.a(lib_a-makebuf.o)
                              c:/intelfpga_lite/18.1/nios2eds/bin/gnu/h-x86_64-mingw32/bin/../lib/gcc/nios2-elf/5.3.0/../../../../../H-x86_64-mingw32/nios2-elf/lib\libc.a(lib_a-wsetup.o) (__smakebuf_r)
c:/intelfpga_lite/18.1/nios2eds/bin/gnu/h-x86_64-mingw32/bin/../lib/gcc/nios2-elf/5.3.0/../../../../../H-x86_64-mingw32/nios2-elf/lib\libc.a(lib_a-mallocr.o)
[...]
Memory Configuration

Name             Origin             Length             Attributes
SDRAM            0x0000000002000000 0x0000000002000000
reset            0x0000000004040000 0x0000000000000020
NIOS_MEM         0x0000000004040020 0x0000000000020380
*default*        0x0000000000000000 0xffffffffffffffff

Linker script and memory map

LOAD ../milestone2_bsp//obj/HAL/src/crt0.o
LOAD obj/default/milestone2_main.o
LOAD c:/intelfpga_lite/18.1/nios2eds/bin/gnu/h-x86_64-mingw32/bin/../lib/gcc/nios2-elf/5.3.0/../../../../../H-x86_64-mingw32/nios2-elf/lib\libstdc++.a
LOAD c:/intelfpga_lite/18.1/nios2eds/bin/gnu/h-x86_64-mingw32/bin/../lib/gcc/nios2-elf/5.3.0/../../../../../H-x86_64-mingw32/nios2-elf/lib\libm.a
LOAD c:/intelfpga_lite/18.1/nios2eds/bin/gnu/h-x86_64-mingw32/bin/../lib/gcc/nios2-elf/5.3.0\libgcc.a
START GROUP
LOAD c:/intelfpga_lite/18.1/nios2eds/bin/gnu/h-x86_64-mingw32/bin/../lib/gcc/nios2-elf/5.3.0/../../../../../H-x86_64-mingw32/nios2-elf/lib\libc.a
LOAD c:/intelfpga_lite/18.1/nios2eds/bin/gnu/h-x86_64-mingw32/bin/../lib/gcc/nios2-elf/5.3.0\libgcc.a
LOAD ../milestone2_bsp/\libucosii_bsp.a
LOAD c:/intelfpga_lite/18.1/nios2eds/bin/gnu/h-x86_64-mingw32/bin/../lib/gcc/nios2-elf/5.3.0/../../../../../H-x86_64-mingw32/nios2-elf/lib\libm.a
END GROUP
LOAD c:/intelfpga_lite/18.1/nios2eds/bin/gnu/h-x86_64-mingw32/bin/../lib/gcc/nios2-elf/5.3.0\libgcc.a
                0x0000000000000000                __alt_mem_SDRAM = 0x0
                0x0000000004040000                __alt_mem_NIOS_MEM = 0x4040000

.entry          0x0000000004040000       0x20
 *(.entry)
 .entry         0x0000000004040000       0x20 ../milestone2_bsp//obj/HAL/src/crt0.o
                0x0000000004040000                __reset

.exceptions     0x0000000004040020      0x224
                0x0000000004040020                PROVIDE (__ram_exceptions_start, ABSOLUTE (.))
                0x0000000004040020                . = ALIGN (0x20)
 *(.irq)
 *(.exceptions.entry.label)
 .exceptions.entry.label
                0x0000000004040020        0x0 ../milestone2_bsp/\libucosii_bsp.a(alt_irq_entry.o)
                0x0000000004040020                alt_irq_entry
 .exceptions.entry.label
                0x0000000004040020        0x0 ../milestone2_bsp/\libucosii_bsp.a(alt_exception_entry.o)
                0x0000000004040020                alt_exception
 *(.exceptions.entry.user)
 *(.exceptions.entry.ecc_fatal)
 *(.exceptions.entry)
 .exceptions.entry
                0x0000000004040020       0x54 ../milestone2_bsp/\libucosii_bsp.a(alt_exception_entry.o)
 *(.exceptions.irqtest.user)
 *(.exceptions.irqtest)
 .exceptions.irqtest
                0x0000000004040074       0x10 ../milestone2_bsp/\libucosii_bsp.a(alt_irq_entry.o)
 *(.exceptions.irqhandler.user)
 *(.exceptions.irqhandler)
 .exceptions.irqhandler
                0x0000000004040084        0x4 ../milestone2_bsp/\libucosii_bsp.a(alt_irq_entry.o)
 *(.exceptions.irqreturn.user)
 *(.exceptions.irqreturn)
 .exceptions.irqreturn
                0x0000000004040088        0x4 ../milestone2_bsp/\libucosii_bsp.a(alt_irq_entry.o)
 *(.exceptions.notirq.label)
 .exceptions.notirq.label
                0x000000000404008c        0x0 ../milestone2_bsp/\libucosii_bsp.a(alt_irq_entry.o)
 *(.exceptions.notirq.user)
 *(.exceptions.notirq)
 .exceptions.notirq
                0x000000000404008c        0x8 ../milestone2_bsp/\libucosii_bsp.a(alt_exception_entry.o)
 *(.exceptions.soft.user)
 *(.exceptions.soft)
 *(.exceptions.unknown.user)
 *(.exceptions.unknown)
 .exceptions.unknown
                0x0000000004040094       0x14 ../milestone2_bsp/\libucosii_bsp.a(alt_exception_entry.o)
 *(.exceptions.exit.label)
 .exceptions.exit.label
                0x00000000040400a8        0x0 ../milestone2_bsp/\libucosii_bsp.a(alt_irq_entry.o)
 .exceptions.exit.label
                0x00000000040400a8        0x0 ../milestone2_bsp/\libucosii_bsp.a(alt_exception_entry.o)
 *(.exceptions.exit.user)
 *(.exceptions.exit)
 .exceptions.exit
                0x00000000040400a8       0x54 ../milestone2_bsp/\libucosii_bsp.a(alt_exception_entry.o)
 *(.exceptions)
 .exceptions    0x00000000040400fc       0xd4 ../milestone2_bsp/\libucosii_bsp.a(alt_irq_handler.o)
                0x00000000040400fc                alt_irq_handler
 .exceptions    0x00000000040401d0       0x74 ../milestone2_bsp/\libucosii_bsp.a(alt_instruction_exception_entry.o)
                0x00000000040401d0                alt_instruction_exception_entry
                0x0000000004040244                PROVIDE (__ram_exceptions_end, ABSOLUTE (.))
                0x0000000004040020                PROVIDE (__flash_exceptions_start, LOADADDR (.exceptions))

.text           0x0000000004040244    0x17870
                [!provide]                        PROVIDE (stext, ABSOLUTE (.))
 *(.interp)
 *(.hash)
 *(.dynsym)
 *(.dynstr)
 *(.gnu.version)
 *(.gnu.version_d)
 *(.gnu.version_r)
 *(.rel.init)
 *(.rela.init)
 *(.rel.text .rel.text.* .rel.gnu.linkonce.t.*)
 *(.rela.text .rela.text.* .rela.gnu.linkonce.t.*)
 *(.rel.fini)
 *(.rela.fini)
 *(.rel.rodata .rel.rodata.* .rel.gnu.linkonce.r.*)
 *(.rela.rodata .rela.rodata.* .rela.gnu.linkonce.r.*)
 *(.rel.data .rel.data.* .rel.gnu.linkonce.d.*)
 *(.rela.data .rela.data.* .rela.gnu.linkonce.d.*)
 *(.rel.tdata .rel.tdata.* .rel.gnu.linkonce.td.*)
 *(.rela.tdata .rela.tdata.* .rela.gnu.linkonce.td.*)
 *(.rel.tbss .rel.tbss.* .rel.gnu.linkonce.tb.*)
 *(.rela.tbss .rela.tbss.* .rela.gnu.linkonce.tb.*)
 *(.rel.ctors)
 *(.rela.ctors)
 *(.rel.dtors)
 *(.rela.dtors)
 *(.rel.got)
 *(.rela.got)
 *(.rel.sdata .rel.sdata.* .rel.gnu.linkonce.s.*)
 *(.rela.sdata .rela.sdata.* .rela.gnu.linkonce.s.*)
 *(.rel.sbss .rel.sbss.* .rel.gnu.linkonce.sb.*)
 *(.rela.sbss .rela.sbss.* .rela.gnu.linkonce.sb.*)
 *(.rel.sdata2 .rel.sdata2.* .rel.gnu.linkonce.s2.*)
 *(.rela.sdata2 .rela.sdata2.* .rela.gnu.linkonce.s2.*)
 *(.rel.sbss2 .rel.sbss2.* .rel.gnu.linkonce.sb2.*)
 *(.rela.sbss2 .rela.sbss2.* .rela.gnu.linkonce.sb2.*)
 *(.rel.bss .rel.bss.* .rel.gnu.linkonce.b.*)
 *(.rela.bss .rela.bss.* .rela.gnu.linkonce.b.*)
 *(.rel.plt)
 *(.rela.plt)
 *(.rel.dyn)
 *(.init)
 *(.plt)
 *(.text .stub .text.* .gnu.linkonce.t.*)
 .text          0x0000000004040244       0x4c ../milestone2_bsp//obj/HAL/src/crt0.o
                0x0000000004040244                _start
 .text          0x0000000004040290      0x638 obj/default/milestone2_main.o
                0x0000000004040290                clrBuffer
                0x0000000004040310                writeImage
                0x000000000404052c                KEY_IN_ISR
                0x0000000004040620                buttonManagerTask
                0x0000000004040698                displayImageTask
                0x00000000040406e8                mainTask
                0x0000000004040838                main
 .text          0x00000000040408c8        0x0 c:/intelfpga_lite/18.1/nios2eds/bin/gnu/h-x86_64-mingw32/bin/../lib/gcc/nios2-elf/5.3.0/../../../../../H-x86_64-mingw32/nios2-elf/lib\libc.a(lib_a-printf.o)
 .text._printf_r
                0x00000000040408c8       0x30 c:/intelfpga_lite/18.1/nios2eds/bin/gnu/h-x86_64-mingw32/bin/../lib/gcc/nios2-elf/5.3.0/../../../../../H-x86_64-mingw32/nios2-elf/lib\libc.a(lib_a-printf.o)
                0x00000000040408c8                _printf_r
 .text.printf   0x00000000040408f8       0x3c c:/intelfpga_lite/18.1/nios2eds/bin/gnu/h-x86_64-mingw32/bin/../lib/gcc/nios2-elf/5.3.0/../../../../../H-x86_64-mingw32/nios2-elf/lib\libc.a(lib_a-printf.o)
                0x00000000040408f8                printf
 .text          0x0000000004040934        0x0 c:/intelfpga_lite/18.1/nios2eds/bin/gnu/h-x86_64-mingw32/bin/../lib/gcc/nios2-elf/5.3.0/../../../../../H-x86_64-mingw32/nios2-elf/lib\libc.a(lib_a-puts.o)
 .text._puts_r  0x0000000004040934       0xc0 c:/intelfpga_lite/18.1/nios2eds/bin/gnu/h-x86_64-mingw32/bin/../lib/gcc/nios2-elf/5.3.0/../../../../../H-x86_64-mingw32/nios2-elf/lib\libc.a(lib_a-puts.o)
                0x0000000004040934                _puts_r
 .text.puts     0x00000000040409f4       0x14 c:/intelfpga_lite/18.1/nios2eds/bin/gnu/h-x86_64-mingw32/bin/../lib/gcc/nios2-elf/5.3.0/../../../../../H-x86_64-mingw32/nios2-elf/lib\libc.a(lib_a-puts.o)
                0x00000000040409f4                puts
 .text          0x0000000004040a08        0x0 c:/intelfpga_lite/18.1/nios2eds/bin/gnu/h-x86_64-mingw32/bin/../lib/gcc/nios2-elf/5.3.0/../../../../../H-x86_64-mingw32/nios2-elf/lib\libc.a(lib_a-strlen.o)
 .text.strlen   0x0000000004040a08       0x98 c:/intelfpga_lite/18.1/nios2eds/bin/gnu/h-x86_64-mingw32/bin/../lib/gcc/nios2-elf/5.3.0/../../../../../H-x86_64-mingw32/nios2-elf/lib\libc.a(lib_a-strlen.o)
                0x0000000004040a08                strlen
 .text          0x0000000004040aa0        0x0 c:/intelfpga_lite/18.1/nios2eds/bin/gnu/h-x86_64-mingw32/bin/../lib/gcc/nios2-elf/5.3.0/../../../../../H-x86_64-mingw32/nios2-elf/lib\libc.a(lib_a-vfprintf.o)
 .text.___vfprintf_internal_r
                0x0000000004040aa0     0x21f8 c:/intelfpga_lite/18.1/nios2eds/bin/gnu/h-x86_64-mingw32/bin/../lib/gcc/nios2-elf/5.3.0/../../../../../H-x86_64-mingw32/nios2-elf/lib\libc.a(lib_a-vfprintf.o)
                0x0000000004040aa0                ___vfprintf_internal_r
 .text.__vfprintf_internal
                0x0000000004042c98       0x1c c:/intelfpga_lite/18.1/nios2eds/bin/gnu/h-x86_64-mingw32/bin/../lib/gcc/nios2-elf/5.3.0/../../../../../H-x86_64-mingw32/nios2-elf/lib\libc.a(lib_a-vfprintf.o)
                0x0000000004042c98                __vfprintf_internal
 .text.__sbprintf
                0x0000000004042cb4       0xbc c:/intelfpga_lite/18.1/nios2eds/bin/gnu/h-x86_64-mingw32/bin/../lib/gcc/nios2-elf/5.3.0/../../../../../H-x86_64-mingw32/nios2-elf/lib\libc.a(lib_a-vfprintf.o)
 .text          0x0000000004042d70        0x0 c:/intelfpga_lite/18.1/nios2eds/bin/gnu/h-x86_64-mingw32/bin/../lib/gcc/nios2-elf/5.3.0/../../../../../H-x86_64-mingw32/nios2-elf/lib\libc.a(lib_a-wsetup.o)
 .text.__swsetup_r
                0x0000000004042d70      0x154 c:/intelfpga_lite/18.1/nios2eds/bin/gnu/h-x86_64-mingw32/bin/../lib/gcc/nios2-elf/5.3.0/../../../../../H-x86_64-mingw32/nios2-elf/lib\libc.a(lib_a-wsetup.o)
                0x0000000004042d70                __swsetup_r
 .text          0x0000000004042ec4        0x0 c:/intelfpga_lite/18.1/nios2eds/bin/gnu/h-x86_64-mingw32/bin/../lib/gcc/nios2-elf/5.3.0/../../../../../H-x86_64-mingw32/nios2-elf/lib\libc.a(lib_a-dtoa.o)
 .text.quorem   0x0000000004042ec4      0x200 c:/intelfpga_lite/18.1/nios2eds/bin/gnu/h-x86_64-mingw32/bin/../lib/gcc/nios2-elf/5.3.0/../../../../../H-x86_64-mingw32/nios2-elf/lib\libc.a(lib_a-dtoa.o)
 .text._dtoa_r  0x00000000040430c4     0x1688 c:/intelfpga_lite/18.1/nios2eds/bin/gnu/h-x86_64-mingw32/bin/../lib/gcc/nios2-elf/5.3.0/../../../../../H-x86_64-mingw32/nios2-elf/lib\libc.a(lib_a-dtoa.o)
                0x00000000040430c4                _dtoa_r
 .text          0x000000000404474c        0x0 c:/intelfpga_lite/18.1/nios2eds/bin/gnu/h-x86_64-mingw32/bin/../lib/gcc/nios2-elf/5.3.0/../../../../../H-x86_64-mingw32/nios2-elf/lib\libc.a(lib_a-fflush.o)
 .text.__sflush_r
                0x000000000404474c      0x21c c:/intelfpga_lite/18.1/nios2eds/bin/gnu/h-x86_64-mingw32/bin/../lib/gcc/nios2-elf/5.3.0/../../../../../H-x86_64-mingw32/nios2-elf/lib\libc.a(lib_a-fflush.o)
                0x000000000404474c                __sflush_r
 .text._fflush_r
                0x0000000004044968       0x5c c:/intelfpga_lite/18.1/nios2eds/bin/gnu/h-x86_64-mingw32/bin/../lib/gcc/nios2-elf/5.3.0/../../../../../H-x86_64-mingw32/nios2-elf/lib\libc.a(lib_a-fflush.o)
                0x0000000004044968                _fflush_r
 .text.fflush   0x00000000040449c4       0x30 c:/intelfpga_lite/18.1/nios2eds/bin/gnu/h-x86_64-mingw32/bin/../lib/gcc/nios2-elf/5.3.0/../../../../../H-x86_64-mingw32/nios2-elf/lib\libc.a(lib_a-fflush.o)
                0x00000000040449c4                fflush
 .text          0x00000000040449f4        0x0 c:/intelfpga_lite/18.1/nios2eds/bin/gnu/h-x86_64-mingw32/bin/../lib/gcc/nios2-elf/5.3.0/../../../../../H-x86_64-mingw32/nios2-elf/lib\libc.a(lib_a-findfp.o)
 .text.__fp_unlock
                0x00000000040449f4        0x8 c:/intelfpga_lite/18.1/nios2eds/bin/gnu/h-x86_64-mingw32/bin/../lib/gcc/nios2-elf/5.3.0/../../../../../H-x86_64-mingw32/nios2-elf/lib\libc.a(lib_a-findfp.o)
 .text._cleanup_r
                0x00000000040449fc        0xc c:/intelfpga_lite/18.1/nios2eds/bin/gnu/h-x86_64-mingw32/bin/../lib/gcc/nios2-elf/5.3.0/../../../../../H-x86_64-mingw32/nios2-elf/lib\libc.a(lib_a-findfp.o)
                0x00000000040449fc                _cleanup_r
 .text.__sinit.part.1
                0x0000000004044a08      0x19c c:/intelfpga_lite/18.1/nios2eds/bin/gnu/h-x86_64-mingw32/bin/../lib/gcc/nios2-elf/5.3.0/../../../../../H-x86_64-mingw32/nios2-elf/lib\libc.a(lib_a-findfp.o)
 .text.__fp_lock
                0x0000000004044ba4        0x8 c:/intelfpga_lite/18.1/nios2eds/bin/gnu/h-x86_64-mingw32/bin/../lib/gcc/nios2-elf/5.3.0/../../../../../H-x86_64-mingw32/nios2-elf/lib\libc.a(lib_a-findfp.o)
 .text.__sfmoreglue
                0x0000000004044bac       0x68 c:/intelfpga_lite/18.1/nios2eds/bin/gnu/h-x86_64-mingw32/bin/../lib/gcc/nios2-elf/5.3.0/../../../../../H-x86_64-mingw32/nios2-elf/lib\libc.a(lib_a-findfp.o)
                0x0000000004044bac                __sfmoreglue
 .text.__sfp    0x0000000004044c14      0x118 c:/intelfpga_lite/18.1/nios2eds/bin/gnu/h-x86_64-mingw32/bin/../lib/gcc/nios2-elf/5.3.0/../../../../../H-x86_64-mingw32/nios2-elf/lib\libc.a(lib_a-findfp.o)
                0x0000000004044c14                __sfp
 .text._cleanup
                0x0000000004044d2c       0x18 c:/intelfpga_lite/18.1/nios2eds/bin/gnu/h-x86_64-mingw32/bin/../lib/gcc/nios2-elf/5.3.0/../../../../../H-x86_64-mingw32/nios2-elf/lib\libc.a(lib_a-findfp.o)
                0x0000000004044d2c                _cleanup
 .text.__sinit  0x0000000004044d44       0x10 c:/intelfpga_lite/18.1/nios2eds/bin/gnu/h-x86_64-mingw32/bin/../lib/gcc/nios2-elf/5.3.0/../../../../../H-x86_64-mingw32/nios2-elf/lib\libc.a(lib_a-findfp.o)
                0x0000000004044d44                __sinit
 .text.__sfp_lock_acquire
                0x0000000004044d54        0x4 c:/intelfpga_lite/18.1/nios2eds/bin/gnu/h-x86_64-mingw32/bin/../lib/gcc/nios2-elf/5.3.0/../../../../../H-x86_64-mingw32/nios2-elf/lib\libc.a(lib_a-findfp.o)
                0x0000000004044d54                __sfp_lock_acquire
 .text.__sfp_lock_release
                0x0000000004044d58        0x4 c:/intelfpga_lite/18.1/nios2eds/bin/gnu/h-x86_64-mingw32/bin/../lib/gcc/nios2-elf/5.3.0/../../../../../H-x86_64-mingw32/nios2-elf/lib\libc.a(lib_a-findfp.o)
                0x0000000004044d58                __sfp_lock_release
 .text.__sinit_lock_acquire
                0x0000000004044d5c        0x4 c:/intelfpga_lite/18.1/nios2eds/bin/gnu/h-x86_64-mingw32/bin/../lib/gcc/nios2-elf/5.3.0/../../../../../H-x86_64-mingw32/nios2-elf/lib\libc.a(lib_a-findfp.o)
                0x0000000004044d5c                __sinit_lock_acquire
 .text.__sinit_lock_release
                0x0000000004044d60        0x4 c:/intelfpga_lite/18.1/nios2eds/bin/gnu/h-x86_64-mingw32/bin/../lib/gcc/nios2-elf/5.3.0/../../../../../H-x86_64-mingw32/nios2-elf/lib\libc.a(lib_a-findfp.o)
                0x0000000004044d60                __sinit_lock_release
 .text.__fp_lock_all
                0x0000000004044d64       0x18 c:/intelfpga_lite/18.1/nios2eds/bin/gnu/h-x86_64-mingw32/bin/../lib/gcc/nios2-elf/5.3.0/../../../../../H-x86_64-mingw32/nios2-elf/lib\libc.a(lib_a-findfp.o)
                0x0000000004044d64                __fp_lock_all
 .text.__fp_unlock_all
                0x0000000004044d7c       0x18 c:/intelfpga_lite/18.1/nios2eds/bin/gnu/h-x86_64-mingw32/bin/../lib/gcc/nios2-elf/5.3.0/../../../../../H-x86_64-mingw32/nios2-elf/lib\libc.a(lib_a-findfp.o)
                0x0000000004044d7c                __fp_unlock_all
 .text          0x0000000004044d94        0x0 c:/intelfpga_lite/18.1/nios2eds/bin/gnu/h-x86_64-mingw32/bin/../lib/gcc/nios2-elf/5.3.0/../../../../../H-x86_64-mingw32/nios2-elf/lib\libc.a(lib_a-freer.o)
 .text._malloc_trim_r
                0x0000000004044d94      0x124 c:/intelfpga_lite/18.1/nios2eds/bin/gnu/h-x86_64-mingw32/bin/../lib/gcc/nios2-elf/5.3.0/../../../../../H-x86_64-mingw32/nios2-elf/lib\libc.a(lib_a-freer.o)
                0x0000000004044d94                _malloc_trim_r
 .text._free_r  0x0000000004044eb8      0x310 c:/intelfpga_lite/18.1/nios2eds/bin/gnu/h-x86_64-mingw32/bin/../lib/gcc/nios2-elf/5.3.0/../../../../../H-x86_64-mingw32/nios2-elf/lib\libc.a(lib_a-freer.o)
                0x0000000004044eb8                _free_r
 .text          0x00000000040451c8        0x0 c:/intelfpga_lite/18.1/nios2eds/bin/gnu/h-x86_64-mingw32/bin/../lib/gcc/nios2-elf/5.3.0/../../../../../H-x86_64-mingw32/nios2-elf/lib\libc.a(lib_a-fvwrite.o)
 .text.__sfvwrite_r
                0x00000000040451c8      0x4bc c:/intelfpga_lite/18.1/nios2eds/bin/gnu/h-x86_64-mingw32/bin/../lib/gcc/nios2-elf/5.3.0/../../../../../H-x86_64-mingw32/nios2-elf/lib\libc.a(lib_a-fvwrite.o)
                0x00000000040451c8                __sfvwrite_r
 .text          0x0000000004045684        0x0 c:/intelfpga_lite/18.1/nios2eds/bin/gnu/h-x86_64-mingw32/bin/../lib/gcc/nios2-elf/5.3.0/../../../../../H-x86_64-mingw32/nios2-elf/lib\libc.a(lib_a-fwalk.o)
 .text._fwalk   0x0000000004045684       0xc4 c:/intelfpga_lite/18.1/nios2eds/bin/gnu/h-x86_64-mingw32/bin/../lib/gcc/nios2-elf/5.3.0/../../../../../H-x86_64-mingw32/nios2-elf/lib\libc.a(lib_a-fwalk.o)
                0x0000000004045684                _fwalk
 .text._fwalk_reent
                0x0000000004045748       0xc4 c:/intelfpga_lite/18.1/nios2eds/bin/gnu/h-x86_64-mingw32/bin/../lib/gcc/nios2-elf/5.3.0/../../../../../H-x86_64-mingw32/nios2-elf/lib\libc.a(lib_a-fwalk.o)
                0x0000000004045748                _fwalk_reent
 .text          0x000000000404580c        0x0 c:/intelfpga_lite/18.1/nios2eds/bin/gnu/h-x86_64-mingw32/bin/../lib/gcc/nios2-elf/5.3.0/../../../../../H-x86_64-mingw32/nios2-elf/lib\libc.a(lib_a-impure.o)
 .text          0x000000000404580c        0x0 c:/intelfpga_lite/18.1/nios2eds/bin/gnu/h-x86_64-mingw32/bin/../lib/gcc/nios2-elf/5.3.0/../../../../../H-x86_64-mingw32/nios2-elf/lib\libc.a(lib_a-locale.o)
 .text._setlocale_r
                0x000000000404580c       0x7c c:/intelfpga_lite/18.1/nios2eds/bin/gnu/h-x86_64-mingw32/bin/../lib/gcc/nios2-elf/5.3.0/../../../../../H-x86_64-mingw32/nios2-elf/lib\libc.a(lib_a-locale.o)
                0x000000000404580c                _setlocale_r
 .text.__locale_charset
                0x0000000004045888        0xc c:/intelfpga_lite/18.1/nios2eds/bin/gnu/h-x86_64-mingw32/bin/../lib/gcc/nios2-elf/5.3.0/../../../../../H-x86_64-mingw32/nios2-elf/lib\libc.a(lib_a-locale.o)
                0x0000000004045888                __locale_charset
 .text.__locale_mb_cur_max
                0x0000000004045894       0x10 c:/intelfpga_lite/18.1/nios2eds/bin/gnu/h-x86_64-mingw32/bin/../lib/gcc/nios2-elf/5.3.0/../../../../../H-x86_64-mingw32/nios2-elf/lib\libc.a(lib_a-locale.o)
                0x0000000004045894                __locale_mb_cur_max
 .text.__locale_msgcharset
                0x00000000040458a4        0xc c:/intelfpga_lite/18.1/nios2eds/bin/gnu/h-x86_64-mingw32/bin/../lib/gcc/nios2-elf/5.3.0/../../../../../H-x86_64-mingw32/nios2-elf/lib\libc.a(lib_a-locale.o)
                0x00000000040458a4                __locale_msgcharset
 .text.__locale_cjk_lang
                0x00000000040458b0        0x8 c:/intelfpga_lite/18.1/nios2eds/bin/gnu/h-x86_64-mingw32/bin/../lib/gcc/nios2-elf/5.3.0/../../../../../H-x86_64-mingw32/nios2-elf/lib\libc.a(lib_a-locale.o)
                0x00000000040458b0                __locale_cjk_lang
 .text._localeconv_r
                0x00000000040458b8        0xc c:/intelfpga_lite/18.1/nios2eds/bin/gnu/h-x86_64-mingw32/bin/../lib/gcc/nios2-elf/5.3.0/../../../../../H-x86_64-mingw32/nios2-elf/lib\libc.a(lib_a-locale.o)
                0x00000000040458b8                _localeconv_r
 .text.setlocale
                0x00000000040458c4       0x18 c:/intelfpga_lite/18.1/nios2eds/bin/gnu/h-x86_64-mingw32/bin/../lib/gcc/nios2-elf/5.3.0/../../../../../H-x86_64-mingw32/nios2-elf/lib\libc.a(lib_a-locale.o)
                0x00000000040458c4                setlocale
 .text.localeconv
                0x00000000040458dc        0xc c:/intelfpga_lite/18.1/nios2eds/bin/gnu/h-x86_64-mingw32/bin/../lib/gcc/nios2-elf/5.3.0/../../../../../H-x86_64-mingw32/nios2-elf/lib\libc.a(lib_a-locale.o)
                0x00000000040458dc                localeconv
 .text          0x00000000040458e8        0x0 c:/intelfpga_lite/18.1/nios2eds/bin/gnu/h-x86_64-mingw32/bin/../lib/gcc/nios2-elf/5.3.0/../../../../../H-x86_64-mingw32/nios2-elf/lib\libc.a(lib_a-makebuf.o)
 .text.__smakebuf_r
                0x00000000040458e8      0x1bc c:/intelfpga_lite/18.1/nios2eds/bin/gnu/h-x86_64-mingw32/bin/../lib/gcc/nios2-elf/5.3.0/../../../../../H-x86_64-mingw32/nios2-elf/lib\libc.a(lib_a-makebuf.o)
                0x00000000040458e8                __smakebuf_r
 .text          0x0000000004045aa4        0x0 c:/intelfpga_lite/18.1/nios2eds/bin/gnu/h-x86_64-mingw32/bin/../lib/gcc/nios2-elf/5.3.0/../../../../../H-x86_64-mingw32/nios2-elf/lib\libc.a(lib_a-mallocr.o)
 .text._malloc_r
                0x0000000004045aa4      0x80c c:/intelfpga_lite/18.1/nios2eds/bin/gnu/h-x86_64-mingw32/bin/../lib/gcc/nios2-elf/5.3.0/../../../../../H-x86_64-mingw32/nios2-elf/lib\libc.a(lib_a-mallocr.o)
                0x0000000004045aa4                _malloc_r
 .text          0x00000000040462b0        0x0 c:/intelfpga_lite/18.1/nios2eds/bin/gnu/h-x86_64-mingw32/bin/../lib/gcc/nios2-elf/5.3.0/../../../../../H-x86_64-mingw32/nios2-elf/lib\libc.a(lib_a-memchr.o)
 .text.memchr   0x00000000040462b0       0xe4 c:/intelfpga_lite/18.1/nios2eds/bin/gnu/h-x86_64-mingw32/bin/../lib/gcc/nios2-elf/5.3.0/../../../../../H-x86_64-mingw32/nios2-elf/lib\libc.a(lib_a-memchr.o)
                0x00000000040462b0                memchr
 .text          0x0000000004046394        0x0 c:/intelfpga_lite/18.1/nios2eds/bin/gnu/h-x86_64-mingw32/bin/../lib/gcc/nios2-elf/5.3.0/../../../../../H-x86_64-mingw32/nios2-elf/lib\libc.a(lib_a-memcpy.o)
 .text.memcpy   0x0000000004046394      0x148 c:/intelfpga_lite/18.1/nios2eds/bin/gnu/h-x86_64-mingw32/bin/../lib/gcc/nios2-elf/5.3.0/../../../../../H-x86_64-mingw32/nios2-elf/lib\libc.a(lib_a-memcpy.o)
                0x0000000004046394                memcpy
 .text          0x00000000040464dc        0x0 c:/intelfpga_lite/18.1/nios2eds/bin/gnu/h-x86_64-mingw32/bin/../lib/gcc/nios2-elf/5.3.0/../../../../../H-x86_64-mingw32/nios2-elf/lib\libc.a(lib_a-memmove.o)
 .text.memmove  0x00000000040464dc      0x15c c:/intelfpga_lite/18.1/nios2eds/bin/gnu/h-x86_64-mingw32/bin/../lib/gcc/nios2-elf/5.3.0/../../../../../H-x86_64-mingw32/nios2-elf/lib\libc.a(lib_a-memmove.o)
                0x00000000040464dc                memmove
 .text          0x0000000004046638        0x0 c:/intelfpga_lite/18.1/nios2eds/bin/gnu/h-x86_64-mingw32/bin/../lib/gcc/nios2-elf/5.3.0/../../../../../H-x86_64-mingw32/nios2-elf/lib\libc.a(lib_a-memset.o)
 .text.memset   0x0000000004046638      0x128 c:/intelfpga_lite/18.1/nios2eds/bin/gnu/h-x86_64-mingw32/bin/../lib/gcc/nios2-elf/5.3.0/../../../../../H-x86_64-mingw32/nios2-elf/lib\libc.a(lib_a-memset.o)
                0x0000000004046638                memset
 .text          0x0000000004046760        0x0 c:/intelfpga_lite/18.1/nios2eds/bin/gnu/h-x86_64-mingw32/bin/../lib/gcc/nios2-elf/5.3.0/../../../../../H-x86_64-mingw32/nios2-elf/lib\libc.a(lib_a-mprec.o)
 .text._Balloc  0x0000000004046760       0xa8 c:/intelfpga_lite/18.1/nios2eds/bin/gnu/h-x86_64-mingw32/bin/../lib/gcc/nios2-elf/5.3.0/../../../../../H-x86_64-mingw32/nios2-elf/lib\libc.a(lib_a-mprec.o)
                0x0000000004046760                _Balloc
 .text._Bfree   0x0000000004046808       0x28 c:/intelfpga_lite/18.1/nios2eds/bin/gnu/h-x86_64-mingw32/bin/../lib/gcc/nios2-elf/5.3.0/../../../../../H-x86_64-mingw32/nios2-elf/lib\libc.a(lib_a-mprec.o)
                0x0000000004046808                _Bfree
 .text.__multadd
                0x0000000004046830      0x120 c:/intelfpga_lite/18.1/nios2eds/bin/gnu/h-x86_64-mingw32/bin/../lib/gcc/nios2-elf/5.3.0/../../../../../H-x86_64-mingw32/nios2-elf/lib\libc.a(lib_a-mprec.o)
                0x0000000004046830                __multadd
 .text.__s2b    0x0000000004046950      0x104 c:/intelfpga_lite/18.1/nios2eds/bin/gnu/h-x86_64-mingw32/bin/../lib/gcc/nios2-elf/5.3.0/../../../../../H-x86_64-mingw32/nios2-elf/lib\libc.a(lib_a-mprec.o)
                0x0000000004046950                __s2b
 .text.__hi0bits
                0x0000000004046a54       0x68 c:/intelfpga_lite/18.1/nios2eds/bin/gnu/h-x86_64-mingw32/bin/../lib/gcc/nios2-elf/5.3.0/../../../../../H-x86_64-mingw32/nios2-elf/lib\libc.a(lib_a-mprec.o)
                0x0000000004046a54                __hi0bits
 .text.__lo0bits
                0x0000000004046abc       0xb0 c:/intelfpga_lite/18.1/nios2eds/bin/gnu/h-x86_64-mingw32/bin/../lib/gcc/nios2-elf/5.3.0/../../../../../H-x86_64-mingw32/nios2-elf/lib\libc.a(lib_a-mprec.o)
                0x0000000004046abc                __lo0bits
 .text.__i2b    0x0000000004046b6c       0x3c c:/intelfpga_lite/18.1/nios2eds/bin/gnu/h-x86_64-mingw32/bin/../lib/gcc/nios2-elf/5.3.0/../../../../../H-x86_64-mingw32/nios2-elf/lib\libc.a(lib_a-mprec.o)
                0x0000000004046b6c                __i2b
 .text.__multiply
                0x0000000004046ba8      0x1f8 c:/intelfpga_lite/18.1/nios2eds/bin/gnu/h-x86_64-mingw32/bin/../lib/gcc/nios2-elf/5.3.0/../../../../../H-x86_64-mingw32/nios2-elf/lib\libc.a(lib_a-mprec.o)
                0x0000000004046ba8                __multiply
 .text.__pow5mult
                0x0000000004046da0      0x140 c:/intelfpga_lite/18.1/nios2eds/bin/gnu/h-x86_64-mingw32/bin/../lib/gcc/nios2-elf/5.3.0/../../../../../H-x86_64-mingw32/nios2-elf/lib\libc.a(lib_a-mprec.o)
                0x0000000004046da0                __pow5mult
 .text.__lshift
                0x0000000004046ee0      0x148 c:/intelfpga_lite/18.1/nios2eds/bin/gnu/h-x86_64-mingw32/bin/../lib/gcc/nios2-elf/5.3.0/../../../../../H-x86_64-mingw32/nios2-elf/lib\libc.a(lib_a-mprec.o)
                0x0000000004046ee0                __lshift
 .text.__mcmp   0x0000000004047028       0x60 c:/intelfpga_lite/18.1/nios2eds/bin/gnu/h-x86_64-mingw32/bin/../lib/gcc/nios2-elf/5.3.0/../../../../../H-x86_64-mingw32/nios2-elf/lib\libc.a(lib_a-mprec.o)
                0x0000000004047028                __mcmp
 .text.__mdiff  0x0000000004047088      0x1fc c:/intelfpga_lite/18.1/nios2eds/bin/gnu/h-x86_64-mingw32/bin/../lib/gcc/nios2-elf/5.3.0/../../../../../H-x86_64-mingw32/nios2-elf/lib\libc.a(lib_a-mprec.o)
                0x0000000004047088                __mdiff
 .text.__ulp    0x0000000004047284       0x64 c:/intelfpga_lite/18.1/nios2eds/bin/gnu/h-x86_64-mingw32/bin/../lib/gcc/nios2-elf/5.3.0/../../../../../H-x86_64-mingw32/nios2-elf/lib\libc.a(lib_a-mprec.o)
                0x0000000004047284                __ulp
 .text.__b2d    0x00000000040472e8      0x10c c:/intelfpga_lite/18.1/nios2eds/bin/gnu/h-x86_64-mingw32/bin/../lib/gcc/nios2-elf/5.3.0/../../../../../H-x86_64-mingw32/nios2-elf/lib\libc.a(lib_a-mprec.o)
                0x00000000040472e8                __b2d
 .text.__d2b    0x00000000040473f4      0x14c c:/intelfpga_lite/18.1/nios2eds/bin/gnu/h-x86_64-mingw32/bin/../lib/gcc/nios2-elf/5.3.0/../../../../../H-x86_64-mingw32/nios2-elf/lib\libc.a(lib_a-mprec.o)
                0x00000000040473f4                __d2b
 .text.__ratio  0x0000000004047540       0xa4 c:/intelfpga_lite/18.1/nios2eds/bin/gnu/h-x86_64-mingw32/bin/../lib/gcc/nios2-elf/5.3.0/../../../../../H-x86_64-mingw32/nios2-elf/lib\libc.a(lib_a-mprec.o)
                0x0000000004047540                __ratio
 .text._mprec_log10
                0x00000000040475e4       0x74 c:/intelfpga_lite/18.1/nios2eds/bin/gnu/h-x86_64-mingw32/bin/../lib/gcc/nios2-elf/5.3.0/../../../../../H-x86_64-mingw32/nios2-elf/lib\libc.a(lib_a-mprec.o)
                0x00000000040475e4                _mprec_log10
 .text.__copybits
                0x0000000004047658       0x78 c:/intelfpga_lite/18.1/nios2eds/bin/gnu/h-x86_64-mingw32/bin/../lib/gcc/nios2-elf/5.3.0/../../../../../H-x86_64-mingw32/nios2-elf/lib\libc.a(lib_a-mprec.o)
                0x0000000004047658                __copybits
 .text.__any_on
                0x00000000040476d0       0x8c c:/intelfpga_lite/18.1/nios2eds/bin/gnu/h-x86_64-mingw32/bin/../lib/gcc/nios2-elf/5.3.0/../../../../../H-x86_64-mingw32/nios2-elf/lib\libc.a(lib_a-mprec.o)
                0x00000000040476d0                __any_on
 .text          0x000000000404775c        0x0 c:/intelfpga_lite/18.1/nios2eds/bin/gnu/h-x86_64-mingw32/bin/../lib/gcc/nios2-elf/5.3.0/../../../../../H-x86_64-mingw32/nios2-elf/lib\libc.a(lib_a-reallocr.o)
 .text._realloc_r
                0x000000000404775c      0x564 c:/intelfpga_lite/18.1/nios2eds/bin/gnu/h-x86_64-mingw32/bin/../lib/gcc/nios2-elf/5.3.0/../../../../../H-x86_64-mingw32/nios2-elf/lib\libc.a(lib_a-reallocr.o)
                0x000000000404775c                _realloc_r
 .text          0x0000000004047cc0        0x0 c:/intelfpga_lite/18.1/nios2eds/bin/gnu/h-x86_64-mingw32/bin/../lib/gcc/nios2-elf/5.3.0/../../../../../H-x86_64-mingw32/nios2-elf/lib\libc.a(lib_a-s_fpclassify.o)
 .text.__fpclassifyd
                0x0000000004047cc0       0x74 c:/intelfpga_lite/18.1/nios2eds/bin/gnu/h-x86_64-mingw32/bin/../lib/gcc/nios2-elf/5.3.0/../../../../../H-x86_64-mingw32/nios2-elf/lib\libc.a(lib_a-s_fpclassify.o)
                0x0000000004047cc0                __fpclassifyd
 .text          0x0000000004047d34        0x0 c:/intelfpga_lite/18.1/nios2eds/bin/gnu/h-x86_64-mingw32/bin/../lib/gcc/nios2-elf/5.3.0/../../../../../H-x86_64-mingw32/nios2-elf/lib\libc.a(lib_a-sbrkr.o)
 .text._sbrk_r  0x0000000004047d34       0x54 c:/intelfpga_lite/18.1/nios2eds/bin/gnu/h-x86_64-mingw32/bin/../lib/gcc/nios2-elf/5.3.0/../../../../../H-x86_64-mingw32/nios2-elf/lib\libc.a(lib_a-sbrkr.o)
                0x0000000004047d34                _sbrk_r
 .text          0x0000000004047d88        0x0 c:/intelfpga_lite/18.1/nios2eds/bin/gnu/h-x86_64-mingw32/bin/../lib/gcc/nios2-elf/5.3.0/../../../../../H-x86_64-mingw32/nios2-elf/lib\libc.a(lib_a-stdio.o)
 .text.__sread  0x0000000004047d88       0x54 c:/intelfpga_lite/18.1/nios2eds/bin/gnu/h-x86_64-mingw32/bin/../lib/gcc/nios2-elf/5.3.0/../../../../../H-x86_64-mingw32/nios2-elf/lib\libc.a(lib_a-stdio.o)
                0x0000000004047d88                __sread
 .text.__seofread
                0x0000000004047ddc        0x8 c:/intelfpga_lite/18.1/nios2eds/bin/gnu/h-x86_64-mingw32/bin/../lib/gcc/nios2-elf/5.3.0/../../../../../H-x86_64-mingw32/nios2-elf/lib\libc.a(lib_a-stdio.o)
                0x0000000004047ddc                __seofread
 .text.__swrite
                0x0000000004047de4       0x7c c:/intelfpga_lite/18.1/nios2eds/bin/gnu/h-x86_64-mingw32/bin/../lib/gcc/nios2-elf/5.3.0/../../../../../H-x86_64-mingw32/nios2-elf/lib\libc.a(lib_a-stdio.o)
                0x0000000004047de4                __swrite
 .text.__sseek  0x0000000004047e60       0x5c c:/intelfpga_lite/18.1/nios2eds/bin/gnu/h-x86_64-mingw32/bin/../lib/gcc/nios2-elf/5.3.0/../../../../../H-x86_64-mingw32/nios2-elf/lib\libc.a(lib_a-stdio.o)
                0x0000000004047e60                __sseek
 .text.__sclose
                0x0000000004047ebc        0x8 c:/intelfpga_lite/18.1/nios2eds/bin/gnu/h-x86_64-mingw32/bin/../lib/gcc/nios2-elf/5.3.0/../../../../../H-x86_64-mingw32/nios2-elf/lib\libc.a(lib_a-stdio.o)
                0x0000000004047ebc                __sclose
 .text          0x0000000004047ec4        0x0 c:/intelfpga_lite/18.1/nios2eds/bin/gnu/h-x86_64-mingw32/bin/../lib/gcc/nios2-elf/5.3.0/../../../../../H-x86_64-mingw32/nios2-elf/lib\libc.a(lib_a-strcmp.o)
 .text.strcmp   0x0000000004047ec4       0xdc c:/intelfpga_lite/18.1/nios2eds/bin/gnu/h-x86_64-mingw32/bin/../lib/gcc/nios2-elf/5.3.0/../../../../../H-x86_64-mingw32/nios2-elf/lib\libc.a(lib_a-strcmp.o)
                0x0000000004047ec4                strcmp
 .text          0x0000000004047fa0        0x0 c:/intelfpga_lite/18.1/nios2eds/bin/gnu/h-x86_64-mingw32/bin/../lib/gcc/nios2-elf/5.3.0/../../../../../H-x86_64-mingw32/nios2-elf/lib\libc.a(lib_a-vfiprintf.o)
 .text.__sprint_r.part.0
                0x0000000004047fa0       0xfc c:/intelfpga_lite/18.1/nios2eds/bin/gnu/h-x86_64-mingw32/bin/../lib/gcc/nios2-elf/5.3.0/../../../../../H-x86_64-mingw32/nios2-elf/lib\libc.a(lib_a-vfiprintf.o)
 .text.__sprint_r
                0x000000000404809c       0x18 c:/intelfpga_lite/18.1/nios2eds/bin/gnu/h-x86_64-mingw32/bin/../lib/gcc/nios2-elf/5.3.0/../../../../../H-x86_64-mingw32/nios2-elf/lib\libc.a(lib_a-vfiprintf.o)
                0x000000000404809c                __sprint_r
 .text.___vfiprintf_internal_r
                0x00000000040480b4     0x145c c:/intelfpga_lite/18.1/nios2eds/bin/gnu/h-x86_64-mingw32/bin/../lib/gcc/nios2-elf/5.3.0/../../../../../H-x86_64-mingw32/nios2-elf/lib\libc.a(lib_a-vfiprintf.o)
                0x00000000040480b4                ___vfiprintf_internal_r
 .text.__vfiprintf_internal
                0x0000000004049510       0x1c c:/intelfpga_lite/18.1/nios2eds/bin/gnu/h-x86_64-mingw32/bin/../lib/gcc/nios2-elf/5.3.0/../../../../../H-x86_64-mingw32/nios2-elf/lib\libc.a(lib_a-vfiprintf.o)
                0x0000000004049510                __vfiprintf_internal
 .text.__sbprintf
                0x000000000404952c       0xbc c:/intelfpga_lite/18.1/nios2eds/bin/gnu/h-x86_64-mingw32/bin/../lib/gcc/nios2-elf/5.3.0/../../../../../H-x86_64-mingw32/nios2-elf/lib\libc.a(lib_a-vfiprintf.o)
 .text          0x00000000040495e8        0x0 c:/intelfpga_lite/18.1/nios2eds/bin/gnu/h-x86_64-mingw32/bin/../lib/gcc/nios2-elf/5.3.0/../../../../../H-x86_64-mingw32/nios2-elf/lib\libc.a(lib_a-writer.o)
 .text._write_r
                0x00000000040495e8       0x60 c:/intelfpga_lite/18.1/nios2eds/bin/gnu/h-x86_64-mingw32/bin/../lib/gcc/nios2-elf/5.3.0/../../../../../H-x86_64-mingw32/nios2-elf/lib\libc.a(lib_a-writer.o)
                0x00000000040495e8                _write_r
 .text          0x0000000004049648        0x0 c:/intelfpga_lite/18.1/nios2eds/bin/gnu/h-x86_64-mingw32/bin/../lib/gcc/nios2-elf/5.3.0/../../../../../H-x86_64-mingw32/nios2-elf/lib\libc.a(closer.o)
 .text._close_r
                0x0000000004049648       0x54 c:/intelfpga_lite/18.1/nios2eds/bin/gnu/h-x86_64-mingw32/bin/../lib/gcc/nios2-elf/5.3.0/../../../../../H-x86_64-mingw32/nios2-elf/lib\libc.a(closer.o)
                0x0000000004049648                _close_r
 .text          0x000000000404969c        0x0 c:/intelfpga_lite/18.1/nios2eds/bin/gnu/h-x86_64-mingw32/bin/../lib/gcc/nios2-elf/5.3.0/../../../../../H-x86_64-mingw32/nios2-elf/lib\libc.a(lib_a-callocr.o)
 .text._calloc_r
                0x000000000404969c       0xc4 c:/intelfpga_lite/18.1/nios2eds/bin/gnu/h-x86_64-mingw32/bin/../lib/gcc/nios2-elf/5.3.0/../../../../../H-x86_64-mingw32/nios2-elf/lib\libc.a(lib_a-callocr.o)
                0x000000000404969c                _calloc_r
 .text          0x0000000004049760        0x0 c:/intelfpga_lite/18.1/nios2eds/bin/gnu/h-x86_64-mingw32/bin/../lib/gcc/nios2-elf/5.3.0/../../../../../H-x86_64-mingw32/nios2-elf/lib\libc.a(lib_a-fclose.o)
 .text._fclose_r
                0x0000000004049760       0xf0 c:/intelfpga_lite/18.1/nios2eds/bin/gnu/h-x86_64-mingw32/bin/../lib/gcc/nios2-elf/5.3.0/../../../../../H-x86_64-mingw32/nios2-elf/lib\libc.a(lib_a-fclose.o)
                0x0000000004049760                _fclose_r
 .text.fclose   0x0000000004049850       0x14 c:/intelfpga_lite/18.1/nios2eds/bin/gnu/h-x86_64-mingw32/bin/../lib/gcc/nios2-elf/5.3.0/../../../../../H-x86_64-mingw32/nios2-elf/lib\libc.a(lib_a-fclose.o)
                0x0000000004049850                fclose
 .text          0x0000000004049864        0x0 c:/intelfpga_lite/18.1/nios2eds/bin/gnu/h-x86_64-mingw32/bin/../lib/gcc/nios2-elf/5.3.0/../../../../../H-x86_64-mingw32/nios2-elf/lib\libc.a(lib_a-fputwc.o)
 .text.__fputwc
                0x0000000004049864      0x164 c:/intelfpga_lite/18.1/nios2eds/bin/gnu/h-x86_64-mingw32/bin/../lib/gcc/nios2-elf/5.3.0/../../../../../H-x86_64-mingw32/nios2-elf/lib\libc.a(lib_a-fputwc.o)
                0x0000000004049864                __fputwc
 .text._fputwc_r
                0x00000000040499c8       0x24 c:/intelfpga_lite/18.1/nios2eds/bin/gnu/h-x86_64-mingw32/bin/../lib/gcc/nios2-elf/5.3.0/../../../../../H-x86_64-mingw32/nios2-elf/lib\libc.a(lib_a-fputwc.o)
                0x00000000040499c8                _fputwc_r
 .text.fputwc   0x00000000040499ec       0x80 c:/intelfpga_lite/18.1/nios2eds/bin/gnu/h-x86_64-mingw32/bin/../lib/gcc/nios2-elf/5.3.0/../../../../../H-x86_64-mingw32/nios2-elf/lib\libc.a(lib_a-fputwc.o)
                0x00000000040499ec                fputwc
 .text          0x0000000004049a6c        0x0 c:/intelfpga_lite/18.1/nios2eds/bin/gnu/h-x86_64-mingw32/bin/../lib/gcc/nios2-elf/5.3.0/../../../../../H-x86_64-mingw32/nios2-elf/lib\libc.a(lib_a-fstatr.o)
 .text._fstat_r
                0x0000000004049a6c       0x5c c:/intelfpga_lite/18.1/nios2eds/bin/gnu/h-x86_64-mingw32/bin/../lib/gcc/nios2-elf/5.3.0/../../../../../H-x86_64-mingw32/nios2-elf/lib\libc.a(lib_a-fstatr.o)
                0x0000000004049a6c                _fstat_r
 .text          0x0000000004049ac8        0x0 c:/intelfpga_lite/18.1/nios2eds/bin/gnu/h-x86_64-mingw32/bin/../lib/gcc/nios2-elf/5.3.0/../../../../../H-x86_64-mingw32/nios2-elf/lib\libc.a(lib_a-int_errno.o)
 .text          0x0000000004049ac8        0x0 c:/intelfpga_lite/18.1/nios2eds/bin/gnu/h-x86_64-mingw32/bin/../lib/gcc/nios2-elf/5.3.0/../../../../../H-x86_64-mingw32/nios2-elf/lib\libc.a(lib_a-isattyr.o)
 .text._isatty_r
                0x0000000004049ac8       0x54 c:/intelfpga_lite/18.1/nios2eds/bin/gnu/h-x86_64-mingw32/bin/../lib/gcc/nios2-elf/5.3.0/../../../../../H-x86_64-mingw32/nios2-elf/lib\libc.a(lib_a-isattyr.o)
                0x0000000004049ac8                _isatty_r
 .text          0x0000000004049b1c        0x0 c:/intelfpga_lite/18.1/nios2eds/bin/gnu/h-x86_64-mingw32/bin/../lib/gcc/nios2-elf/5.3.0/../../../../../H-x86_64-mingw32/nios2-elf/lib\libc.a(lib_a-lseekr.o)
 .text._lseek_r
                0x0000000004049b1c       0x60 c:/intelfpga_lite/18.1/nios2eds/bin/gnu/h-x86_64-mingw32/bin/../lib/gcc/nios2-elf/5.3.0/../../../../../H-x86_64-mingw32/nios2-elf/lib\libc.a(lib_a-lseekr.o)
                0x0000000004049b1c                _lseek_r
 .text          0x0000000004049b7c        0x0 c:/intelfpga_lite/18.1/nios2eds/bin/gnu/h-x86_64-mingw32/bin/../lib/gcc/nios2-elf/5.3.0/../../../../../H-x86_64-mingw32/nios2-elf/lib\libc.a(lib_a-readr.o)
 .text._read_r  0x0000000004049b7c       0x60 c:/intelfpga_lite/18.1/nios2eds/bin/gnu/h-x86_64-mingw32/bin/../lib/gcc/nios2-elf/5.3.0/../../../../../H-x86_64-mingw32/nios2-elf/lib\libc.a(lib_a-readr.o)
                0x0000000004049b7c                _read_r
 .text          0x0000000004049bdc        0x0 c:/intelfpga_lite/18.1/nios2eds/bin/gnu/h-x86_64-mingw32/bin/../lib/gcc/nios2-elf/5.3.0/../../../../../H-x86_64-mingw32/nios2-elf/lib\libc.a(lib_a-wbuf.o)
 .text.__swbuf_r
                0x0000000004049bdc      0x140 c:/intelfpga_lite/18.1/nios2eds/bin/gnu/h-x86_64-mingw32/bin/../lib/gcc/nios2-elf/5.3.0/../../../../../H-x86_64-mingw32/nios2-elf/lib\libc.a(lib_a-wbuf.o)
                0x0000000004049bdc                __swbuf_r
 .text.__swbuf  0x0000000004049d1c       0x18 c:/intelfpga_lite/18.1/nios2eds/bin/gnu/h-x86_64-mingw32/bin/../lib/gcc/nios2-elf/5.3.0/../../../../../H-x86_64-mingw32/nios2-elf/lib\libc.a(lib_a-wbuf.o)
                0x0000000004049d1c                __swbuf
 .text          0x0000000004049d34        0x0 c:/intelfpga_lite/18.1/nios2eds/bin/gnu/h-x86_64-mingw32/bin/../lib/gcc/nios2-elf/5.3.0/../../../../../H-x86_64-mingw32/nios2-elf/lib\libc.a(lib_a-wcrtomb.o)
 .text._wcrtomb_r
                0x0000000004049d34       0x9c c:/intelfpga_lite/18.1/nios2eds/bin/gnu/h-x86_64-mingw32/bin/../lib/gcc/nios2-elf/5.3.0/../../../../../H-x86_64-mingw32/nios2-elf/lib\libc.a(lib_a-wcrtomb.o)
                0x0000000004049d34                _wcrtomb_r
 .text.wcrtomb  0x0000000004049dd0       0xc0 c:/intelfpga_lite/18.1/nios2eds/bin/gnu/h-x86_64-mingw32/bin/../lib/gcc/nios2-elf/5.3.0/../../../../../H-x86_64-mingw32/nios2-elf/lib\libc.a(lib_a-wcrtomb.o)
                0x0000000004049dd0                wcrtomb
 .text          0x0000000004049e90        0x0 c:/intelfpga_lite/18.1/nios2eds/bin/gnu/h-x86_64-mingw32/bin/../lib/gcc/nios2-elf/5.3.0/../../../../../H-x86_64-mingw32/nios2-elf/lib\libc.a(lib_a-wctomb_r.o)
 .text.__ascii_wctomb
                0x0000000004049e90       0x30 c:/intelfpga_lite/18.1/nios2eds/bin/gnu/h-x86_64-mingw32/bin/../lib/gcc/nios2-elf/5.3.0/../../../../../H-x86_64-mingw32/nios2-elf/lib\libc.a(lib_a-wctomb_r.o)
                0x0000000004049e90                __ascii_wctomb
 .text._wctomb_r
                0x0000000004049ec0       0x5c c:/intelfpga_lite/18.1/nios2eds/bin/gnu/h-x86_64-mingw32/bin/../lib/gcc/nios2-elf/5.3.0/../../../../../H-x86_64-mingw32/nios2-elf/lib\libc.a(lib_a-wctomb_r.o)
                0x0000000004049ec0                _wctomb_r
 .text          0x0000000004049f1c      0x578 c:/intelfpga_lite/18.1/nios2eds/bin/gnu/h-x86_64-mingw32/bin/../lib/gcc/nios2-elf/5.3.0\libgcc.a(_udivdi3.o)
                0x0000000004049f1c                __udivdi3
 .text          0x000000000404a494      0x538 c:/intelfpga_lite/18.1/nios2eds/bin/gnu/h-x86_64-mingw32/bin/../lib/gcc/nios2-elf/5.3.0\libgcc.a(_umoddi3.o)
                0x000000000404a494                __umoddi3
 .text          0x000000000404a9cc      0x1b4 c:/intelfpga_lite/18.1/nios2eds/bin/gnu/h-x86_64-mingw32/bin/../lib/gcc/nios2-elf/5.3.0\libgcc.a(lib2-divmod.o)
                0x000000000404a9cc                __divsi3
                0x000000000404aa50                __modsi3
                0x000000000404aac4                __udivsi3
                0x000000000404ab28                __umodsi3
 .text          0x000000000404ab80      0x8ac c:/intelfpga_lite/18.1/nios2eds/bin/gnu/h-x86_64-mingw32/bin/../lib/gcc/nios2-elf/5.3.0\libgcc.a(adddf3.o)
                0x000000000404ab80                __adddf3
 .text          0x000000000404b42c      0x8e8 c:/intelfpga_lite/18.1/nios2eds/bin/gnu/h-x86_64-mingw32/bin/../lib/gcc/nios2-elf/5.3.0\libgcc.a(divdf3.o)
                0x000000000404b42c                __divdf3
 .text          0x000000000404bd14       0x88 c:/intelfpga_lite/18.1/nios2eds/bin/gnu/h-x86_64-mingw32/bin/../lib/gcc/nios2-elf/5.3.0\libgcc.a(eqdf2.o)
                0x000000000404bd14                __nedf2
                0x000000000404bd14                __eqdf2
 .text          0x000000000404bd9c       0xdc c:/intelfpga_lite/18.1/nios2eds/bin/gnu/h-x86_64-mingw32/bin/../lib/gcc/nios2-elf/5.3.0\libgcc.a(gedf2.o)
                0x000000000404bd9c                __gedf2
                0x000000000404bd9c                __gtdf2
 .text          0x000000000404be78       0xf4 c:/intelfpga_lite/18.1/nios2eds/bin/gnu/h-x86_64-mingw32/bin/../lib/gcc/nios2-elf/5.3.0\libgcc.a(ledf2.o)
                0x000000000404be78                __ledf2
                0x000000000404be78                __ltdf2
 .text          0x000000000404bf6c      0x718 c:/intelfpga_lite/18.1/nios2eds/bin/gnu/h-x86_64-mingw32/bin/../lib/gcc/nios2-elf/5.3.0\libgcc.a(muldf3.o)
                0x000000000404bf6c                __muldf3
 .text          0x000000000404c684      0x8fc c:/intelfpga_lite/18.1/nios2eds/bin/gnu/h-x86_64-mingw32/bin/../lib/gcc/nios2-elf/5.3.0\libgcc.a(subdf3.o)
                0x000000000404c684                __subdf3
 .text          0x000000000404cf80       0x80 c:/intelfpga_lite/18.1/nios2eds/bin/gnu/h-x86_64-mingw32/bin/../lib/gcc/nios2-elf/5.3.0\libgcc.a(fixdfsi.o)
                0x000000000404cf80                __fixdfsi
 .text          0x000000000404d000       0xdc c:/intelfpga_lite/18.1/nios2eds/bin/gnu/h-x86_64-mingw32/bin/../lib/gcc/nios2-elf/5.3.0\libgcc.a(floatsidf.o)
                0x000000000404d000                __floatsidf
 .text          0x000000000404d0dc       0xa8 c:/intelfpga_lite/18.1/nios2eds/bin/gnu/h-x86_64-mingw32/bin/../lib/gcc/nios2-elf/5.3.0\libgcc.a(floatunsidf.o)
                0x000000000404d0dc                __floatunsidf
 .text          0x000000000404d184        0x0 c:/intelfpga_lite/18.1/nios2eds/bin/gnu/h-x86_64-mingw32/bin/../lib/gcc/nios2-elf/5.3.0\libgcc.a(_clz.o)
 .text          0x000000000404d184       0x64 c:/intelfpga_lite/18.1/nios2eds/bin/gnu/h-x86_64-mingw32/bin/../lib/gcc/nios2-elf/5.3.0\libgcc.a(_clzsi2.o)
                0x000000000404d184                __clzsi2
 .text          0x000000000404d1e8      0x10c ../milestone2_bsp/\libucosii_bsp.a(alt_close.o)
                0x000000000404d224                close
 .text          0x000000000404d2f4       0x2c ../milestone2_bsp/\libucosii_bsp.a(alt_dev.o)
 .text          0x000000000404d320        0x0 ../milestone2_bsp/\libucosii_bsp.a(alt_errno.o)
 .text          0x000000000404d320       0xec ../milestone2_bsp/\libucosii_bsp.a(alt_fstat.o)
                0x000000000404d35c                fstat
 .text          0x000000000404d40c      0x1b0 ../milestone2_bsp/\libucosii_bsp.a(alt_iic.o)
                0x000000000404d40c                alt_ic_isr_register
                0x000000000404d45c                alt_ic_irq_enable
                0x000000000404d4e4                alt_ic_irq_disable
                0x000000000404d570                alt_ic_irq_enabled
 .text          0x000000000404d5bc       0xf0 ../milestone2_bsp/\libucosii_bsp.a(alt_iic_isr_register.o)
                0x000000000404d5bc                alt_iic_isr_register
 .text          0x000000000404d6ac        0x0 ../milestone2_bsp/\libucosii_bsp.a(alt_irq_entry.o)
 .text          0x000000000404d6ac        0x0 ../milestone2_bsp/\libucosii_bsp.a(alt_irq_handler.o)
 .text          0x000000000404d6ac        0x0 ../milestone2_bsp/\libucosii_bsp.a(alt_irq_vars.o)
 .text          0x000000000404d6ac       0xe0 ../milestone2_bsp/\libucosii_bsp.a(alt_isatty.o)
                0x000000000404d6e8                isatty
 .text          0x000000000404d78c       0xec ../milestone2_bsp/\libucosii_bsp.a(alt_load.o)
                0x000000000404d7f4                alt_load
 .text          0x000000000404d878      0x110 ../milestone2_bsp/\libucosii_bsp.a(alt_lseek.o)
                0x000000000404d8b4                lseek
 .text          0x000000000404d988       0xbc ../milestone2_bsp/\libucosii_bsp.a(alt_main.o)
                0x000000000404d988                alt_main
 .text          0x000000000404da44      0x138 ../milestone2_bsp/\libucosii_bsp.a(alt_read.o)
                0x000000000404da80                read
 .text          0x000000000404db7c       0x64 ../milestone2_bsp/\libucosii_bsp.a(alt_release_fd.o)
                0x000000000404db7c                alt_release_fd
 .text          0x000000000404dbe0       0xb0 ../milestone2_bsp/\libucosii_bsp.a(alt_sbrk.o)
                0x000000000404dbe0                sbrk
 .text          0x000000000404dc90      0x134 ../milestone2_bsp/\libucosii_bsp.a(alt_write.o)
                0x000000000404dccc                write
 .text          0x000000000404ddc4      0x124 ../milestone2_bsp/\libucosii_bsp.a(alt_env_lock.o)
                0x000000000404ddc4                __env_lock
                0x000000000404de88                __env_unlock
 .text          0x000000000404dee8      0x1ec ../milestone2_bsp/\libucosii_bsp.a(alt_malloc_lock.o)
                0x000000000404dee8                __malloc_lock
                0x000000000404e008                __malloc_unlock
 .text          0x000000000404e0d4     0x2014 ../milestone2_bsp/\libucosii_bsp.a(os_core.o)
                0x000000000404e0d4                OSEventNameGet
                0x000000000404e1f4                OSEventNameSet
                0x000000000404e334                OSEventPendMulti
                0x000000000404e944                OSInit
                0x000000000404e99c                OSIntEnter
                0x000000000404e9e8                OSIntExit
                0x000000000404eae0                OSSchedLock
                0x000000000404eb6c                OSSchedUnlock
                0x000000000404ec48                OSStart
                0x000000000404ecb8                OSStatInit
                0x000000000404ed68                OSTimeTick
                0x000000000404ef88                OSVersion
                0x000000000404efa8                OS_Dummy
                0x000000000404efc8                OS_EventTaskRdy
                0x000000000404f160                OS_EventTaskWait
                0x000000000404f270                OS_EventTaskWaitMulti
                0x000000000404f3c0                OS_EventTaskRemove
                0x000000000404f478                OS_EventTaskRemoveMulti
                0x000000000404f578                OS_EventWaitListInit
                0x000000000404f958                OS_MemClr
                0x000000000404f9ac                OS_MemCopy
                0x000000000404fa14                OS_Sched
                0x000000000404fb58                OS_StrCopy
                0x000000000404fbcc                OS_StrLen
                0x000000000404fc20                OS_TaskIdle
                0x000000000404fc7c                OS_TaskStat
                0x000000000404fd48                OS_TaskStatStkChk
                0x000000000404fe14                OS_TCBInit
 .text          0x00000000040500e8      0x190 ../milestone2_bsp/\libucosii_bsp.a(os_dbg.o)
                0x00000000040500e8                OSDebugInit
 .text          0x0000000004050278     0x1714 ../milestone2_bsp/\libucosii_bsp.a(os_flag.o)
                0x0000000004050278                OSFlagAccept
                0x0000000004050580                OSFlagCreate
                0x0000000004050688                OSFlagDel
                0x00000000040508d0                OSFlagNameGet
                0x00000000040509f8                OSFlagNameSet
                0x0000000004050b44                OSFlagPend
                0x00000000040510fc                OSFlagPendGetFlagsRdy
                0x000000000405115c                OSFlagPost
                0x00000000040514f0                OSFlagQuery
                0x0000000004051714                OS_FlagInit
                0x00000000040518e8                OS_FlagUnlink
 .text          0x000000000405198c      0x754 ../milestone2_bsp/\libucosii_bsp.a(os_mem.o)
                0x000000000405198c                OSMemCreate
                0x0000000004051b60                OSMemGet
                0x0000000004051c50                OSMemNameGet
                0x0000000004051d40                OSMemNameSet
                0x0000000004051e54                OSMemPut
                0x0000000004051f2c                OSMemQuery
                0x0000000004052014                OS_MemInit
 .text          0x00000000040520e0     0x1104 ../milestone2_bsp/\libucosii_bsp.a(os_q.o)
                0x00000000040520e0                OSQAccept
                0x0000000004052220                OSQCreate
                0x00000000040523cc                OSQDel
                0x000000000405264c                OSQFlush
                0x0000000004052704                OSQPend
                0x0000000004052990                OSQPendAbort
                0x0000000004052afc                OSQPost
                0x0000000004052c64                OSQPostFront
                0x0000000004052dd4                OSQPostOpt
                0x0000000004052fe0                OSQQuery
                0x000000000405313c                OS_QInit
 .text          0x00000000040531e4      0xa60 ../milestone2_bsp/\libucosii_bsp.a(os_sem.o)
                0x00000000040531e4                OSSemAccept
                0x0000000004053294                OSSemCreate
                0x000000000405336c                OSSemDel
                0x00000000040535ac                OSSemPend
                0x00000000040537b8                OSSemPendAbort
                0x0000000004053924                OSSemPost
                0x0000000004053a34                OSSemQuery
                0x0000000004053b44                OSSemSet
 .text          0x0000000004053c44     0x176c ../milestone2_bsp/\libucosii_bsp.a(os_task.o)
                0x0000000004053c44                OSTaskChangePrio
                0x0000000004054134                OSTaskCreate
                0x00000000040542e0                OSTaskCreateExt
                0x00000000040544c4                OSTaskDel
                0x0000000004054808                OSTaskDelReq
                0x0000000004054958                OSTaskNameGet
                0x0000000004054af0                OSTaskNameSet
                0x0000000004054ca4                OSTaskResume
                0x0000000004054e78                OSTaskStkChk
                0x0000000004055038                OSTaskSuspend
                0x000000000405521c                OSTaskQuery
                0x0000000004055340                OS_TaskStkClr
 .text          0x00000000040553b0      0x4e8 ../milestone2_bsp/\libucosii_bsp.a(os_time.o)
                0x00000000040553b0                OSTimeDly
                0x00000000040554b4                OSTimeDlyHMSM
                0x0000000004055608                OSTimeDlyResume
                0x00000000040557dc                OSTimeGet
                0x0000000004055838                OSTimeSet
 .text          0x0000000004055898       0xcc ../milestone2_bsp/\libucosii_bsp.a(alt_sys_init.o)
                0x00000000040558cc                alt_irq_init
                0x0000000004055904                alt_sys_init
 .text          0x0000000004055964      0x164 ../milestone2_bsp/\libucosii_bsp.a(altera_avalon_jtag_uart_fd.o)
                0x0000000004055964                altera_avalon_jtag_uart_read_fd
                0x00000000040559c4                altera_avalon_jtag_uart_write_fd
                0x0000000004055a24                altera_avalon_jtag_uart_close_fd
                0x0000000004055a74                altera_avalon_jtag_uart_ioctl_fd
 .text          0x0000000004055ac8      0x558 ../milestone2_bsp/\libucosii_bsp.a(altera_avalon_jtag_uart_init.o)
                0x0000000004055ac8                altera_avalon_jtag_uart_init
                0x0000000004055fb8                altera_avalon_jtag_uart_close
 .text          0x0000000004056020       0xf0 ../milestone2_bsp/\libucosii_bsp.a(altera_avalon_jtag_uart_ioctl.o)
                0x0000000004056020                altera_avalon_jtag_uart_ioctl
 .text          0x0000000004056110      0x2bc ../milestone2_bsp/\libucosii_bsp.a(altera_avalon_jtag_uart_read.o)
                0x0000000004056110                altera_avalon_jtag_uart_read
 .text          0x00000000040563cc      0x2c4 ../milestone2_bsp/\libucosii_bsp.a(altera_avalon_jtag_uart_write.o)
                0x00000000040563cc                altera_avalon_jtag_uart_write
 .text          0x0000000004056690       0xf4 ../milestone2_bsp/\libucosii_bsp.a(altera_avalon_timer_sc.o)
                0x0000000004056708                alt_avalon_timer_sc_init
 .text          0x0000000004056784      0x12c ../milestone2_bsp/\libucosii_bsp.a(alt_alarm_start.o)
                0x0000000004056784                alt_alarm_start
 .text          0x00000000040568b0       0x48 ../milestone2_bsp/\libucosii_bsp.a(alt_dcache_flush_all.o)
                0x00000000040568b0                alt_dcache_flush_all
 .text          0x00000000040568f8       0xe0 ../milestone2_bsp/\libucosii_bsp.a(alt_dev_llist_insert.o)
                0x0000000004056934                alt_dev_llist_insert
 .text          0x00000000040569d8       0x60 ../milestone2_bsp/\libucosii_bsp.a(alt_do_ctors.o)
                0x00000000040569d8                _do_ctors
 .text          0x0000000004056a38       0x60 ../milestone2_bsp/\libucosii_bsp.a(alt_do_dtors.o)
                0x0000000004056a38                _do_dtors
 .text          0x0000000004056a98        0x0 ../milestone2_bsp/\libucosii_bsp.a(alt_exception_entry.o)
 .text          0x0000000004056a98       0x34 ../milestone2_bsp/\libucosii_bsp.a(alt_icache_flush_all.o)
                0x0000000004056a98                alt_icache_flush_all
 .text          0x0000000004056acc       0x9c ../milestone2_bsp/\libucosii_bsp.a(alt_instruction_exception_entry.o)
                0x0000000004056acc                alt_exception_cause_generated_bad_addr
 .text          0x0000000004056b68      0x140 ../milestone2_bsp/\libucosii_bsp.a(alt_io_redirect.o)
                0x0000000004056c2c                alt_io_redirect
 .text          0x0000000004056ca8      0x254 ../milestone2_bsp/\libucosii_bsp.a(alt_open.o)
                0x0000000004056da8                open
 .text          0x0000000004056efc      0x1a4 ../milestone2_bsp/\libucosii_bsp.a(alt_tick.o)
                0x0000000004056efc                alt_alarm_stop
                0x0000000004056f98                alt_tick
 .text          0x00000000040570a0       0x24 ../milestone2_bsp/\libucosii_bsp.a(altera_nios2_gen2_irq.o)
                0x00000000040570a0                altera_nios2_gen2_irq_init
 .text          0x00000000040570c4       0xd0 ../milestone2_bsp/\libucosii_bsp.a(os_cpu_a.o)
                0x00000000040570c4                OSCtxSw
                0x00000000040570c4                OSIntCtxSw
                0x0000000004057150                OSStartHighRdy
                0x0000000004057170                OSStartTsk
 .text          0x0000000004057194      0x288 ../milestone2_bsp/\libucosii_bsp.a(os_cpu_c.o)
                0x0000000004057194                OSTaskStkInit
                0x00000000040572f0                OSTaskCreateHook
                0x0000000004057314                OSTaskDelHook
                0x0000000004057338                OSTaskSwHook
                0x0000000004057358                OSTaskStatHook
                0x0000000004057378                OSTimeTickHook
                0x0000000004057398                OSInitHookBegin
                0x00000000040573b8                OSInitHookEnd
                0x00000000040573d8                OSTaskIdleHook
                0x00000000040573f8                OSTCBInitHook
 .text          0x000000000405741c       0x90 ../milestone2_bsp/\libucosii_bsp.a(alt_find_dev.o)
                0x000000000405741c                alt_find_dev
 .text          0x00000000040574ac      0x108 ../milestone2_bsp/\libucosii_bsp.a(alt_find_file.o)
                0x00000000040574ac                alt_find_file
 .text          0x00000000040575b4       0xdc ../milestone2_bsp/\libucosii_bsp.a(alt_get_fd.o)
                0x00000000040575b4                alt_get_fd
 .text          0x0000000004057690       0x90 ../milestone2_bsp/\libucosii_bsp.a(alt_icache_flush.o)
                0x0000000004057690                alt_icache_flush
 .text          0x0000000004057720        0x0 c:/intelfpga_lite/18.1/nios2eds/bin/gnu/h-x86_64-mingw32/bin/../lib/gcc/nios2-elf/5.3.0/../../../../../H-x86_64-mingw32/nios2-elf/lib\libc.a(lib_a-atexit.o)
 .text.atexit   0x0000000004057720       0x14 c:/intelfpga_lite/18.1/nios2eds/bin/gnu/h-x86_64-mingw32/bin/../lib/gcc/nios2-elf/5.3.0/../../../../../H-x86_64-mingw32/nios2-elf/lib\libc.a(lib_a-atexit.o)
                0x0000000004057720                atexit
 .text          0x0000000004057734        0x0 c:/intelfpga_lite/18.1/nios2eds/bin/gnu/h-x86_64-mingw32/bin/../lib/gcc/nios2-elf/5.3.0/../../../../../H-x86_64-mingw32/nios2-elf/lib\libc.a(lib_a-exit.o)
 .text.exit     0x0000000004057734       0x38 c:/intelfpga_lite/18.1/nios2eds/bin/gnu/h-x86_64-mingw32/bin/../lib/gcc/nios2-elf/5.3.0/../../../../../H-x86_64-mingw32/nios2-elf/lib\libc.a(lib_a-exit.o)
                0x0000000004057734                exit
 .text          0x000000000405776c        0x0 c:/intelfpga_lite/18.1/nios2eds/bin/gnu/h-x86_64-mingw32/bin/../lib/gcc/nios2-elf/5.3.0/../../../../../H-x86_64-mingw32/nios2-elf/lib\libc.a(lib_a-memcmp.o)
 .text.memcmp   0x000000000405776c       0x7c c:/intelfpga_lite/18.1/nios2eds/bin/gnu/h-x86_64-mingw32/bin/../lib/gcc/nios2-elf/5.3.0/../../../../../H-x86_64-mingw32/nios2-elf/lib\libc.a(lib_a-memcmp.o)
                0x000000000405776c                memcmp
 .text          0x00000000040577e8        0x0 c:/intelfpga_lite/18.1/nios2eds/bin/gnu/h-x86_64-mingw32/bin/../lib/gcc/nios2-elf/5.3.0/../../../../../H-x86_64-mingw32/nios2-elf/lib\libc.a(lib_a-__atexit.o)
 .text.__register_exitproc
                0x00000000040577e8      0x118 c:/intelfpga_lite/18.1/nios2eds/bin/gnu/h-x86_64-mingw32/bin/../lib/gcc/nios2-elf/5.3.0/../../../../../H-x86_64-mingw32/nios2-elf/lib\libc.a(lib_a-__atexit.o)
                0x00000000040577e8                __register_exitproc
 .text          0x0000000004057900        0x0 c:/intelfpga_lite/18.1/nios2eds/bin/gnu/h-x86_64-mingw32/bin/../lib/gcc/nios2-elf/5.3.0/../../../../../H-x86_64-mingw32/nios2-elf/lib\libc.a(lib_a-__call_atexit.o)
 .text.__call_exitprocs
                0x0000000004057900      0x180 c:/intelfpga_lite/18.1/nios2eds/bin/gnu/h-x86_64-mingw32/bin/../lib/gcc/nios2-elf/5.3.0/../../../../../H-x86_64-mingw32/nios2-elf/lib\libc.a(lib_a-__call_atexit.o)
                0x0000000004057900                __call_exitprocs
 .text          0x0000000004057a80       0x34 ../milestone2_bsp/\libucosii_bsp.a(alt_exit.o)
                0x0000000004057a80                _exit
 *(.gnu.warning.*)
 *(.fini)
                [!provide]                        PROVIDE (__etext, ABSOLUTE (.))
                [!provide]                        PROVIDE (_etext, ABSOLUTE (.))
                [!provide]                        PROVIDE (etext, ABSOLUTE (.))
 *(.eh_frame_hdr)
                0x0000000004057ab4                . = ALIGN (0x4)
                [!provide]                        PROVIDE (__preinit_array_start, ABSOLUTE (.))
 *(.preinit_array)
                [!provide]                        PROVIDE (__preinit_array_end, ABSOLUTE (.))
                [!provide]                        PROVIDE (__init_array_start, ABSOLUTE (.))
 *(.init_array)
                [!provide]                        PROVIDE (__init_array_end, ABSOLUTE (.))
                [!provide]                        PROVIDE (__fini_array_start, ABSOLUTE (.))
 *(.fini_array)
                [!provide]                        PROVIDE (__fini_array_end, ABSOLUTE (.))
 *(.eh_frame)
 *(.gcc_except_table .gcc_except_table.*)
 *(.dynamic)
                0x0000000004057ab4                PROVIDE (__CTOR_LIST__, ABSOLUTE (.))
 *(.ctors)
 *(SORT(.ctors.*))
                0x0000000004057ab4                PROVIDE (__CTOR_END__, ABSOLUTE (.))
                0x0000000004057ab4                PROVIDE (__DTOR_LIST__, ABSOLUTE (.))
 *(.dtors)
 *(SORT(.dtors.*))
                0x0000000004057ab4                PROVIDE (__DTOR_END__, ABSOLUTE (.))
 *(.jcr)
                0x0000000004057ab4                . = ALIGN (0x4)

.rodata         0x0000000002000000      0x584 load address 0x0000000004057ab4
                0x0000000002000000                PROVIDE (__ram_rodata_start, ABSOLUTE (.))
                0x0000000002000000                . = ALIGN (0x4)
 *(.rodata .rodata.* .gnu.linkonce.r.*)
 .rodata        0x0000000002000000      0x168 obj/default/milestone2_main.o
 .rodata.str1.4
                0x0000000002000168        0x2 c:/intelfpga_lite/18.1/nios2eds/bin/gnu/h-x86_64-mingw32/bin/../lib/gcc/nios2-elf/5.3.0/../../../../../H-x86_64-mingw32/nios2-elf/lib\libc.a(lib_a-puts.o)
 *fill*         0x000000000200016a        0x2 
 .rodata.str1.4
                0x000000000200016c       0x42 c:/intelfpga_lite/18.1/nios2eds/bin/gnu/h-x86_64-mingw32/bin/../lib/gcc/nios2-elf/5.3.0/../../../../../H-x86_64-mingw32/nios2-elf/lib\libc.a(lib_a-vfprintf.o)
 .rodata.zeroes.4404
                0x00000000020001ae       0x10 c:/intelfpga_lite/18.1/nios2eds/bin/gnu/h-x86_64-mingw32/bin/../lib/gcc/nios2-elf/5.3.0/../../../../../H-x86_64-mingw32/nios2-elf/lib\libc.a(lib_a-vfprintf.o)
 .rodata.blanks.4403
                0x00000000020001be       0x10 c:/intelfpga_lite/18.1/nios2eds/bin/gnu/h-x86_64-mingw32/bin/../lib/gcc/nios2-elf/5.3.0/../../../../../H-x86_64-mingw32/nios2-elf/lib\libc.a(lib_a-vfprintf.o)
 *fill*         0x00000000020001ce        0x2 
 .rodata.str1.4
                0x00000000020001d0       0x10 c:/intelfpga_lite/18.1/nios2eds/bin/gnu/h-x86_64-mingw32/bin/../lib/gcc/nios2-elf/5.3.0/../../../../../H-x86_64-mingw32/nios2-elf/lib\libc.a(lib_a-dtoa.o)
                                         0x12 (size before relaxing)
 .rodata.str1.4
                0x00000000020001e0        0x2 c:/intelfpga_lite/18.1/nios2eds/bin/gnu/h-x86_64-mingw32/bin/../lib/gcc/nios2-elf/5.3.0/../../../../../H-x86_64-mingw32/nios2-elf/lib\libc.a(lib_a-impure.o)
 *fill*         0x00000000020001e2        0x2 
 .rodata.str1.4
                0x00000000020001e4        0xc c:/intelfpga_lite/18.1/nios2eds/bin/gnu/h-x86_64-mingw32/bin/../lib/gcc/nios2-elf/5.3.0/../../../../../H-x86_64-mingw32/nios2-elf/lib\libc.a(lib_a-locale.o)
                                         0x12 (size before relaxing)
 .rodata.p05.2768
                0x00000000020001f0        0xc c:/intelfpga_lite/18.1/nios2eds/bin/gnu/h-x86_64-mingw32/bin/../lib/gcc/nios2-elf/5.3.0/../../../../../H-x86_64-mingw32/nios2-elf/lib\libc.a(lib_a-mprec.o)
 .rodata.__mprec_tinytens
                0x00000000020001fc       0x28 c:/intelfpga_lite/18.1/nios2eds/bin/gnu/h-x86_64-mingw32/bin/../lib/gcc/nios2-elf/5.3.0/../../../../../H-x86_64-mingw32/nios2-elf/lib\libc.a(lib_a-mprec.o)
                0x00000000020001fc                __mprec_tinytens
 .rodata.__mprec_bigtens
                0x0000000002000224       0x28 c:/intelfpga_lite/18.1/nios2eds/bin/gnu/h-x86_64-mingw32/bin/../lib/gcc/nios2-elf/5.3.0/../../../../../H-x86_64-mingw32/nios2-elf/lib\libc.a(lib_a-mprec.o)
                0x0000000002000224                __mprec_bigtens
 .rodata.__mprec_tens
                0x000000000200024c       0xc8 c:/intelfpga_lite/18.1/nios2eds/bin/gnu/h-x86_64-mingw32/bin/../lib/gcc/nios2-elf/5.3.0/../../../../../H-x86_64-mingw32/nios2-elf/lib\libc.a(lib_a-mprec.o)
                0x000000000200024c                __mprec_tens
 .rodata.str1.4
                0x0000000002000314       0x2f c:/intelfpga_lite/18.1/nios2eds/bin/gnu/h-x86_64-mingw32/bin/../lib/gcc/nios2-elf/5.3.0/../../../../../H-x86_64-mingw32/nios2-elf/lib\libc.a(lib_a-vfiprintf.o)
 .rodata.zeroes.4349
                0x0000000002000314       0x10 c:/intelfpga_lite/18.1/nios2eds/bin/gnu/h-x86_64-mingw32/bin/../lib/gcc/nios2-elf/5.3.0/../../../../../H-x86_64-mingw32/nios2-elf/lib\libc.a(lib_a-vfiprintf.o)
 .rodata.blanks.4348
                0x0000000002000324       0x10 c:/intelfpga_lite/18.1/nios2eds/bin/gnu/h-x86_64-mingw32/bin/../lib/gcc/nios2-elf/5.3.0/../../../../../H-x86_64-mingw32/nios2-elf/lib\libc.a(lib_a-vfiprintf.o)
 .rodata        0x0000000002000334      0x100 c:/intelfpga_lite/18.1/nios2eds/bin/gnu/h-x86_64-mingw32/bin/../lib/gcc/nios2-elf/5.3.0\libgcc.a(_clz.o)
                0x0000000002000334                __clz_tab
 .rodata        0x0000000002000434        0xa ../milestone2_bsp/\libucosii_bsp.a(alt_dev.o)
 *fill*         0x000000000200043e        0x2 
 .rodata        0x0000000002000440        0xf ../milestone2_bsp/\libucosii_bsp.a(alt_main.o)
 *fill*         0x000000000200044f        0x1 
 .rodata        0x0000000002000450      0x11e ../milestone2_bsp/\libucosii_bsp.a(os_core.o)
                0x0000000002000450                OSUnMapTbl
 *fill*         0x000000000200056e        0x2 
 .rodata        0x0000000002000570        0xf ../milestone2_bsp/\libucosii_bsp.a(alt_sys_init.o)
 *fill*         0x000000000200057f        0x1 
 .rodata        0x0000000002000580        0x2 ../milestone2_bsp/\libucosii_bsp.a(os_cpu_c.o)
 *(.rodata1)
                0x0000000002000584                . = ALIGN (0x4)
 *fill*         0x0000000002000582        0x2 
                0x0000000002000584                PROVIDE (__ram_rodata_end, ABSOLUTE (.))
                0x0000000004057ab4                PROVIDE (__flash_rodata_start, LOADADDR (.rodata))

.rwdata         0x0000000002000584     0x1b78 load address 0x0000000004058038
                0x0000000002000584                PROVIDE (__ram_rwdata_start, ABSOLUTE (.))
                0x0000000002000584                . = ALIGN (0x4)
 *(.got.plt)
 *(.got)
 *(.data1)
 *(.data .data.* .gnu.linkonce.d.*)
 .data          0x0000000002000584        0x0 ../milestone2_bsp//obj/HAL/src/crt0.o
 .data          0x0000000002000584        0x0 obj/default/milestone2_main.o
 .data          0x0000000002000584        0x0 c:/intelfpga_lite/18.1/nios2eds/bin/gnu/h-x86_64-mingw32/bin/../lib/gcc/nios2-elf/5.3.0/../../../../../H-x86_64-mingw32/nios2-elf/lib\libc.a(lib_a-printf.o)
 .data          0x0000000002000584        0x0 c:/intelfpga_lite/18.1/nios2eds/bin/gnu/h-x86_64-mingw32/bin/../lib/gcc/nios2-elf/5.3.0/../../../../../H-x86_64-mingw32/nios2-elf/lib\libc.a(lib_a-puts.o)
 .data          0x0000000002000584        0x0 c:/intelfpga_lite/18.1/nios2eds/bin/gnu/h-x86_64-mingw32/bin/../lib/gcc/nios2-elf/5.3.0/../../../../../H-x86_64-mingw32/nios2-elf/lib\libc.a(lib_a-strlen.o)
 .data          0x0000000002000584        0x0 c:/intelfpga_lite/18.1/nios2eds/bin/gnu/h-x86_64-mingw32/bin/../lib/gcc/nios2-elf/5.3.0/../../../../../H-x86_64-mingw32/nios2-elf/lib\libc.a(lib_a-vfprintf.o)
 .data          0x0000000002000584        0x0 c:/intelfpga_lite/18.1/nios2eds/bin/gnu/h-x86_64-mingw32/bin/../lib/gcc/nios2-elf/5.3.0/../../../../../H-x86_64-mingw32/nios2-elf/lib\libc.a(lib_a-wsetup.o)
 .data          0x0000000002000584        0x0 c:/intelfpga_lite/18.1/nios2eds/bin/gnu/h-x86_64-mingw32/bin/../lib/gcc/nios2-elf/5.3.0/../../../../../H-x86_64-mingw32/nios2-elf/lib\libc.a(lib_a-dtoa.o)
 .data          0x0000000002000584        0x0 c:/intelfpga_lite/18.1/nios2eds/bin/gnu/h-x86_64-mingw32/bin/../lib/gcc/nios2-elf/5.3.0/../../../../../H-x86_64-mingw32/nios2-elf/lib\libc.a(lib_a-fflush.o)
 .data          0x0000000002000584        0x0 c:/intelfpga_lite/18.1/nios2eds/bin/gnu/h-x86_64-mingw32/bin/../lib/gcc/nios2-elf/5.3.0/../../../../../H-x86_64-mingw32/nios2-elf/lib\libc.a(lib_a-findfp.o)
 .data          0x0000000002000584        0x0 c:/intelfpga_lite/18.1/nios2eds/bin/gnu/h-x86_64-mingw32/bin/../lib/gcc/nios2-elf/5.3.0/../../../../../H-x86_64-mingw32/nios2-elf/lib\libc.a(lib_a-freer.o)
 .data          0x0000000002000584        0x0 c:/intelfpga_lite/18.1/nios2eds/bin/gnu/h-x86_64-mingw32/bin/../lib/gcc/nios2-elf/5.3.0/../../../../../H-x86_64-mingw32/nios2-elf/lib\libc.a(lib_a-fvwrite.o)
 .data          0x0000000002000584        0x0 c:/intelfpga_lite/18.1/nios2eds/bin/gnu/h-x86_64-mingw32/bin/../lib/gcc/nios2-elf/5.3.0/../../../../../H-x86_64-mingw32/nios2-elf/lib\libc.a(lib_a-fwalk.o)
 .data          0x0000000002000584        0x0 c:/intelfpga_lite/18.1/nios2eds/bin/gnu/h-x86_64-mingw32/bin/../lib/gcc/nios2-elf/5.3.0/../../../../../H-x86_64-mingw32/nios2-elf/lib\libc.a(lib_a-impure.o)
 .data.impure_data
                0x0000000002000584      0x424 c:/intelfpga_lite/18.1/nios2eds/bin/gnu/h-x86_64-mingw32/bin/../lib/gcc/nios2-elf/5.3.0/../../../../../H-x86_64-mingw32/nios2-elf/lib\libc.a(lib_a-impure.o)
 .data          0x00000000020009a8        0x0 c:/intelfpga_lite/18.1/nios2eds/bin/gnu/h-x86_64-mingw32/bin/../lib/gcc/nios2-elf/5.3.0/../../../../../H-x86_64-mingw32/nios2-elf/lib\libc.a(lib_a-locale.o)
 .data.lc_message_charset
                0x00000000020009a8       0x20 c:/intelfpga_lite/18.1/nios2eds/bin/gnu/h-x86_64-mingw32/bin/../lib/gcc/nios2-elf/5.3.0/../../../../../H-x86_64-mingw32/nios2-elf/lib\libc.a(lib_a-locale.o)
 .data.lc_ctype_charset
                0x00000000020009c8       0x20 c:/intelfpga_lite/18.1/nios2eds/bin/gnu/h-x86_64-mingw32/bin/../lib/gcc/nios2-elf/5.3.0/../../../../../H-x86_64-mingw32/nios2-elf/lib\libc.a(lib_a-locale.o)
 .data.lconv    0x00000000020009e8       0x38 c:/intelfpga_lite/18.1/nios2eds/bin/gnu/h-x86_64-mingw32/bin/../lib/gcc/nios2-elf/5.3.0/../../../../../H-x86_64-mingw32/nios2-elf/lib\libc.a(lib_a-locale.o)
 .data          0x0000000002000a20        0x0 c:/intelfpga_lite/18.1/nios2eds/bin/gnu/h-x86_64-mingw32/bin/../lib/gcc/nios2-elf/5.3.0/../../../../../H-x86_64-mingw32/nios2-elf/lib\libc.a(lib_a-makebuf.o)
 .data          0x0000000002000a20        0x0 c:/intelfpga_lite/18.1/nios2eds/bin/gnu/h-x86_64-mingw32/bin/../lib/gcc/nios2-elf/5.3.0/../../../../../H-x86_64-mingw32/nios2-elf/lib\libc.a(lib_a-mallocr.o)
 .data.__malloc_av_
                0x0000000002000a20      0x408 c:/intelfpga_lite/18.1/nios2eds/bin/gnu/h-x86_64-mingw32/bin/../lib/gcc/nios2-elf/5.3.0/../../../../../H-x86_64-mingw32/nios2-elf/lib\libc.a(lib_a-mallocr.o)
                0x0000000002000a20                __malloc_av_
 .data          0x0000000002000e28        0x0 c:/intelfpga_lite/18.1/nios2eds/bin/gnu/h-x86_64-mingw32/bin/../lib/gcc/nios2-elf/5.3.0/../../../../../H-x86_64-mingw32/nios2-elf/lib\libc.a(lib_a-memchr.o)
 .data          0x0000000002000e28        0x0 c:/intelfpga_lite/18.1/nios2eds/bin/gnu/h-x86_64-mingw32/bin/../lib/gcc/nios2-elf/5.3.0/../../../../../H-x86_64-mingw32/nios2-elf/lib\libc.a(lib_a-memcpy.o)
 .data          0x0000000002000e28        0x0 c:/intelfpga_lite/18.1/nios2eds/bin/gnu/h-x86_64-mingw32/bin/../lib/gcc/nios2-elf/5.3.0/../../../../../H-x86_64-mingw32/nios2-elf/lib\libc.a(lib_a-memmove.o)
 .data          0x0000000002000e28        0x0 c:/intelfpga_lite/18.1/nios2eds/bin/gnu/h-x86_64-mingw32/bin/../lib/gcc/nios2-elf/5.3.0/../../../../../H-x86_64-mingw32/nios2-elf/lib\libc.a(lib_a-memset.o)
 .data          0x0000000002000e28        0x0 c:/intelfpga_lite/18.1/nios2eds/bin/gnu/h-x86_64-mingw32/bin/../lib/gcc/nios2-elf/5.3.0/../../../../../H-x86_64-mingw32/nios2-elf/lib\libc.a(lib_a-mprec.o)
 .data          0x0000000002000e28        0x0 c:/intelfpga_lite/18.1/nios2eds/bin/gnu/h-x86_64-mingw32/bin/../lib/gcc/nios2-elf/5.3.0/../../../../../H-x86_64-mingw32/nios2-elf/lib\libc.a(lib_a-reallocr.o)
 .data          0x0000000002000e28        0x0 c:/intelfpga_lite/18.1/nios2eds/bin/gnu/h-x86_64-mingw32/bin/../lib/gcc/nios2-elf/5.3.0/../../../../../H-x86_64-mingw32/nios2-elf/lib\libc.a(lib_a-s_fpclassify.o)
 .data          0x0000000002000e28        0x0 c:/intelfpga_lite/18.1/nios2eds/bin/gnu/h-x86_64-mingw32/bin/../lib/gcc/nios2-elf/5.3.0/../../../../../H-x86_64-mingw32/nios2-elf/lib\libc.a(lib_a-sbrkr.o)
 .data          0x0000000002000e28        0x0 c:/intelfpga_lite/18.1/nios2eds/bin/gnu/h-x86_64-mingw32/bin/../lib/gcc/nios2-elf/5.3.0/../../../../../H-x86_64-mingw32/nios2-elf/lib\libc.a(lib_a-stdio.o)
 .data          0x0000000002000e28        0x0 c:/intelfpga_lite/18.1/nios2eds/bin/gnu/h-x86_64-mingw32/bin/../lib/gcc/nios2-elf/5.3.0/../../../../../H-x86_64-mingw32/nios2-elf/lib\libc.a(lib_a-strcmp.o)
 .data          0x0000000002000e28        0x0 c:/intelfpga_lite/18.1/nios2eds/bin/gnu/h-x86_64-mingw32/bin/../lib/gcc/nios2-elf/5.3.0/../../../../../H-x86_64-mingw32/nios2-elf/lib\libc.a(lib_a-vfiprintf.o)
 .data          0x0000000002000e28        0x0 c:/intelfpga_lite/18.1/nios2eds/bin/gnu/h-x86_64-mingw32/bin/../lib/gcc/nios2-elf/5.3.0/../../../../../H-x86_64-mingw32/nios2-elf/lib\libc.a(lib_a-writer.o)
 .data          0x0000000002000e28        0x0 c:/intelfpga_lite/18.1/nios2eds/bin/gnu/h-x86_64-mingw32/bin/../lib/gcc/nios2-elf/5.3.0/../../../../../H-x86_64-mingw32/nios2-elf/lib\libc.a(closer.o)
 .data          0x0000000002000e28        0x0 c:/intelfpga_lite/18.1/nios2eds/bin/gnu/h-x86_64-mingw32/bin/../lib/gcc/nios2-elf/5.3.0/../../../../../H-x86_64-mingw32/nios2-elf/lib\libc.a(lib_a-callocr.o)
 .data          0x0000000002000e28        0x0 c:/intelfpga_lite/18.1/nios2eds/bin/gnu/h-x86_64-mingw32/bin/../lib/gcc/nios2-elf/5.3.0/../../../../../H-x86_64-mingw32/nios2-elf/lib\libc.a(lib_a-fclose.o)
 .data          0x0000000002000e28        0x0 c:/intelfpga_lite/18.1/nios2eds/bin/gnu/h-x86_64-mingw32/bin/../lib/gcc/nios2-elf/5.3.0/../../../../../H-x86_64-mingw32/nios2-elf/lib\libc.a(lib_a-fputwc.o)
 .data          0x0000000002000e28        0x0 c:/intelfpga_lite/18.1/nios2eds/bin/gnu/h-x86_64-mingw32/bin/../lib/gcc/nios2-elf/5.3.0/../../../../../H-x86_64-mingw32/nios2-elf/lib\libc.a(lib_a-fstatr.o)
 .data          0x0000000002000e28        0x0 c:/intelfpga_lite/18.1/nios2eds/bin/gnu/h-x86_64-mingw32/bin/../lib/gcc/nios2-elf/5.3.0/../../../../../H-x86_64-mingw32/nios2-elf/lib\libc.a(lib_a-int_errno.o)
 .data          0x0000000002000e28        0x0 c:/intelfpga_lite/18.1/nios2eds/bin/gnu/h-x86_64-mingw32/bin/../lib/gcc/nios2-elf/5.3.0/../../../../../H-x86_64-mingw32/nios2-elf/lib\libc.a(lib_a-isattyr.o)
 .data          0x0000000002000e28        0x0 c:/intelfpga_lite/18.1/nios2eds/bin/gnu/h-x86_64-mingw32/bin/../lib/gcc/nios2-elf/5.3.0/../../../../../H-x86_64-mingw32/nios2-elf/lib\libc.a(lib_a-lseekr.o)
 .data          0x0000000002000e28        0x0 c:/intelfpga_lite/18.1/nios2eds/bin/gnu/h-x86_64-mingw32/bin/../lib/gcc/nios2-elf/5.3.0/../../../../../H-x86_64-mingw32/nios2-elf/lib\libc.a(lib_a-readr.o)
 .data          0x0000000002000e28        0x0 c:/intelfpga_lite/18.1/nios2eds/bin/gnu/h-x86_64-mingw32/bin/../lib/gcc/nios2-elf/5.3.0/../../../../../H-x86_64-mingw32/nios2-elf/lib\libc.a(lib_a-wbuf.o)
 .data          0x0000000002000e28        0x0 c:/intelfpga_lite/18.1/nios2eds/bin/gnu/h-x86_64-mingw32/bin/../lib/gcc/nios2-elf/5.3.0/../../../../../H-x86_64-mingw32/nios2-elf/lib\libc.a(lib_a-wcrtomb.o)
 .data          0x0000000002000e28        0x0 c:/intelfpga_lite/18.1/nios2eds/bin/gnu/h-x86_64-mingw32/bin/../lib/gcc/nios2-elf/5.3.0/../../../../../H-x86_64-mingw32/nios2-elf/lib\libc.a(lib_a-wctomb_r.o)
 .data          0x0000000002000e28        0x0 c:/intelfpga_lite/18.1/nios2eds/bin/gnu/h-x86_64-mingw32/bin/../lib/gcc/nios2-elf/5.3.0\libgcc.a(_udivdi3.o)
 .data          0x0000000002000e28        0x0 c:/intelfpga_lite/18.1/nios2eds/bin/gnu/h-x86_64-mingw32/bin/../lib/gcc/nios2-elf/5.3.0\libgcc.a(_umoddi3.o)
 .data          0x0000000002000e28        0x0 c:/intelfpga_lite/18.1/nios2eds/bin/gnu/h-x86_64-mingw32/bin/../lib/gcc/nios2-elf/5.3.0\libgcc.a(lib2-divmod.o)
 .data          0x0000000002000e28        0x0 c:/intelfpga_lite/18.1/nios2eds/bin/gnu/h-x86_64-mingw32/bin/../lib/gcc/nios2-elf/5.3.0\libgcc.a(adddf3.o)
 .data          0x0000000002000e28        0x0 c:/intelfpga_lite/18.1/nios2eds/bin/gnu/h-x86_64-mingw32/bin/../lib/gcc/nios2-elf/5.3.0\libgcc.a(divdf3.o)
 .data          0x0000000002000e28        0x0 c:/intelfpga_lite/18.1/nios2eds/bin/gnu/h-x86_64-mingw32/bin/../lib/gcc/nios2-elf/5.3.0\libgcc.a(eqdf2.o)
 .data          0x0000000002000e28        0x0 c:/intelfpga_lite/18.1/nios2eds/bin/gnu/h-x86_64-mingw32/bin/../lib/gcc/nios2-elf/5.3.0\libgcc.a(gedf2.o)
 .data          0x0000000002000e28        0x0 c:/intelfpga_lite/18.1/nios2eds/bin/gnu/h-x86_64-mingw32/bin/../lib/gcc/nios2-elf/5.3.0\libgcc.a(ledf2.o)
 .data          0x0000000002000e28        0x0 c:/intelfpga_lite/18.1/nios2eds/bin/gnu/h-x86_64-mingw32/bin/../lib/gcc/nios2-elf/5.3.0\libgcc.a(muldf3.o)
 .data          0x0000000002000e28        0x0 c:/intelfpga_lite/18.1/nios2eds/bin/gnu/h-x86_64-mingw32/bin/../lib/gcc/nios2-elf/5.3.0\libgcc.a(subdf3.o)
 .data          0x0000000002000e28        0x0 c:/intelfpga_lite/18.1/nios2eds/bin/gnu/h-x86_64-mingw32/bin/../lib/gcc/nios2-elf/5.3.0\libgcc.a(fixdfsi.o)
 .data          0x0000000002000e28        0x0 c:/intelfpga_lite/18.1/nios2eds/bin/gnu/h-x86_64-mingw32/bin/../lib/gcc/nios2-elf/5.3.0\libgcc.a(floatsidf.o)
 .data          0x0000000002000e28        0x0 c:/intelfpga_lite/18.1/nios2eds/bin/gnu/h-x86_64-mingw32/bin/../lib/gcc/nios2-elf/5.3.0\libgcc.a(floatunsidf.o)
 .data          0x0000000002000e28        0x0 c:/intelfpga_lite/18.1/nios2eds/bin/gnu/h-x86_64-mingw32/bin/../lib/gcc/nios2-elf/5.3.0\libgcc.a(_clz.o)
 .data          0x0000000002000e28        0x0 c:/intelfpga_lite/18.1/nios2eds/bin/gnu/h-x86_64-mingw32/bin/../lib/gcc/nios2-elf/5.3.0\libgcc.a(_clzsi2.o)
 .data          0x0000000002000e28        0x0 ../milestone2_bsp/\libucosii_bsp.a(alt_close.o)
 .data          0x0000000002000e28      0x1a8 ../milestone2_bsp/\libucosii_bsp.a(alt_dev.o)
                0x0000000002000e28                alt_dev_null
                0x0000000002000e50                alt_fd_list
 .data          0x0000000002000fd0        0x0 ../milestone2_bsp/\libucosii_bsp.a(alt_errno.o)
 .data          0x0000000002000fd0        0x0 ../milestone2_bsp/\libucosii_bsp.a(alt_fstat.o)
 .data          0x0000000002000fd0        0x0 ../milestone2_bsp/\libucosii_bsp.a(alt_iic.o)
 .data          0x0000000002000fd0        0x0 ../milestone2_bsp/\libucosii_bsp.a(alt_iic_isr_register.o)
 .data          0x0000000002000fd0        0x0 ../milestone2_bsp/\libucosii_bsp.a(alt_irq_entry.o)
 .data          0x0000000002000fd0        0x0 ../milestone2_bsp/\libucosii_bsp.a(alt_irq_handler.o)
 .data          0x0000000002000fd0        0x0 ../milestone2_bsp/\libucosii_bsp.a(alt_irq_vars.o)
 .data          0x0000000002000fd0        0x0 ../milestone2_bsp/\libucosii_bsp.a(alt_isatty.o)
 .data          0x0000000002000fd0        0x0 ../milestone2_bsp/\libucosii_bsp.a(alt_load.o)
 .data          0x0000000002000fd0        0x0 ../milestone2_bsp/\libucosii_bsp.a(alt_lseek.o)
 .data          0x0000000002000fd0        0x0 ../milestone2_bsp/\libucosii_bsp.a(alt_main.o)
 .data          0x0000000002000fd0        0x0 ../milestone2_bsp/\libucosii_bsp.a(alt_read.o)
 .data          0x0000000002000fd0        0x0 ../milestone2_bsp/\libucosii_bsp.a(alt_release_fd.o)
 .data          0x0000000002000fd0        0x0 ../milestone2_bsp/\libucosii_bsp.a(alt_sbrk.o)
 .data          0x0000000002000fd0        0x0 ../milestone2_bsp/\libucosii_bsp.a(alt_write.o)
 .data          0x0000000002000fd0        0x0 ../milestone2_bsp/\libucosii_bsp.a(alt_env_lock.o)
 .data          0x0000000002000fd0        0x0 ../milestone2_bsp/\libucosii_bsp.a(alt_malloc_lock.o)
 .data          0x0000000002000fd0        0x0 ../milestone2_bsp/\libucosii_bsp.a(os_core.o)
 .data          0x0000000002000fd0        0x0 ../milestone2_bsp/\libucosii_bsp.a(os_dbg.o)
 .data          0x0000000002000fd0        0x0 ../milestone2_bsp/\libucosii_bsp.a(os_flag.o)
 .data          0x0000000002000fd0        0x0 ../milestone2_bsp/\libucosii_bsp.a(os_mem.o)
 .data          0x0000000002000fd0        0x0 ../milestone2_bsp/\libucosii_bsp.a(os_q.o)
 .data          0x0000000002000fd0        0x0 ../milestone2_bsp/\libucosii_bsp.a(os_sem.o)
 .data          0x0000000002000fd0        0x0 ../milestone2_bsp/\libucosii_bsp.a(os_task.o)
 .data          0x0000000002000fd0        0x0 ../milestone2_bsp/\libucosii_bsp.a(os_time.o)
 .data          0x0000000002000fd0     0x106c ../milestone2_bsp/\libucosii_bsp.a(alt_sys_init.o)
 .data          0x000000000200203c        0x0 ../milestone2_bsp/\libucosii_bsp.a(altera_avalon_jtag_uart_fd.o)
 .data          0x000000000200203c        0x0 ../milestone2_bsp/\libucosii_bsp.a(altera_avalon_jtag_uart_init.o)
 .data          0x000000000200203c        0x0 ../milestone2_bsp/\libucosii_bsp.a(altera_avalon_jtag_uart_ioctl.o)
 .data          0x000000000200203c        0x0 ../milestone2_bsp/\libucosii_bsp.a(altera_avalon_jtag_uart_read.o)
 .data          0x000000000200203c        0x0 ../milestone2_bsp/\libucosii_bsp.a(altera_avalon_jtag_uart_write.o)
 .data          0x000000000200203c        0x0 ../milestone2_bsp/\libucosii_bsp.a(altera_avalon_timer_sc.o)
 .data          0x000000000200203c        0x0 ../milestone2_bsp/\libucosii_bsp.a(alt_alarm_start.o)
 .data          0x000000000200203c        0x0 ../milestone2_bsp/\libucosii_bsp.a(alt_dcache_flush_all.o)
 .data          0x000000000200203c        0x0 ../milestone2_bsp/\libucosii_bsp.a(alt_dev_llist_insert.o)
 .data          0x000000000200203c        0x0 ../milestone2_bsp/\libucosii_bsp.a(alt_do_ctors.o)
 .data          0x000000000200203c        0x0 ../milestone2_bsp/\libucosii_bsp.a(alt_do_dtors.o)
 .data          0x000000000200203c        0x0 ../milestone2_bsp/\libucosii_bsp.a(alt_exception_entry.o)
 .data          0x000000000200203c        0x0 ../milestone2_bsp/\libucosii_bsp.a(alt_icache_flush_all.o)
 .data          0x000000000200203c        0x0 ../milestone2_bsp/\libucosii_bsp.a(alt_instruction_exception_entry.o)
 .data          0x000000000200203c        0x0 ../milestone2_bsp/\libucosii_bsp.a(alt_io_redirect.o)
 .data          0x000000000200203c        0x0 ../milestone2_bsp/\libucosii_bsp.a(alt_open.o)
 .data          0x000000000200203c        0x0 ../milestone2_bsp/\libucosii_bsp.a(alt_tick.o)
 .data          0x000000000200203c        0x0 ../milestone2_bsp/\libucosii_bsp.a(altera_nios2_gen2_irq.o)
 .data          0x000000000200203c        0x0 ../milestone2_bsp/\libucosii_bsp.a(os_cpu_a.o)
 .data          0x000000000200203c        0x0 ../milestone2_bsp/\libucosii_bsp.a(os_cpu_c.o)
 .data          0x000000000200203c        0x0 ../milestone2_bsp/\libucosii_bsp.a(alt_find_dev.o)
 .data          0x000000000200203c        0x0 ../milestone2_bsp/\libucosii_bsp.a(alt_find_file.o)
 .data          0x000000000200203c        0x0 ../milestone2_bsp/\libucosii_bsp.a(alt_get_fd.o)
 .data          0x000000000200203c        0x0 ../milestone2_bsp/\libucosii_bsp.a(alt_icache_flush.o)
 .data          0x000000000200203c        0x0 c:/intelfpga_lite/18.1/nios2eds/bin/gnu/h-x86_64-mingw32/bin/../lib/gcc/nios2-elf/5.3.0/../../../../../H-x86_64-mingw32/nios2-elf/lib\libc.a(lib_a-atexit.o)
 .data          0x000000000200203c        0x0 c:/intelfpga_lite/18.1/nios2eds/bin/gnu/h-x86_64-mingw32/bin/../lib/gcc/nios2-elf/5.3.0/../../../../../H-x86_64-mingw32/nios2-elf/lib\libc.a(lib_a-exit.o)
 .data          0x000000000200203c        0x0 c:/intelfpga_lite/18.1/nios2eds/bin/gnu/h-x86_64-mingw32/bin/../lib/gcc/nios2-elf/5.3.0/../../../../../H-x86_64-mingw32/nios2-elf/lib\libc.a(lib_a-memcmp.o)
 .data          0x000000000200203c        0x0 c:/intelfpga_lite/18.1/nios2eds/bin/gnu/h-x86_64-mingw32/bin/../lib/gcc/nios2-elf/5.3.0/../../../../../H-x86_64-mingw32/nios2-elf/lib\libc.a(lib_a-__atexit.o)
 .data          0x000000000200203c        0x0 c:/intelfpga_lite/18.1/nios2eds/bin/gnu/h-x86_64-mingw32/bin/../lib/gcc/nios2-elf/5.3.0/../../../../../H-x86_64-mingw32/nios2-elf/lib\libc.a(lib_a-__call_atexit.o)
 .data          0x000000000200203c        0x0 ../milestone2_bsp/\libucosii_bsp.a(alt_exit.o)
                0x000000000200a03c                _gp = ABSOLUTE ((. + 0x8000))
                [!provide]                        PROVIDE (gp, _gp)
 *(.rwdata .rwdata.*)
 *(.sdata .sdata.* .gnu.linkonce.s.*)
 .sdata         0x000000000200203c        0x4 obj/default/milestone2_main.o
                0x000000000200203c                key_in_base
 .sdata._global_impure_ptr
                0x0000000002002040        0x4 c:/intelfpga_lite/18.1/nios2eds/bin/gnu/h-x86_64-mingw32/bin/../lib/gcc/nios2-elf/5.3.0/../../../../../H-x86_64-mingw32/nios2-elf/lib\libc.a(lib_a-impure.o)
                0x0000000002002040                _global_impure_ptr
 .sdata._impure_ptr
                0x0000000002002044        0x4 c:/intelfpga_lite/18.1/nios2eds/bin/gnu/h-x86_64-mingw32/bin/../lib/gcc/nios2-elf/5.3.0/../../../../../H-x86_64-mingw32/nios2-elf/lib\libc.a(lib_a-impure.o)
                0x0000000002002044                _impure_ptr
 .sdata.__mb_cur_max
                0x0000000002002048        0x4 c:/intelfpga_lite/18.1/nios2eds/bin/gnu/h-x86_64-mingw32/bin/../lib/gcc/nios2-elf/5.3.0/../../../../../H-x86_64-mingw32/nios2-elf/lib\libc.a(lib_a-locale.o)
                0x0000000002002048                __mb_cur_max
 .sdata.__malloc_sbrk_base
                0x000000000200204c        0x4 c:/intelfpga_lite/18.1/nios2eds/bin/gnu/h-x86_64-mingw32/bin/../lib/gcc/nios2-elf/5.3.0/../../../../../H-x86_64-mingw32/nios2-elf/lib\libc.a(lib_a-mallocr.o)
                0x000000000200204c                __malloc_sbrk_base
 .sdata.__malloc_trim_threshold
                0x0000000002002050        0x4 c:/intelfpga_lite/18.1/nios2eds/bin/gnu/h-x86_64-mingw32/bin/../lib/gcc/nios2-elf/5.3.0/../../../../../H-x86_64-mingw32/nios2-elf/lib\libc.a(lib_a-mallocr.o)
                0x0000000002002050                __malloc_trim_threshold
 .sdata.__wctomb
                0x0000000002002054        0x4 c:/intelfpga_lite/18.1/nios2eds/bin/gnu/h-x86_64-mingw32/bin/../lib/gcc/nios2-elf/5.3.0/../../../../../H-x86_64-mingw32/nios2-elf/lib\libc.a(lib_a-wctomb_r.o)
                0x0000000002002054                __wctomb
 .sdata         0x0000000002002058       0x14 ../milestone2_bsp/\libucosii_bsp.a(alt_dev.o)
                0x0000000002002058                alt_fs_list
                0x0000000002002060                alt_dev_list
                0x0000000002002068                alt_max_fd
 .sdata         0x000000000200206c        0x4 ../milestone2_bsp/\libucosii_bsp.a(alt_errno.o)
                0x000000000200206c                alt_errno
 .sdata         0x0000000002002070        0x4 ../milestone2_bsp/\libucosii_bsp.a(alt_irq_vars.o)
                0x0000000002002070                alt_priority_mask
 .sdata         0x0000000002002074        0x4 ../milestone2_bsp/\libucosii_bsp.a(alt_sbrk.o)
 .sdata         0x0000000002002078        0x4 ../milestone2_bsp/\libucosii_bsp.a(alt_env_lock.o)
 .sdata         0x000000000200207c        0x4 ../milestone2_bsp/\libucosii_bsp.a(alt_malloc_lock.o)
 .sdata         0x0000000002002080       0x72 ../milestone2_bsp/\libucosii_bsp.a(os_dbg.o)
                0x0000000002002080                OSDebugEn
                0x0000000002002084                OSEndiannessTest
                0x0000000002002088                OSEventEn
                0x000000000200208a                OSEventMax
                0x000000000200208c                OSEventNameSize
                0x000000000200208e                OSEventSize
                0x0000000002002090                OSEventTblSize
                0x0000000002002092                OSEventMultiEn
                0x0000000002002094                OSFlagEn
                0x0000000002002096                OSFlagGrpSize
                0x0000000002002098                OSFlagNodeSize
                0x000000000200209a                OSFlagWidth
                0x000000000200209c                OSFlagMax
                0x000000000200209e                OSFlagNameSize
                0x00000000020020a0                OSLowestPrio
                0x00000000020020a2                OSMboxEn
                0x00000000020020a4                OSMemEn
                0x00000000020020a6                OSMemMax
                0x00000000020020a8                OSMemNameSize
                0x00000000020020aa                OSMemSize
                0x00000000020020ac                OSMemTblSize
                0x00000000020020ae                OSMutexEn
                0x00000000020020b0                OSPtrSize
                0x00000000020020b2                OSQEn
                0x00000000020020b4                OSQMax
                0x00000000020020b6                OSQSize
                0x00000000020020b8                OSRdyTblSize
                0x00000000020020ba                OSSemEn
                0x00000000020020bc                OSStkWidth
                0x00000000020020be                OSTaskCreateEn
                0x00000000020020c0                OSTaskCreateExtEn
                0x00000000020020c2                OSTaskDelEn
                0x00000000020020c4                OSTaskIdleStkSize
                0x00000000020020c6                OSTaskProfileEn
                0x00000000020020c8                OSTaskMax
                0x00000000020020ca                OSTaskNameSize
                0x00000000020020cc                OSTaskStatEn
                0x00000000020020ce                OSTaskStatStkSize
                0x00000000020020d0                OSTaskStatStkChkEn
                0x00000000020020d2                OSTaskSwHookEn
                0x00000000020020d4                OSTCBPrioTblMax
                0x00000000020020d6                OSTCBSize
                0x00000000020020d8                OSTicksPerSec
                0x00000000020020da                OSTimeTickHookEn
                0x00000000020020dc                OSVersionNbr
                0x00000000020020de                OSTmrEn
                0x00000000020020e0                OSTmrCfgMax
                0x00000000020020e2                OSTmrCfgNameSize
                0x00000000020020e4                OSTmrCfgWheelSize
                0x00000000020020e6                OSTmrCfgTicksPerSec
                0x00000000020020e8                OSTmrSize
                0x00000000020020ea                OSTmrTblSize
                0x00000000020020ec                OSTmrWheelSize
                0x00000000020020ee                OSTmrWheelTblSize
                0x00000000020020f0                OSDataSize
 *fill*         0x00000000020020f2        0x2 
 .sdata         0x00000000020020f4        0x8 ../milestone2_bsp/\libucosii_bsp.a(alt_tick.o)
                0x00000000020020f4                alt_alarm_list
 *(.sdata2 .sdata2.* .gnu.linkonce.s2.*)
                0x00000000020020fc                . = ALIGN (0x4)
                0x00000000020020fc                _edata = ABSOLUTE (.)
                [!provide]                        PROVIDE (edata, ABSOLUTE (.))
                0x00000000020020fc                PROVIDE (__ram_rwdata_end, ABSOLUTE (.))
                0x0000000004058038                PROVIDE (__flash_rwdata_start, LOADADDR (.rwdata))

.bss            0x00000000020020fc     0x93f4 load address 0x0000000004059bb0
                0x00000000020020fc                __bss_start = ABSOLUTE (.)
                [!provide]                        PROVIDE (__sbss_start, ABSOLUTE (.))
                [!provide]                        PROVIDE (___sbss_start, ABSOLUTE (.))
 *(.dynsbss)
 *(.sbss .sbss.* .gnu.linkonce.sb.*)
 .sbss          0x00000000020020fc        0x1 obj/default/milestone2_main.o
                0x00000000020020fc                flipImgFlags
 *fill*         0x00000000020020fd        0x3 
 .sbss          0x0000000002002100        0x8 obj/default/milestone2_main.o
                0x0000000002002100                keyPressedContext
                0x0000000002002104                semKeyChange
 .sbss._PathLocale
                0x0000000002002108        0x4 c:/intelfpga_lite/18.1/nios2eds/bin/gnu/h-x86_64-mingw32/bin/../lib/gcc/nios2-elf/5.3.0/../../../../../H-x86_64-mingw32/nios2-elf/lib\libc.a(lib_a-locale.o)