Archive member included to satisfy reference by file (symbol)

../mem_test_bsp/\libhal_bsp.a(alt_load.o)
                              ../mem_test_bsp//obj/HAL/src/crt0.o (alt_load)
../mem_test_bsp/\libhal_bsp.a(alt_main.o)
                              ../mem_test_bsp//obj/HAL/src/crt0.o (alt_main)
../mem_test_bsp/\libhal_bsp.a(alt_printf.o)
                              obj/default/mem_test.o (alt_printf)
../mem_test_bsp/\libhal_bsp.a(alt_putchar.o)
                              ../mem_test_bsp/\libhal_bsp.a(alt_printf.o) (alt_putchar)
../mem_test_bsp/\libhal_bsp.a(alt_putstr.o)
                              obj/default/mem_test.o (alt_putstr)
../mem_test_bsp/\libhal_bsp.a(alt_sys_init.o)
                              ../mem_test_bsp/\libhal_bsp.a(alt_main.o) (alt_irq_init)
../mem_test_bsp/\libhal_bsp.a(altera_avalon_jtag_uart_write.o)
                              ../mem_test_bsp/\libhal_bsp.a(alt_putchar.o) (altera_avalon_jtag_uart_write)
../mem_test_bsp/\libhal_bsp.a(alt_dcache_flush_all.o)
                              ../mem_test_bsp/\libhal_bsp.a(alt_load.o) (alt_dcache_flush_all)
../mem_test_bsp/\libhal_bsp.a(alt_icache_flush_all.o)
                              ../mem_test_bsp/\libhal_bsp.a(alt_load.o) (alt_icache_flush_all)
../mem_test_bsp/\libhal_bsp.a(altera_nios2_gen2_irq.o)
                              ../mem_test_bsp/\libhal_bsp.a(alt_sys_init.o) (altera_nios2_gen2_irq_init)
../mem_test_bsp/\libhal_bsp.a(alt_icache_flush.o)
                              ../mem_test_bsp/\libhal_bsp.a(alt_icache_flush_all.o) (alt_icache_flush)
c:/intelfpga_lite/18.1/nios2eds/bin/gnu/h-x86_64-mingw32/bin/../lib/gcc/nios2-elf/5.3.0/../../../../../H-x86_64-mingw32/nios2-elf/lib\libsmallc.a(lib_a-strlen.o)
                              ../mem_test_bsp/\libhal_bsp.a(alt_putstr.o) (strlen)

Memory Configuration

Name             Origin             Length             Attributes
SDRAM            0x0000000002000000 0x0000000002000000
reset            0x0000000004040000 0x0000000000000020
NIOS_MEM         0x0000000004040020 0x0000000000020380
*default*        0x0000000000000000 0xffffffffffffffff

Linker script and memory map

LOAD ../mem_test_bsp//obj/HAL/src/crt0.o
LOAD obj/default/mem_test.o
LOAD c:/intelfpga_lite/18.1/nios2eds/bin/gnu/h-x86_64-mingw32/bin/../lib/gcc/nios2-elf/5.3.0/../../../../../H-x86_64-mingw32/nios2-elf/lib\libstdc++.a
LOAD c:/intelfpga_lite/18.1/nios2eds/bin/gnu/h-x86_64-mingw32/bin/../lib/gcc/nios2-elf/5.3.0/../../../../../H-x86_64-mingw32/nios2-elf/lib\libm.a
LOAD c:/intelfpga_lite/18.1/nios2eds/bin/gnu/h-x86_64-mingw32/bin/../lib/gcc/nios2-elf/5.3.0\libgcc.a
START GROUP
LOAD c:/intelfpga_lite/18.1/nios2eds/bin/gnu/h-x86_64-mingw32/bin/../lib/gcc/nios2-elf/5.3.0/../../../../../H-x86_64-mingw32/nios2-elf/lib\libsmallc.a
LOAD c:/intelfpga_lite/18.1/nios2eds/bin/gnu/h-x86_64-mingw32/bin/../lib/gcc/nios2-elf/5.3.0\libgcc.a
LOAD ../mem_test_bsp/\libhal_bsp.a
LOAD c:/intelfpga_lite/18.1/nios2eds/bin/gnu/h-x86_64-mingw32/bin/../lib/gcc/nios2-elf/5.3.0/../../../../../H-x86_64-mingw32/nios2-elf/lib\libm.a
END GROUP
LOAD c:/intelfpga_lite/18.1/nios2eds/bin/gnu/h-x86_64-mingw32/bin/../lib/gcc/nios2-elf/5.3.0\libgcc.a
                0x0000000000000000                __alt_mem_SDRAM = 0x0
                0x0000000004040000                __alt_mem_NIOS_MEM = 0x4040000

.entry          0x0000000004040000       0x20
 *(.entry)
 .entry         0x0000000004040000       0x20 ../mem_test_bsp//obj/HAL/src/crt0.o
                0x0000000004040000                __reset
                0x000000000404001c                _exit

.exceptions     0x0000000004040020        0x0
                0x0000000004040020                PROVIDE (__ram_exceptions_start, ABSOLUTE (.))
                0x0000000004040020                . = ALIGN (0x20)
 *(.irq)
 *(.exceptions.entry.label)
 *(.exceptions.entry.user)
 *(.exceptions.entry.ecc_fatal)
 *(.exceptions.entry)
 *(.exceptions.irqtest.user)
 *(.exceptions.irqtest)
 *(.exceptions.irqhandler.user)
 *(.exceptions.irqhandler)
 *(.exceptions.irqreturn.user)
 *(.exceptions.irqreturn)
 *(.exceptions.notirq.label)
 *(.exceptions.notirq.user)
 *(.exceptions.notirq)
 *(.exceptions.soft.user)
 *(.exceptions.soft)
 *(.exceptions.unknown.user)
 *(.exceptions.unknown)
 *(.exceptions.exit.label)
 *(.exceptions.exit.user)
 *(.exceptions.exit)
 *(.exceptions)
                0x0000000004040020                PROVIDE (__ram_exceptions_end, ABSOLUTE (.))
                0x0000000004040020                PROVIDE (__flash_exceptions_start, LOADADDR (.exceptions))

.text           0x0000000004040020      0x4ec
                [!provide]                        PROVIDE (stext, ABSOLUTE (.))
 *(.interp)
 *(.hash)
 *(.dynsym)
 *(.dynstr)
 *(.gnu.version)
 *(.gnu.version_d)
 *(.gnu.version_r)
 *(.rel.init)
 *(.rela.init)
 *(.rel.text .rel.text.* .rel.gnu.linkonce.t.*)
 *(.rela.text .rela.text.* .rela.gnu.linkonce.t.*)
 *(.rel.fini)
 *(.rela.fini)
 *(.rel.rodata .rel.rodata.* .rel.gnu.linkonce.r.*)
 *(.rela.rodata .rela.rodata.* .rela.gnu.linkonce.r.*)
 *(.rel.data .rel.data.* .rel.gnu.linkonce.d.*)
 *(.rela.data .rela.data.* .rela.gnu.linkonce.d.*)
 *(.rel.tdata .rel.tdata.* .rel.gnu.linkonce.td.*)
 *(.rela.tdata .rela.tdata.* .rela.gnu.linkonce.td.*)
 *(.rel.tbss .rel.tbss.* .rel.gnu.linkonce.tb.*)
 *(.rela.tbss .rela.tbss.* .rela.gnu.linkonce.tb.*)
 *(.rel.ctors)
 *(.rela.ctors)
 *(.rel.dtors)
 *(.rela.dtors)
 *(.rel.got)
 *(.rela.got)
 *(.rel.sdata .rel.sdata.* .rel.gnu.linkonce.s.*)
 *(.rela.sdata .rela.sdata.* .rela.gnu.linkonce.s.*)
 *(.rel.sbss .rel.sbss.* .rel.gnu.linkonce.sb.*)
 *(.rela.sbss .rela.sbss.* .rela.gnu.linkonce.sb.*)
 *(.rel.sdata2 .rel.sdata2.* .rel.gnu.linkonce.s2.*)
 *(.rela.sdata2 .rela.sdata2.* .rela.gnu.linkonce.s2.*)
 *(.rel.sbss2 .rel.sbss2.* .rel.gnu.linkonce.sb2.*)
 *(.rela.sbss2 .rela.sbss2.* .rela.gnu.linkonce.sb2.*)
 *(.rel.bss .rel.bss.* .rel.gnu.linkonce.b.*)
 *(.rela.bss .rela.bss.* .rela.gnu.linkonce.b.*)
 *(.rel.plt)
 *(.rela.plt)
 *(.rel.dyn)
 *(.init)
 *(.plt)
 *(.text .stub .text.* .gnu.linkonce.t.*)
 .text          0x0000000004040020       0x4c ../mem_test_bsp//obj/HAL/src/crt0.o
                0x0000000004040020                _start
 .text          0x000000000404006c        0x0 obj/default/mem_test.o
 .text.startup  0x000000000404006c       0xcc obj/default/mem_test.o
                0x000000000404006c                main
 .text          0x0000000004040138       0xe0 ../mem_test_bsp/\libhal_bsp.a(alt_load.o)
                0x0000000004040138                alt_load
 .text          0x0000000004040218       0x2c ../mem_test_bsp/\libhal_bsp.a(alt_main.o)
                0x0000000004040218                alt_main
 .text          0x0000000004040244      0x170 ../mem_test_bsp/\libhal_bsp.a(alt_printf.o)
                0x0000000004040244                alt_printf
 .text          0x00000000040403b4       0x48 ../mem_test_bsp/\libhal_bsp.a(alt_putchar.o)
                0x00000000040403b4                alt_putchar
 .text          0x00000000040403fc       0x38 ../mem_test_bsp/\libhal_bsp.a(alt_putstr.o)
                0x00000000040403fc                alt_putstr
 .text          0x0000000004040434       0x24 ../mem_test_bsp/\libhal_bsp.a(alt_sys_init.o)
                0x0000000004040434                alt_irq_init
                0x0000000004040454                alt_sys_init
 .text          0x0000000004040458       0x34 ../mem_test_bsp/\libhal_bsp.a(altera_avalon_jtag_uart_write.o)
                0x0000000004040458                altera_avalon_jtag_uart_write
 .text          0x000000000404048c       0x18 ../mem_test_bsp/\libhal_bsp.a(alt_dcache_flush_all.o)
                0x000000000404048c                alt_dcache_flush_all
 .text          0x00000000040404a4        0xc ../mem_test_bsp/\libhal_bsp.a(alt_icache_flush_all.o)
                0x00000000040404a4                alt_icache_flush_all
 .text          0x00000000040404b0        0x8 ../mem_test_bsp/\libhal_bsp.a(altera_nios2_gen2_irq.o)
                0x00000000040404b0                altera_nios2_gen2_irq_init
 .text          0x00000000040404b8       0x38 ../mem_test_bsp/\libhal_bsp.a(alt_icache_flush.o)
                0x00000000040404b8                alt_icache_flush
 .text          0x00000000040404f0        0x0 c:/intelfpga_lite/18.1/nios2eds/bin/gnu/h-x86_64-mingw32/bin/../lib/gcc/nios2-elf/5.3.0/../../../../../H-x86_64-mingw32/nios2-elf/lib\libsmallc.a(lib_a-strlen.o)
 .text.strlen   0x00000000040404f0       0x1c c:/intelfpga_lite/18.1/nios2eds/bin/gnu/h-x86_64-mingw32/bin/../lib/gcc/nios2-elf/5.3.0/../../../../../H-x86_64-mingw32/nios2-elf/lib\libsmallc.a(lib_a-strlen.o)
                0x00000000040404f0                strlen
 *(.gnu.warning.*)
 *(.fini)
                [!provide]                        PROVIDE (__etext, ABSOLUTE (.))
                [!provide]                        PROVIDE (_etext, ABSOLUTE (.))
                [!provide]                        PROVIDE (etext, ABSOLUTE (.))
 *(.eh_frame_hdr)
                0x000000000404050c                . = ALIGN (0x4)
                [!provide]                        PROVIDE (__preinit_array_start, ABSOLUTE (.))
 *(.preinit_array)
                [!provide]                        PROVIDE (__preinit_array_end, ABSOLUTE (.))
                [!provide]                        PROVIDE (__init_array_start, ABSOLUTE (.))
 *(.init_array)
                [!provide]                        PROVIDE (__init_array_end, ABSOLUTE (.))
                [!provide]                        PROVIDE (__fini_array_start, ABSOLUTE (.))
 *(.fini_array)
                [!provide]                        PROVIDE (__fini_array_end, ABSOLUTE (.))
 *(.eh_frame)
 *(.gcc_except_table .gcc_except_table.*)
 *(.dynamic)
                [!provide]                        PROVIDE (__CTOR_LIST__, ABSOLUTE (.))
 *(.ctors)
 *(SORT(.ctors.*))
                [!provide]                        PROVIDE (__CTOR_END__, ABSOLUTE (.))
                [!provide]                        PROVIDE (__DTOR_LIST__, ABSOLUTE (.))
 *(.dtors)
 *(SORT(.dtors.*))
                [!provide]                        PROVIDE (__DTOR_END__, ABSOLUTE (.))
 *(.jcr)
                0x000000000404050c                . = ALIGN (0x4)

.rodata         0x0000000002000000       0x50 load address 0x000000000404050c
                0x0000000002000000                PROVIDE (__ram_rodata_start, ABSOLUTE (.))
                0x0000000002000000                . = ALIGN (0x4)
 *(.rodata .rodata.* .gnu.linkonce.r.*)
 .rodata.str1.4
                0x0000000002000000       0x50 obj/default/mem_test.o
                                         0x4e (size before relaxing)
 *(.rodata1)
                0x0000000002000050                . = ALIGN (0x4)
                0x0000000002000050                PROVIDE (__ram_rodata_end, ABSOLUTE (.))
                0x000000000404050c                PROVIDE (__flash_rodata_start, LOADADDR (.rodata))

.rwdata         0x0000000002000050        0x4 load address 0x000000000404055c
                0x0000000002000050                PROVIDE (__ram_rwdata_start, ABSOLUTE (.))
                0x0000000002000050                . = ALIGN (0x4)
 *(.got.plt)
 *(.got)
 *(.data1)
 *(.data .data.* .gnu.linkonce.d.*)
 .data          0x0000000002000050        0x0 ../mem_test_bsp//obj/HAL/src/crt0.o
 .data          0x0000000002000050        0x0 obj/default/mem_test.o
 .data          0x0000000002000050        0x0 ../mem_test_bsp/\libhal_bsp.a(alt_load.o)
 .data          0x0000000002000050        0x0 ../mem_test_bsp/\libhal_bsp.a(alt_main.o)
 .data          0x0000000002000050        0x0 ../mem_test_bsp/\libhal_bsp.a(alt_printf.o)
 .data          0x0000000002000050        0x0 ../mem_test_bsp/\libhal_bsp.a(alt_putchar.o)
 .data          0x0000000002000050        0x0 ../mem_test_bsp/\libhal_bsp.a(alt_putstr.o)
 .data          0x0000000002000050        0x0 ../mem_test_bsp/\libhal_bsp.a(alt_sys_init.o)
 .data          0x0000000002000050        0x0 ../mem_test_bsp/\libhal_bsp.a(altera_avalon_jtag_uart_write.o)
 .data          0x0000000002000050        0x0 ../mem_test_bsp/\libhal_bsp.a(alt_dcache_flush_all.o)
 .data          0x0000000002000050        0x0 ../mem_test_bsp/\libhal_bsp.a(alt_icache_flush_all.o)
 .data          0x0000000002000050        0x0 ../mem_test_bsp/\libhal_bsp.a(altera_nios2_gen2_irq.o)
 .data          0x0000000002000050        0x0 ../mem_test_bsp/\libhal_bsp.a(alt_icache_flush.o)
 .data          0x0000000002000050        0x0 c:/intelfpga_lite/18.1/nios2eds/bin/gnu/h-x86_64-mingw32/bin/../lib/gcc/nios2-elf/5.3.0/../../../../../H-x86_64-mingw32/nios2-elf/lib\libsmallc.a(lib_a-strlen.o)
                0x0000000002008050                _gp = ABSOLUTE ((. + 0x8000))
                [!provide]                        PROVIDE (gp, _gp)
 *(.rwdata .rwdata.*)
 *(.sdata .sdata.* .gnu.linkonce.s.*)
 .sdata         0x0000000002000050        0x4 ../mem_test_bsp/\libhal_bsp.a(alt_sys_init.o)
                0x0000000002000050                UART_JTAG
 *(.sdata2 .sdata2.* .gnu.linkonce.s2.*)
                0x0000000002000054                . = ALIGN (0x4)
                0x0000000002000054                _edata = ABSOLUTE (.)
                [!provide]                        PROVIDE (edata, ABSOLUTE (.))
                0x0000000002000054                PROVIDE (__ram_rwdata_end, ABSOLUTE (.))
                0x000000000404055c                PROVIDE (__flash_rwdata_start, LOADADDR (.rwdata))

.bss            0x0000000002000054        0xc load address 0x0000000004040560
                0x0000000002000054                __bss_start = ABSOLUTE (.)
                [!provide]                        PROVIDE (__sbss_start, ABSOLUTE (.))
                [!provide]                        PROVIDE (___sbss_start, ABSOLUTE (.))
 *(.dynsbss)
 *(.sbss .sbss.* .gnu.linkonce.sb.*)
 .sbss          0x0000000002000054        0xc ../mem_test_bsp/\libhal_bsp.a(alt_main.o)
                0x0000000002000054                alt_envp
                0x0000000002000058                alt_argv
                0x000000000200005c                alt_argc
 *(.sbss2 .sbss2.* .gnu.linkonce.sb2.*)
 *(.scommon)
                [!provide]                        PROVIDE (__sbss_end, ABSOLUTE (.))
                [!provide]                        PROVIDE (___sbss_end, ABSOLUTE (.))
 *(.dynbss)
 *(.bss .bss.* .gnu.linkonce.b.*)
 .bss           0x0000000002000060        0x0 ../mem_test_bsp//obj/HAL/src/crt0.o
 .bss           0x0000000002000060        0x0 obj/default/mem_test.o
 .bss           0x0000000002000060        0x0 ../mem_test_bsp/\libhal_bsp.a(alt_load.o)
 .bss           0x0000000002000060        0x0 ../mem_test_bsp/\libhal_bsp.a(alt_main.o)
 .bss           0x0000000002000060        0x0 ../mem_test_bsp/\libhal_bsp.a(alt_printf.o)
 .bss           0x0000000002000060        0x0 ../mem_test_bsp/\libhal_bsp.a(alt_putchar.o)
 .bss           0x0000000002000060        0x0 ../mem_test_bsp/\libhal_bsp.a(alt_putstr.o)
 .bss           0x0000000002000060        0x0 ../mem_test_bsp/\libhal_bsp.a(alt_sys_init.o)
 .bss           0x0000000002000060        0x0 ../mem_test_bsp/\libhal_bsp.a(altera_avalon_jtag_uart_write.o)
 .bss           0x0000000002000060        0x0 ../mem_test_bsp/\libhal_bsp.a(alt_dcache_flush_all.o)
 .bss           0x0000000002000060        0x0 ../mem_test_bsp/\libhal_bsp.a(alt_icache_flush_all.o)
 .bss           0x0000000002000060        0x0 ../mem_test_bsp/\libhal_bsp.a(altera_nios2_gen2_irq.o)
 .bss           0x0000000002000060        0x0 ../mem_test_bsp/\libhal_bsp.a(alt_icache_flush.o)
 .bss           0x0000000002000060        0x0 c:/intelfpga_lite/18.1/nios2eds/bin/gnu/h-x86_64-mingw32/bin/../lib/gcc/nios2-elf/5.3.0/../../../../../H-x86_64-mingw32/nios2-elf/lib\libsmallc.a(lib_a-strlen.o)
 *(COMMON)
                0x0000000002000060                . = ALIGN (0x4)
                0x0000000002000060                __bss_end = ABSOLUTE (.)

.SDRAM          0x0000000002000060        0x0 load address 0x0000000004040560
                [!provide]                        PROVIDE (_alt_partition_SDRAM_start, ABSOLUTE (.))
 *(.SDRAM .SDRAM. SDRAM.*)
                0x0000000002000060                . = ALIGN (0x4)
                [!provide]                        PROVIDE (_alt_partition_SDRAM_end, ABSOLUTE (.))
                0x0000000002000060                _end = ABSOLUTE (.)
                0x0000000002000060                end = ABSOLUTE (.)
                0x0000000002000060                __alt_stack_base = ABSOLUTE (.)
                [!provide]                        PROVIDE (_alt_partition_SDRAM_load_addr, LOADADDR (.SDRAM))

.NIOS_MEM       0x0000000004040560        0x0
                [!provide]                        PROVIDE (_alt_partition_NIOS_MEM_start, ABSOLUTE (.))
 *(.NIOS_MEM .NIOS_MEM. NIOS_MEM.*)
                0x0000000004040560                . = ALIGN (0x4)
                [!provide]                        PROVIDE (_alt_partition_NIOS_MEM_end, ABSOLUTE (.))
                [!provide]                        PROVIDE (_alt_partition_NIOS_MEM_load_addr, LOADADDR (.NIOS_MEM))

.stab
 *(.stab)

.stabstr
 *(.stabstr)

.stab.excl
 *(.stab.excl)

.stab.exclstr
 *(.stab.exclstr)

.stab.index
 *(.stab.index)

.stab.indexstr
 *(.stab.indexstr)

.comment        0x0000000000000000       0x23
 *(.comment)
 .comment       0x0000000000000000       0x23 obj/default/mem_test.o
                                         0x24 (size before relaxing)
 .comment       0x0000000000000023       0x24 ../mem_test_bsp/\libhal_bsp.a(alt_load.o)
 .comment       0x0000000000000023       0x24 ../mem_test_bsp/\libhal_bsp.a(alt_main.o)
 .comment       0x0000000000000023       0x24 ../mem_test_bsp/\libhal_bsp.a(alt_printf.o)
 .comment       0x0000000000000023       0x24 ../mem_test_bsp/\libhal_bsp.a(alt_putchar.o)
 .comment       0x0000000000000023       0x24 ../mem_test_bsp/\libhal_bsp.a(alt_putstr.o)
 .comment       0x0000000000000023       0x24 ../mem_test_bsp/\libhal_bsp.a(alt_sys_init.o)
 .comment       0x0000000000000023       0x24 ../mem_test_bsp/\libhal_bsp.a(altera_avalon_jtag_uart_write.o)
 .comment       0x0000000000000023       0x24 ../mem_test_bsp/\libhal_bsp.a(alt_dcache_flush_all.o)
 .comment       0x0000000000000023       0x24 ../mem_test_bsp/\libhal_bsp.a(alt_icache_flush_all.o)
 .comment       0x0000000000000023       0x24 ../mem_test_bsp/\libhal_bsp.a(altera_nios2_gen2_irq.o)
 .comment       0x0000000000000023       0x24 ../mem_test_bsp/\libhal_bsp.a(alt_icache_flush.o)
 .comment       0x0000000000000023       0x24 c:/intelfpga_lite/18.1/nios2eds/bin/gnu/h-x86_64-mingw32/bin/../lib/gcc/nios2-elf/5.3.0/../../../../../H-x86_64-mingw32/nios2-elf/lib\libsmallc.a(lib_a-strlen.o)

.debug
 *(.debug)

.line
 *(.line)

.debug_srcinfo
 *(.debug_srcinfo)

.debug_sfnames
 *(.debug_sfnames)

.debug_aranges  0x0000000000000000      0x1c8
 *(.debug_aranges)
 .debug_aranges
                0x0000000000000000       0x28 ../mem_test_bsp//obj/HAL/src/crt0.o
 .debug_aranges
                0x0000000000000028       0x20 obj/default/mem_test.o
 .debug_aranges
                0x0000000000000048       0x20 ../mem_test_bsp/\libhal_bsp.a(alt_load.o)
 .debug_aranges
                0x0000000000000068       0x20 ../mem_test_bsp/\libhal_bsp.a(alt_main.o)
 .debug_aranges
                0x0000000000000088       0x20 ../mem_test_bsp/\libhal_bsp.a(alt_printf.o)
 .debug_aranges
                0x00000000000000a8       0x20 ../mem_test_bsp/\libhal_bsp.a(alt_putchar.o)
 .debug_aranges
                0x00000000000000c8       0x20 ../mem_test_bsp/\libhal_bsp.a(alt_putstr.o)
 .debug_aranges
                0x00000000000000e8       0x20 ../mem_test_bsp/\libhal_bsp.a(alt_sys_init.o)
 .debug_aranges
                0x0000000000000108       0x20 ../mem_test_bsp/\libhal_bsp.a(altera_avalon_jtag_uart_write.o)
 .debug_aranges
                0x0000000000000128       0x20 ../mem_test_bsp/\libhal_bsp.a(alt_dcache_flush_all.o)
 .debug_aranges
                0x0000000000000148       0x20 ../mem_test_bsp/\libhal_bsp.a(alt_icache_flush_all.o)
 .debug_aranges
                0x0000000000000168       0x20 ../mem_test_bsp/\libhal_bsp.a(altera_nios2_gen2_irq.o)
 .debug_aranges
                0x0000000000000188       0x20 ../mem_test_bsp/\libhal_bsp.a(alt_icache_flush.o)
 .debug_aranges
                0x00000000000001a8       0x20 c:/intelfpga_lite/18.1/nios2eds/bin/gnu/h-x86_64-mingw32/bin/../lib/gcc/nios2-elf/5.3.0/../../../../../H-x86_64-mingw32/nios2-elf/lib\libsmallc.a(lib_a-strlen.o)

.debug_pubnames
 *(.debug_pubnames)

.debug_info     0x0000000000000000      0xf55
 *(.debug_info .gnu.linkonce.wi.*)
 .debug_info    0x0000000000000000       0x73 ../mem_test_bsp//obj/HAL/src/crt0.o
 .debug_info    0x0000000000000073      0x134 obj/default/mem_test.o
 .debug_info    0x00000000000001a7      0x1c9 ../mem_test_bsp/\libhal_bsp.a(alt_load.o)
 .debug_info    0x0000000000000370      0x169 ../mem_test_bsp/\libhal_bsp.a(alt_main.o)
 .debug_info    0x00000000000004d9      0x14d ../mem_test_bsp/\libhal_bsp.a(alt_printf.o)
 .debug_info    0x0000000000000626      0x12a ../mem_test_bsp/\libhal_bsp.a(alt_putchar.o)
 .debug_info    0x0000000000000750      0x13a ../mem_test_bsp/\libhal_bsp.a(alt_putstr.o)
 .debug_info    0x000000000000088a      0x19d ../mem_test_bsp/\libhal_bsp.a(alt_sys_init.o)
 .debug_info    0x0000000000000a27      0x197 ../mem_test_bsp/\libhal_bsp.a(altera_avalon_jtag_uart_write.o)
 .debug_info    0x0000000000000bbe       0xa6 ../mem_test_bsp/\libhal_bsp.a(alt_dcache_flush_all.o)
 .debug_info    0x0000000000000c64       0xb8 ../mem_test_bsp/\libhal_bsp.a(alt_icache_flush_all.o)
 .debug_info    0x0000000000000d1c       0x92 ../mem_test_bsp/\libhal_bsp.a(altera_nios2_gen2_irq.o)
 .debug_info    0x0000000000000dae       0xde ../mem_test_bsp/\libhal_bsp.a(alt_icache_flush.o)
 .debug_info    0x0000000000000e8c       0xc9 c:/intelfpga_lite/18.1/nios2eds/bin/gnu/h-x86_64-mingw32/bin/../lib/gcc/nios2-elf/5.3.0/../../../../../H-x86_64-mingw32/nios2-elf/lib\libsmallc.a(lib_a-strlen.o)

.debug_abbrev   0x0000000000000000      0x8ef
 *(.debug_abbrev)
 .debug_abbrev  0x0000000000000000       0x12 ../mem_test_bsp//obj/HAL/src/crt0.o
 .debug_abbrev  0x0000000000000012       0x95 obj/default/mem_test.o
 .debug_abbrev  0x00000000000000a7       0xd8 ../mem_test_bsp/\libhal_bsp.a(alt_load.o)
 .debug_abbrev  0x000000000000017f       0xee ../mem_test_bsp/\libhal_bsp.a(alt_main.o)
 .debug_abbrev  0x000000000000026d       0xd5 ../mem_test_bsp/\libhal_bsp.a(alt_printf.o)
 .debug_abbrev  0x0000000000000342       0xd2 ../mem_test_bsp/\libhal_bsp.a(alt_putchar.o)
 .debug_abbrev  0x0000000000000414       0xd3 ../mem_test_bsp/\libhal_bsp.a(alt_putstr.o)
 .debug_abbrev  0x00000000000004e7      0x10e ../mem_test_bsp/\libhal_bsp.a(alt_sys_init.o)
 .debug_abbrev  0x00000000000005f5       0xd5 ../mem_test_bsp/\libhal_bsp.a(altera_avalon_jtag_uart_write.o)
 .debug_abbrev  0x00000000000006ca       0x5a ../mem_test_bsp/\libhal_bsp.a(alt_dcache_flush_all.o)
 .debug_abbrev  0x0000000000000724       0x6f ../mem_test_bsp/\libhal_bsp.a(alt_icache_flush_all.o)
 .debug_abbrev  0x0000000000000793       0x42 ../mem_test_bsp/\libhal_bsp.a(altera_nios2_gen2_irq.o)
 .debug_abbrev  0x00000000000007d5       0x9b ../mem_test_bsp/\libhal_bsp.a(alt_icache_flush.o)
 .debug_abbrev  0x0000000000000870       0x7f c:/intelfpga_lite/18.1/nios2eds/bin/gnu/h-x86_64-mingw32/bin/../lib/gcc/nios2-elf/5.3.0/../../../../../H-x86_64-mingw32/nios2-elf/lib\libsmallc.a(lib_a-strlen.o)

.debug_line     0x0000000000000000      0x987
 *(.debug_line)
 .debug_line    0x0000000000000000       0x72 ../mem_test_bsp//obj/HAL/src/crt0.o
 .debug_line    0x0000000000000072       0xb5 obj/default/mem_test.o
 .debug_line    0x0000000000000127       0xa4 ../mem_test_bsp/\libhal_bsp.a(alt_load.o)
 .debug_line    0x00000000000001cb       0xbd ../mem_test_bsp/\libhal_bsp.a(alt_main.o)
 .debug_line    0x0000000000000288      0x112 ../mem_test_bsp/\libhal_bsp.a(alt_printf.o)
 .debug_line    0x000000000000039a       0x55 ../mem_test_bsp/\libhal_bsp.a(alt_putchar.o)
 .debug_line    0x00000000000003ef       0xa0 ../mem_test_bsp/\libhal_bsp.a(alt_putstr.o)
 .debug_line    0x000000000000048f      0x11a ../mem_test_bsp/\libhal_bsp.a(alt_sys_init.o)
 .debug_line    0x00000000000005a9       0xf0 ../mem_test_bsp/\libhal_bsp.a(altera_avalon_jtag_uart_write.o)
 .debug_line    0x0000000000000699       0x5a ../mem_test_bsp/\libhal_bsp.a(alt_dcache_flush_all.o)
 .debug_line    0x00000000000006f3       0x6e ../mem_test_bsp/\libhal_bsp.a(alt_icache_flush_all.o)
 .debug_line    0x0000000000000761       0x50 ../mem_test_bsp/\libhal_bsp.a(altera_nios2_gen2_irq.o)
 .debug_line    0x00000000000007b1       0x7d ../mem_test_bsp/\libhal_bsp.a(alt_icache_flush.o)
 .debug_line    0x000000000000082e      0x159 c:/intelfpga_lite/18.1/nios2eds/bin/gnu/h-x86_64-mingw32/bin/../lib/gcc/nios2-elf/5.3.0/../../../../../H-x86_64-mingw32/nios2-elf/lib\libsmallc.a(lib_a-strlen.o)

.debug_frame    0x0000000000000000      0x250
 *(.debug_frame)
 .debug_frame   0x0000000000000000       0x44 obj/default/mem_test.o
 .debug_frame   0x0000000000000044       0x30 ../mem_test_bsp/\libhal_bsp.a(alt_load.o)
 .debug_frame   0x0000000000000074       0x2c ../mem_test_bsp/\libhal_bsp.a(alt_main.o)
 .debug_frame   0x00000000000000a0       0x54 ../mem_test_bsp/\libhal_bsp.a(alt_printf.o)
 .debug_frame   0x00000000000000f4       0x30 ../mem_test_bsp/\libhal_bsp.a(alt_putchar.o)
 .debug_frame   0x0000000000000124       0x30 ../mem_test_bsp/\libhal_bsp.a(alt_putstr.o)
 .debug_frame   0x0000000000000154       0x3c ../mem_test_bsp/\libhal_bsp.a(alt_sys_init.o)
 .debug_frame   0x0000000000000190       0x20 ../mem_test_bsp/\libhal_bsp.a(altera_avalon_jtag_uart_write.o)
 .debug_frame   0x00000000000001b0       0x20 ../mem_test_bsp/\libhal_bsp.a(alt_dcache_flush_all.o)
 .debug_frame   0x00000000000001d0       0x20 ../mem_test_bsp/\libhal_bsp.a(alt_icache_flush_all.o)
 .debug_frame   0x00000000000001f0       0x20 ../mem_test_bsp/\libhal_bsp.a(altera_nios2_gen2_irq.o)
 .debug_frame   0x0000000000000210       0x20 ../mem_test_bsp/\libhal_bsp.a(alt_icache_flush.o)
 .debug_frame   0x0000000000000230       0x20 c:/intelfpga_lite/18.1/nios2eds/bin/gnu/h-x86_64-mingw32/bin/../lib/gcc/nios2-elf/5.3.0/../../../../../H-x86_64-mingw32/nios2-elf/lib\libsmallc.a(lib_a-strlen.o)

.debug_str      0x0000000000000000      0x67f
 *(.debug_str)
 .debug_str     0x0000000000000000      0x113 obj/default/mem_test.o
                                        0x13f (size before relaxing)
 .debug_str     0x0000000000000113      0x16f ../mem_test_bsp/\libhal_bsp.a(alt_load.o)
                                        0x23e (size before relaxing)
 .debug_str     0x0000000000000282       0x8f ../mem_test_bsp/\libhal_bsp.a(alt_main.o)
                                        0x1b7 (size before relaxing)
 .debug_str     0x0000000000000311       0x59 ../mem_test_bsp/\libhal_bsp.a(alt_printf.o)
                                        0x108 (size before relaxing)
 .debug_str     0x000000000000036a       0x5e ../mem_test_bsp/\libhal_bsp.a(alt_putchar.o)
                                        0x18d (size before relaxing)
 .debug_str     0x00000000000003c8       0x1c ../mem_test_bsp/\libhal_bsp.a(alt_putstr.o)
                                        0x192 (size before relaxing)
 .debug_str     0x00000000000003e4       0xb9 ../mem_test_bsp/\libhal_bsp.a(alt_sys_init.o)
                                        0x25e (size before relaxing)
 .debug_str     0x000000000000049d       0x38 ../mem_test_bsp/\libhal_bsp.a(altera_avalon_jtag_uart_write.o)
                                        0x217 (size before relaxing)
 .debug_str     0x00000000000004d5       0x1f ../mem_test_bsp/\libhal_bsp.a(alt_dcache_flush_all.o)
                                        0x157 (size before relaxing)
 .debug_str     0x00000000000004f4       0x30 ../mem_test_bsp/\libhal_bsp.a(alt_icache_flush_all.o)
                                        0x168 (size before relaxing)
 .debug_str     0x0000000000000524       0x20 ../mem_test_bsp/\libhal_bsp.a(altera_nios2_gen2_irq.o)
                                        0x15e (size before relaxing)
 .debug_str     0x0000000000000544       0x1b ../mem_test_bsp/\libhal_bsp.a(alt_icache_flush.o)
                                        0x15d (size before relaxing)
 .debug_str     0x000000000000055f      0x120 c:/intelfpga_lite/18.1/nios2eds/bin/gnu/h-x86_64-mingw32/bin/../lib/gcc/nios2-elf/5.3.0/../../../../../H-x86_64-mingw32/nios2-elf/lib\libsmallc.a(lib_a-strlen.o)
                                        0x1cb (size before relaxing)

.debug_loc      0x0000000000000000      0x3e6
 *(.debug_loc)
 .debug_loc     0x0000000000000000       0x6a obj/default/mem_test.o
 .debug_loc     0x000000000000006a      0x1de ../mem_test_bsp/\libhal_bsp.a(alt_printf.o)
 .debug_loc     0x0000000000000248       0x2c ../mem_test_bsp/\libhal_bsp.a(alt_putchar.o)
 .debug_loc     0x0000000000000274       0x37 ../mem_test_bsp/\libhal_bsp.a(alt_putstr.o)
 .debug_loc     0x00000000000002ab       0x21 ../mem_test_bsp/\libhal_bsp.a(alt_sys_init.o)
 .debug_loc     0x00000000000002cc       0x8b ../mem_test_bsp/\libhal_bsp.a(altera_avalon_jtag_uart_write.o)
 .debug_loc     0x0000000000000357       0x1f ../mem_test_bsp/\libhal_bsp.a(alt_dcache_flush_all.o)
 .debug_loc     0x0000000000000376       0x52 ../mem_test_bsp/\libhal_bsp.a(alt_icache_flush.o)
 .debug_loc     0x00000000000003c8       0x1e c:/intelfpga_lite/18.1/nios2eds/bin/gnu/h-x86_64-mingw32/bin/../lib/gcc/nios2-elf/5.3.0/../../../../../H-x86_64-mingw32/nios2-elf/lib\libsmallc.a(lib_a-strlen.o)

.debug_macinfo
 *(.debug_macinfo)

.debug_weaknames
 *(.debug_weaknames)

.debug_funcnames
 *(.debug_funcnames)

.debug_typenames
 *(.debug_typenames)

.debug_varnames
 *(.debug_varnames)

.debug_alt_sim_info
                0x0000000000000000       0x30
 *(.debug_alt_sim_info)
 .debug_alt_sim_info
                0x0000000000000000       0x30 ../mem_test_bsp//obj/HAL/src/crt0.o
                0x0000000004000000                __alt_data_end = 0x4000000
                0x0000000004000000                PROVIDE (__alt_stack_pointer, __alt_data_end)
                [!provide]                        PROVIDE (__alt_stack_limit, __alt_stack_base)
                [!provide]                        PROVIDE (__alt_heap_start, end)
                [!provide]                        PROVIDE (__alt_heap_limit, 0x4000000)
OUTPUT(mem_test.elf elf32-littlenios2)

.debug_ranges   0x0000000000000000       0xb0
 .debug_ranges  0x0000000000000000       0x20 ../mem_test_bsp//obj/HAL/src/crt0.o
 .debug_ranges  0x0000000000000020       0x10 obj/default/mem_test.o
 .debug_ranges  0x0000000000000030       0x48 ../mem_test_bsp/\libhal_bsp.a(alt_load.o)
 .debug_ranges  0x0000000000000078       0x18 ../mem_test_bsp/\libhal_bsp.a(alt_printf.o)
 .debug_ranges  0x0000000000000090       0x10 ../mem_test_bsp/\libhal_bsp.a(alt_icache_flush.o)
 .debug_ranges  0x00000000000000a0       0x10 c:/intelfpga_lite/18.1/nios2eds/bin/gnu/h-x86_64-mingw32/bin/../lib/gcc/nios2-elf/5.3.0/../../../../../H-x86_64-mingw32/nios2-elf/lib\libsmallc.a(lib_a-strlen.o)
