Archive member included to satisfy reference by file (symbol)

../project_main_bsp/\libhal_bsp.a(alt_load.o)
                              ../project_main_bsp//obj/HAL/src/crt0.o (alt_load)
../project_main_bsp/\libhal_bsp.a(alt_main.o)
                              ../project_main_bsp//obj/HAL/src/crt0.o (alt_main)
../project_main_bsp/\libhal_bsp.a(alt_putstr.o)
                              obj/default/main.o (alt_putstr)
../project_main_bsp/\libhal_bsp.a(alt_sys_init.o)
                              ../project_main_bsp/\libhal_bsp.a(alt_main.o) (alt_irq_init)
../project_main_bsp/\libhal_bsp.a(altera_avalon_jtag_uart_write.o)
                              ../project_main_bsp/\libhal_bsp.a(alt_putstr.o) (altera_avalon_jtag_uart_write)
../project_main_bsp/\libhal_bsp.a(alt_dcache_flush_all.o)
                              ../project_main_bsp/\libhal_bsp.a(alt_load.o) (alt_dcache_flush_all)
../project_main_bsp/\libhal_bsp.a(alt_icache_flush_all.o)
                              ../project_main_bsp/\libhal_bsp.a(alt_load.o) (alt_icache_flush_all)
../project_main_bsp/\libhal_bsp.a(altera_nios2_gen2_irq.o)
                              ../project_main_bsp/\libhal_bsp.a(alt_sys_init.o) (altera_nios2_gen2_irq_init)
../project_main_bsp/\libhal_bsp.a(alt_icache_flush.o)
                              ../project_main_bsp/\libhal_bsp.a(alt_icache_flush_all.o) (alt_icache_flush)
c:/intelfpga_lite/18.1/nios2eds/bin/gnu/h-x86_64-mingw32/bin/../lib/gcc/nios2-elf/5.3.0/../../../../../H-x86_64-mingw32/nios2-elf/lib\libsmallc.a(lib_a-strlen.o)
                              ../project_main_bsp/\libhal_bsp.a(alt_putstr.o) (strlen)

Memory Configuration

Name             Origin             Length             Attributes
SDRAM            0x0000000002000000 0x0000000002000000
reset            0x0000000004040000 0x0000000000000020
NIOS_MEM         0x0000000004040020 0x0000000000020380
*default*        0x0000000000000000 0xffffffffffffffff

Linker script and memory map

LOAD ../project_main_bsp//obj/HAL/src/crt0.o
LOAD obj/default/main.o
LOAD c:/intelfpga_lite/18.1/nios2eds/bin/gnu/h-x86_64-mingw32/bin/../lib/gcc/nios2-elf/5.3.0/../../../../../H-x86_64-mingw32/nios2-elf/lib\libstdc++.a
LOAD c:/intelfpga_lite/18.1/nios2eds/bin/gnu/h-x86_64-mingw32/bin/../lib/gcc/nios2-elf/5.3.0/../../../../../H-x86_64-mingw32/nios2-elf/lib\libm.a
LOAD c:/intelfpga_lite/18.1/nios2eds/bin/gnu/h-x86_64-mingw32/bin/../lib/gcc/nios2-elf/5.3.0\libgcc.a
START GROUP
LOAD c:/intelfpga_lite/18.1/nios2eds/bin/gnu/h-x86_64-mingw32/bin/../lib/gcc/nios2-elf/5.3.0/../../../../../H-x86_64-mingw32/nios2-elf/lib\libsmallc.a
LOAD c:/intelfpga_lite/18.1/nios2eds/bin/gnu/h-x86_64-mingw32/bin/../lib/gcc/nios2-elf/5.3.0\libgcc.a
LOAD ../project_main_bsp/\libhal_bsp.a
LOAD c:/intelfpga_lite/18.1/nios2eds/bin/gnu/h-x86_64-mingw32/bin/../lib/gcc/nios2-elf/5.3.0/../../../../../H-x86_64-mingw32/nios2-elf/lib\libm.a
END GROUP
LOAD c:/intelfpga_lite/18.1/nios2eds/bin/gnu/h-x86_64-mingw32/bin/../lib/gcc/nios2-elf/5.3.0\libgcc.a
                0x0000000000000000                __alt_mem_SDRAM = 0x0
                0x0000000004040000                __alt_mem_NIOS_MEM = 0x4040000

.entry          0x0000000004040000       0x20
 *(.entry)
 .entry         0x0000000004040000       0x20 ../project_main_bsp//obj/HAL/src/crt0.o
                0x0000000004040000                __reset
                0x000000000404001c                _exit

.exceptions     0x0000000004040020        0x0
                0x0000000004040020                PROVIDE (__ram_exceptions_start, ABSOLUTE (.))
                0x0000000004040020                . = ALIGN (0x20)
 *(.irq)
 *(.exceptions.entry.label)
 *(.exceptions.entry.user)
 *(.exceptions.entry.ecc_fatal)
 *(.exceptions.entry)
 *(.exceptions.irqtest.user)
 *(.exceptions.irqtest)
 *(.exceptions.irqhandler.user)
 *(.exceptions.irqhandler)
 *(.exceptions.irqreturn.user)
 *(.exceptions.irqreturn)
 *(.exceptions.notirq.label)
 *(.exceptions.notirq.user)
 *(.exceptions.notirq)
 *(.exceptions.soft.user)
 *(.exceptions.soft)
 *(.exceptions.unknown.user)
 *(.exceptions.unknown)
 *(.exceptions.exit.label)
 *(.exceptions.exit.user)
 *(.exceptions.exit)
 *(.exceptions)
                0x0000000004040020                PROVIDE (__ram_exceptions_end, ABSOLUTE (.))
                0x0000000004040020                PROVIDE (__flash_exceptions_start, LOADADDR (.exceptions))

.text           0x0000000004040020      0x31c
                [!provide]                        PROVIDE (stext, ABSOLUTE (.))
 *(.interp)
 *(.hash)
 *(.dynsym)
 *(.dynstr)
 *(.gnu.version)
 *(.gnu.version_d)
 *(.gnu.version_r)
 *(.rel.init)
 *(.rela.init)
 *(.rel.text .rel.text.* .rel.gnu.linkonce.t.*)
 *(.rela.text .rela.text.* .rela.gnu.linkonce.t.*)
 *(.rel.fini)
 *(.rela.fini)
 *(.rel.rodata .rel.rodata.* .rel.gnu.linkonce.r.*)
 *(.rela.rodata .rela.rodata.* .rela.gnu.linkonce.r.*)
 *(.rel.data .rel.data.* .rel.gnu.linkonce.d.*)
 *(.rela.data .rela.data.* .rela.gnu.linkonce.d.*)
 *(.rel.tdata .rel.tdata.* .rel.gnu.linkonce.td.*)
 *(.rela.tdata .rela.tdata.* .rela.gnu.linkonce.td.*)
 *(.rel.tbss .rel.tbss.* .rel.gnu.linkonce.tb.*)
 *(.rela.tbss .rela.tbss.* .rela.gnu.linkonce.tb.*)
 *(.rel.ctors)
 *(.rela.ctors)
 *(.rel.dtors)
 *(.rela.dtors)
 *(.rel.got)
 *(.rela.got)
 *(.rel.sdata .rel.sdata.* .rel.gnu.linkonce.s.*)
 *(.rela.sdata .rela.sdata.* .rela.gnu.linkonce.s.*)
 *(.rel.sbss .rel.sbss.* .rel.gnu.linkonce.sb.*)
 *(.rela.sbss .rela.sbss.* .rela.gnu.linkonce.sb.*)
 *(.rel.sdata2 .rel.sdata2.* .rel.gnu.linkonce.s2.*)
 *(.rela.sdata2 .rela.sdata2.* .rela.gnu.linkonce.s2.*)
 *(.rel.sbss2 .rel.sbss2.* .rel.gnu.linkonce.sb2.*)
 *(.rela.sbss2 .rela.sbss2.* .rela.gnu.linkonce.sb2.*)
 *(.rel.bss .rel.bss.* .rel.gnu.linkonce.b.*)
 *(.rela.bss .rela.bss.* .rela.gnu.linkonce.b.*)
 *(.rel.plt)
 *(.rela.plt)
 *(.rel.dyn)
 *(.init)
 *(.plt)
 *(.text .stub .text.* .gnu.linkonce.t.*)
 .text          0x0000000004040020       0x4c ../project_main_bsp//obj/HAL/src/crt0.o
                0x0000000004040020                _start
 .text          0x000000000404006c       0x40 obj/default/main.o
                0x000000000404006c                clrBuffer
 .text.startup  0x00000000040400ac       0x74 obj/default/main.o
                0x00000000040400ac                main
 .text          0x0000000004040120       0xe0 ../project_main_bsp/\libhal_bsp.a(alt_load.o)
                0x0000000004040120                alt_load
 .text          0x0000000004040200       0x2c ../project_main_bsp/\libhal_bsp.a(alt_main.o)
                0x0000000004040200                alt_main
 .text          0x000000000404022c       0x38 ../project_main_bsp/\libhal_bsp.a(alt_putstr.o)
                0x000000000404022c                alt_putstr
 .text          0x0000000004040264       0x24 ../project_main_bsp/\libhal_bsp.a(alt_sys_init.o)
                0x0000000004040264                alt_irq_init
                0x0000000004040284                alt_sys_init
 .text          0x0000000004040288       0x34 ../project_main_bsp/\libhal_bsp.a(altera_avalon_jtag_uart_write.o)
                0x0000000004040288                altera_avalon_jtag_uart_write
 .text          0x00000000040402bc       0x18 ../project_main_bsp/\libhal_bsp.a(alt_dcache_flush_all.o)
                0x00000000040402bc                alt_dcache_flush_all
 .text          0x00000000040402d4        0xc ../project_main_bsp/\libhal_bsp.a(alt_icache_flush_all.o)
                0x00000000040402d4                alt_icache_flush_all
 .text          0x00000000040402e0        0x8 ../project_main_bsp/\libhal_bsp.a(altera_nios2_gen2_irq.o)
                0x00000000040402e0                altera_nios2_gen2_irq_init
 .text          0x00000000040402e8       0x38 ../project_main_bsp/\libhal_bsp.a(alt_icache_flush.o)
                0x00000000040402e8                alt_icache_flush
 .text          0x0000000004040320        0x0 c:/intelfpga_lite/18.1/nios2eds/bin/gnu/h-x86_64-mingw32/bin/../lib/gcc/nios2-elf/5.3.0/../../../../../H-x86_64-mingw32/nios2-elf/lib\libsmallc.a(lib_a-strlen.o)
 .text.strlen   0x0000000004040320       0x1c c:/intelfpga_lite/18.1/nios2eds/bin/gnu/h-x86_64-mingw32/bin/../lib/gcc/nios2-elf/5.3.0/../../../../../H-x86_64-mingw32/nios2-elf/lib\libsmallc.a(lib_a-strlen.o)
                0x0000000004040320                strlen
 *(.gnu.warning.*)
 *(.fini)
                [!provide]                        PROVIDE (__etext, ABSOLUTE (.))
                [!provide]                        PROVIDE (_etext, ABSOLUTE (.))
                [!provide]                        PROVIDE (etext, ABSOLUTE (.))
 *(.eh_frame_hdr)
                0x000000000404033c                . = ALIGN (0x4)
                [!provide]                        PROVIDE (__preinit_array_start, ABSOLUTE (.))
 *(.preinit_array)
                [!provide]                        PROVIDE (__preinit_array_end, ABSOLUTE (.))
                [!provide]                        PROVIDE (__init_array_start, ABSOLUTE (.))
 *(.init_array)
                [!provide]                        PROVIDE (__init_array_end, ABSOLUTE (.))
                [!provide]                        PROVIDE (__fini_array_start, ABSOLUTE (.))
 *(.fini_array)
                [!provide]                        PROVIDE (__fini_array_end, ABSOLUTE (.))
 *(.eh_frame)
 *(.gcc_except_table .gcc_except_table.*)
 *(.dynamic)
                [!provide]                        PROVIDE (__CTOR_LIST__, ABSOLUTE (.))
 *(.ctors)
 *(SORT(.ctors.*))
                [!provide]                        PROVIDE (__CTOR_END__, ABSOLUTE (.))
                [!provide]                        PROVIDE (__DTOR_LIST__, ABSOLUTE (.))
 *(.dtors)
 *(SORT(.dtors.*))
                [!provide]                        PROVIDE (__DTOR_END__, ABSOLUTE (.))
 *(.jcr)
                0x000000000404033c                . = ALIGN (0x4)

.rodata         0x0000000002000000       0x24 load address 0x000000000404033c
                0x0000000002000000                PROVIDE (__ram_rodata_start, ABSOLUTE (.))
                0x0000000002000000                . = ALIGN (0x4)
 *(.rodata .rodata.* .gnu.linkonce.r.*)
 .rodata.str1.4
                0x0000000002000000       0x24 obj/default/main.o
 *(.rodata1)
                0x0000000002000024                . = ALIGN (0x4)
                0x0000000002000024                PROVIDE (__ram_rodata_end, ABSOLUTE (.))
                0x000000000404033c                PROVIDE (__flash_rodata_start, LOADADDR (.rodata))

.rwdata         0x0000000002000024        0x4 load address 0x0000000004040360
                0x0000000002000024                PROVIDE (__ram_rwdata_start, ABSOLUTE (.))
                0x0000000002000024                . = ALIGN (0x4)
 *(.got.plt)
 *(.got)
 *(.data1)
 *(.data .data.* .gnu.linkonce.d.*)
 .data          0x0000000002000024        0x0 ../project_main_bsp//obj/HAL/src/crt0.o
 .data          0x0000000002000024        0x0 obj/default/main.o
 .data          0x0000000002000024        0x0 ../project_main_bsp/\libhal_bsp.a(alt_load.o)
 .data          0x0000000002000024        0x0 ../project_main_bsp/\libhal_bsp.a(alt_main.o)
 .data          0x0000000002000024        0x0 ../project_main_bsp/\libhal_bsp.a(alt_putstr.o)
 .data          0x0000000002000024        0x0 ../project_main_bsp/\libhal_bsp.a(alt_sys_init.o)
 .data          0x0000000002000024        0x0 ../project_main_bsp/\libhal_bsp.a(altera_avalon_jtag_uart_write.o)
 .data          0x0000000002000024        0x0 ../project_main_bsp/\libhal_bsp.a(alt_dcache_flush_all.o)
 .data          0x0000000002000024        0x0 ../project_main_bsp/\libhal_bsp.a(alt_icache_flush_all.o)
 .data          0x0000000002000024        0x0 ../project_main_bsp/\libhal_bsp.a(altera_nios2_gen2_irq.o)
 .data          0x0000000002000024        0x0 ../project_main_bsp/\libhal_bsp.a(alt_icache_flush.o)
 .data          0x0000000002000024        0x0 c:/intelfpga_lite/18.1/nios2eds/bin/gnu/h-x86_64-mingw32/bin/../lib/gcc/nios2-elf/5.3.0/../../../../../H-x86_64-mingw32/nios2-elf/lib\libsmallc.a(lib_a-strlen.o)
                0x0000000002008024                _gp = ABSOLUTE ((. + 0x8000))
                [!provide]                        PROVIDE (gp, _gp)
 *(.rwdata .rwdata.*)
 *(.sdata .sdata.* .gnu.linkonce.s.*)
 .sdata         0x0000000002000024        0x4 ../project_main_bsp/\libhal_bsp.a(alt_sys_init.o)
                0x0000000002000024                UART_JTAG
 *(.sdata2 .sdata2.* .gnu.linkonce.s2.*)
                0x0000000002000028                . = ALIGN (0x4)
                0x0000000002000028                _edata = ABSOLUTE (.)
                [!provide]                        PROVIDE (edata, ABSOLUTE (.))
                0x0000000002000028                PROVIDE (__ram_rwdata_end, ABSOLUTE (.))
                0x0000000004040360                PROVIDE (__flash_rwdata_start, LOADADDR (.rwdata))

.bss            0x0000000002000028        0xc load address 0x0000000004040364
                0x0000000002000028                __bss_start = ABSOLUTE (.)
                [!provide]                        PROVIDE (__sbss_start, ABSOLUTE (.))
                [!provide]                        PROVIDE (___sbss_start, ABSOLUTE (.))
 *(.dynsbss)
 *(.sbss .sbss.* .gnu.linkonce.sb.*)
 .sbss          0x0000000002000028        0xc ../project_main_bsp/\libhal_bsp.a(alt_main.o)
                0x0000000002000028                alt_envp
                0x000000000200002c                alt_argv
                0x0000000002000030                alt_argc
 *(.sbss2 .sbss2.* .gnu.linkonce.sb2.*)
 *(.scommon)
                [!provide]                        PROVIDE (__sbss_end, ABSOLUTE (.))
                [!provide]                        PROVIDE (___sbss_end, ABSOLUTE (.))
 *(.dynbss)
 *(.bss .bss.* .gnu.linkonce.b.*)
 .bss           0x0000000002000034        0x0 ../project_main_bsp//obj/HAL/src/crt0.o
 .bss           0x0000000002000034        0x0 obj/default/main.o
 .bss           0x0000000002000034        0x0 ../project_main_bsp/\libhal_bsp.a(alt_load.o)
 .bss           0x0000000002000034        0x0 ../project_main_bsp/\libhal_bsp.a(alt_main.o)
 .bss           0x0000000002000034        0x0 ../project_main_bsp/\libhal_bsp.a(alt_putstr.o)
 .bss           0x0000000002000034        0x0 ../project_main_bsp/\libhal_bsp.a(alt_sys_init.o)
 .bss           0x0000000002000034        0x0 ../project_main_bsp/\libhal_bsp.a(altera_avalon_jtag_uart_write.o)
 .bss           0x0000000002000034        0x0 ../project_main_bsp/\libhal_bsp.a(alt_dcache_flush_all.o)
 .bss           0x0000000002000034        0x0 ../project_main_bsp/\libhal_bsp.a(alt_icache_flush_all.o)
 .bss           0x0000000002000034        0x0 ../project_main_bsp/\libhal_bsp.a(altera_nios2_gen2_irq.o)
 .bss           0x0000000002000034        0x0 ../project_main_bsp/\libhal_bsp.a(alt_icache_flush.o)
 .bss           0x0000000002000034        0x0 c:/intelfpga_lite/18.1/nios2eds/bin/gnu/h-x86_64-mingw32/bin/../lib/gcc/nios2-elf/5.3.0/../../../../../H-x86_64-mingw32/nios2-elf/lib\libsmallc.a(lib_a-strlen.o)
 *(COMMON)
                0x0000000002000034                . = ALIGN (0x4)
                0x0000000002000034                __bss_end = ABSOLUTE (.)

.SDRAM          0x0000000002000034        0x0 load address 0x0000000004040364
                [!provide]                        PROVIDE (_alt_partition_SDRAM_start, ABSOLUTE (.))
 *(.SDRAM .SDRAM. SDRAM.*)
                0x0000000002000034                . = ALIGN (0x4)
                [!provide]                        PROVIDE (_alt_partition_SDRAM_end, ABSOLUTE (.))
                0x0000000002000034                _end = ABSOLUTE (.)
                0x0000000002000034                end = ABSOLUTE (.)
                0x0000000002000034                __alt_stack_base = ABSOLUTE (.)
                [!provide]                        PROVIDE (_alt_partition_SDRAM_load_addr, LOADADDR (.SDRAM))

.NIOS_MEM       0x0000000004040364        0x0
                [!provide]                        PROVIDE (_alt_partition_NIOS_MEM_start, ABSOLUTE (.))
 *(.NIOS_MEM .NIOS_MEM. NIOS_MEM.*)
                0x0000000004040364                . = ALIGN (0x4)
                [!provide]                        PROVIDE (_alt_partition_NIOS_MEM_end, ABSOLUTE (.))
                [!provide]                        PROVIDE (_alt_partition_NIOS_MEM_load_addr, LOADADDR (.NIOS_MEM))

.stab
 *(.stab)

.stabstr
 *(.stabstr)

.stab.excl
 *(.stab.excl)

.stab.exclstr
 *(.stab.exclstr)

.stab.index
 *(.stab.index)

.stab.indexstr
 *(.stab.indexstr)

.comment        0x0000000000000000       0x23
 *(.comment)
 .comment       0x0000000000000000       0x23 obj/default/main.o
                                         0x24 (size before relaxing)
 .comment       0x0000000000000023       0x24 ../project_main_bsp/\libhal_bsp.a(alt_load.o)
 .comment       0x0000000000000023       0x24 ../project_main_bsp/\libhal_bsp.a(alt_main.o)
 .comment       0x0000000000000023       0x24 ../project_main_bsp/\libhal_bsp.a(alt_putstr.o)
 .comment       0x0000000000000023       0x24 ../project_main_bsp/\libhal_bsp.a(alt_sys_init.o)
 .comment       0x0000000000000023       0x24 ../project_main_bsp/\libhal_bsp.a(altera_avalon_jtag_uart_write.o)
 .comment       0x0000000000000023       0x24 ../project_main_bsp/\libhal_bsp.a(alt_dcache_flush_all.o)
 .comment       0x0000000000000023       0x24 ../project_main_bsp/\libhal_bsp.a(alt_icache_flush_all.o)
 .comment       0x0000000000000023       0x24 ../project_main_bsp/\libhal_bsp.a(altera_nios2_gen2_irq.o)
 .comment       0x0000000000000023       0x24 ../project_main_bsp/\libhal_bsp.a(alt_icache_flush.o)
 .comment       0x0000000000000023       0x24 c:/intelfpga_lite/18.1/nios2eds/bin/gnu/h-x86_64-mingw32/bin/../lib/gcc/nios2-elf/5.3.0/../../../../../H-x86_64-mingw32/nios2-elf/lib\libsmallc.a(lib_a-strlen.o)

.debug
 *(.debug)

.line
 *(.line)

.debug_srcinfo
 *(.debug_srcinfo)

.debug_sfnames
 *(.debug_sfnames)

.debug_aranges  0x0000000000000000      0x190
 *(.debug_aranges)
 .debug_aranges
                0x0000000000000000       0x28 ../project_main_bsp//obj/HAL/src/crt0.o
 .debug_aranges
                0x0000000000000028       0x28 obj/default/main.o
 .debug_aranges
                0x0000000000000050       0x20 ../project_main_bsp/\libhal_bsp.a(alt_load.o)
 .debug_aranges
                0x0000000000000070       0x20 ../project_main_bsp/\libhal_bsp.a(alt_main.o)
 .debug_aranges
                0x0000000000000090       0x20 ../project_main_bsp/\libhal_bsp.a(alt_putstr.o)
 .debug_aranges
                0x00000000000000b0       0x20 ../project_main_bsp/\libhal_bsp.a(alt_sys_init.o)
 .debug_aranges
                0x00000000000000d0       0x20 ../project_main_bsp/\libhal_bsp.a(altera_avalon_jtag_uart_write.o)
 .debug_aranges
                0x00000000000000f0       0x20 ../project_main_bsp/\libhal_bsp.a(alt_dcache_flush_all.o)
 .debug_aranges
                0x0000000000000110       0x20 ../project_main_bsp/\libhal_bsp.a(alt_icache_flush_all.o)
 .debug_aranges
                0x0000000000000130       0x20 ../project_main_bsp/\libhal_bsp.a(altera_nios2_gen2_irq.o)
 .debug_aranges
                0x0000000000000150       0x20 ../project_main_bsp/\libhal_bsp.a(alt_icache_flush.o)
 .debug_aranges
                0x0000000000000170       0x20 c:/intelfpga_lite/18.1/nios2eds/bin/gnu/h-x86_64-mingw32/bin/../lib/gcc/nios2-elf/5.3.0/../../../../../H-x86_64-mingw32/nios2-elf/lib\libsmallc.a(lib_a-strlen.o)

.debug_pubnames
 *(.debug_pubnames)

.debug_info     0x0000000000000000      0xccd
 *(.debug_info .gnu.linkonce.wi.*)
 .debug_info    0x0000000000000000       0x77 ../project_main_bsp//obj/HAL/src/crt0.o
 .debug_info    0x0000000000000077      0x11f obj/default/main.o
 .debug_info    0x0000000000000196      0x1c9 ../project_main_bsp/\libhal_bsp.a(alt_load.o)
 .debug_info    0x000000000000035f      0x169 ../project_main_bsp/\libhal_bsp.a(alt_main.o)
 .debug_info    0x00000000000004c8      0x13a ../project_main_bsp/\libhal_bsp.a(alt_putstr.o)
 .debug_info    0x0000000000000602      0x19d ../project_main_bsp/\libhal_bsp.a(alt_sys_init.o)
 .debug_info    0x000000000000079f      0x197 ../project_main_bsp/\libhal_bsp.a(altera_avalon_jtag_uart_write.o)
 .debug_info    0x0000000000000936       0xa6 ../project_main_bsp/\libhal_bsp.a(alt_dcache_flush_all.o)
 .debug_info    0x00000000000009dc       0xb8 ../project_main_bsp/\libhal_bsp.a(alt_icache_flush_all.o)
 .debug_info    0x0000000000000a94       0x92 ../project_main_bsp/\libhal_bsp.a(altera_nios2_gen2_irq.o)
 .debug_info    0x0000000000000b26       0xde ../project_main_bsp/\libhal_bsp.a(alt_icache_flush.o)
 .debug_info    0x0000000000000c04       0xc9 c:/intelfpga_lite/18.1/nios2eds/bin/gnu/h-x86_64-mingw32/bin/../lib/gcc/nios2-elf/5.3.0/../../../../../H-x86_64-mingw32/nios2-elf/lib\libsmallc.a(lib_a-strlen.o)

.debug_abbrev   0x0000000000000000      0x791
 *(.debug_abbrev)
 .debug_abbrev  0x0000000000000000       0x12 ../project_main_bsp//obj/HAL/src/crt0.o
 .debug_abbrev  0x0000000000000012       0xde obj/default/main.o
 .debug_abbrev  0x00000000000000f0       0xd8 ../project_main_bsp/\libhal_bsp.a(alt_load.o)
 .debug_abbrev  0x00000000000001c8       0xee ../project_main_bsp/\libhal_bsp.a(alt_main.o)
 .debug_abbrev  0x00000000000002b6       0xd3 ../project_main_bsp/\libhal_bsp.a(alt_putstr.o)
 .debug_abbrev  0x0000000000000389      0x10e ../project_main_bsp/\libhal_bsp.a(alt_sys_init.o)
 .debug_abbrev  0x0000000000000497       0xd5 ../project_main_bsp/\libhal_bsp.a(altera_avalon_jtag_uart_write.o)
 .debug_abbrev  0x000000000000056c       0x5a ../project_main_bsp/\libhal_bsp.a(alt_dcache_flush_all.o)
 .debug_abbrev  0x00000000000005c6       0x6f ../project_main_bsp/\libhal_bsp.a(alt_icache_flush_all.o)
 .debug_abbrev  0x0000000000000635       0x42 ../project_main_bsp/\libhal_bsp.a(altera_nios2_gen2_irq.o)
 .debug_abbrev  0x0000000000000677       0x9b ../project_main_bsp/\libhal_bsp.a(alt_icache_flush.o)
 .debug_abbrev  0x0000000000000712       0x7f c:/intelfpga_lite/18.1/nios2eds/bin/gnu/h-x86_64-mingw32/bin/../lib/gcc/nios2-elf/5.3.0/../../../../../H-x86_64-mingw32/nios2-elf/lib\libsmallc.a(lib_a-strlen.o)

.debug_line     0x0000000000000000      0x86d
 *(.debug_line)
 .debug_line    0x0000000000000000       0x72 ../project_main_bsp//obj/HAL/src/crt0.o
 .debug_line    0x0000000000000072      0x102 obj/default/main.o
 .debug_line    0x0000000000000174       0xa4 ../project_main_bsp/\libhal_bsp.a(alt_load.o)
 .debug_line    0x0000000000000218       0xbd ../project_main_bsp/\libhal_bsp.a(alt_main.o)
 .debug_line    0x00000000000002d5       0xa0 ../project_main_bsp/\libhal_bsp.a(alt_putstr.o)
 .debug_line    0x0000000000000375      0x11a ../project_main_bsp/\libhal_bsp.a(alt_sys_init.o)
 .debug_line    0x000000000000048f       0xf0 ../project_main_bsp/\libhal_bsp.a(altera_avalon_jtag_uart_write.o)
 .debug_line    0x000000000000057f       0x5a ../project_main_bsp/\libhal_bsp.a(alt_dcache_flush_all.o)
 .debug_line    0x00000000000005d9       0x6e ../project_main_bsp/\libhal_bsp.a(alt_icache_flush_all.o)
 .debug_line    0x0000000000000647       0x50 ../project_main_bsp/\libhal_bsp.a(altera_nios2_gen2_irq.o)
 .debug_line    0x0000000000000697       0x7d ../project_main_bsp/\libhal_bsp.a(alt_icache_flush.o)
 .debug_line    0x0000000000000714      0x159 c:/intelfpga_lite/18.1/nios2eds/bin/gnu/h-x86_64-mingw32/bin/../lib/gcc/nios2-elf/5.3.0/../../../../../H-x86_64-mingw32/nios2-elf/lib\libsmallc.a(lib_a-strlen.o)

.debug_frame    0x0000000000000000      0x1c0
 *(.debug_frame)
 .debug_frame   0x0000000000000000       0x38 obj/default/main.o
 .debug_frame   0x0000000000000038       0x30 ../project_main_bsp/\libhal_bsp.a(alt_load.o)
 .debug_frame   0x0000000000000068       0x2c ../project_main_bsp/\libhal_bsp.a(alt_main.o)
 .debug_frame   0x0000000000000094       0x30 ../project_main_bsp/\libhal_bsp.a(alt_putstr.o)
 .debug_frame   0x00000000000000c4       0x3c ../project_main_bsp/\libhal_bsp.a(alt_sys_init.o)
 .debug_frame   0x0000000000000100       0x20 ../project_main_bsp/\libhal_bsp.a(altera_avalon_jtag_uart_write.o)
 .debug_frame   0x0000000000000120       0x20 ../project_main_bsp/\libhal_bsp.a(alt_dcache_flush_all.o)
 .debug_frame   0x0000000000000140       0x20 ../project_main_bsp/\libhal_bsp.a(alt_icache_flush_all.o)
 .debug_frame   0x0000000000000160       0x20 ../project_main_bsp/\libhal_bsp.a(altera_nios2_gen2_irq.o)
 .debug_frame   0x0000000000000180       0x20 ../project_main_bsp/\libhal_bsp.a(alt_icache_flush.o)
 .debug_frame   0x00000000000001a0       0x20 c:/intelfpga_lite/18.1/nios2eds/bin/gnu/h-x86_64-mingw32/bin/../lib/gcc/nios2-elf/5.3.0/../../../../../H-x86_64-mingw32/nios2-elf/lib\libsmallc.a(lib_a-strlen.o)

.debug_str      0x0000000000000000      0x5f7
 *(.debug_str)
 .debug_str     0x0000000000000000       0xf6 obj/default/main.o
                                        0x129 (size before relaxing)
 .debug_str     0x00000000000000f6      0x173 ../project_main_bsp/\libhal_bsp.a(alt_load.o)
                                        0x242 (size before relaxing)
 .debug_str     0x0000000000000269       0x8f ../project_main_bsp/\libhal_bsp.a(alt_main.o)
                                        0x1bb (size before relaxing)
 .debug_str     0x00000000000002f8       0x64 ../project_main_bsp/\libhal_bsp.a(alt_putstr.o)
                                        0x196 (size before relaxing)
 .debug_str     0x000000000000035c       0xb9 ../project_main_bsp/\libhal_bsp.a(alt_sys_init.o)
                                        0x262 (size before relaxing)
 .debug_str     0x0000000000000415       0x38 ../project_main_bsp/\libhal_bsp.a(altera_avalon_jtag_uart_write.o)
                                        0x21b (size before relaxing)
 .debug_str     0x000000000000044d       0x1f ../project_main_bsp/\libhal_bsp.a(alt_dcache_flush_all.o)
                                        0x15b (size before relaxing)
 .debug_str     0x000000000000046c       0x30 ../project_main_bsp/\libhal_bsp.a(alt_icache_flush_all.o)
                                        0x16c (size before relaxing)
 .debug_str     0x000000000000049c       0x20 ../project_main_bsp/\libhal_bsp.a(altera_nios2_gen2_irq.o)
                                        0x162 (size before relaxing)
 .debug_str     0x00000000000004bc       0x1b ../project_main_bsp/\libhal_bsp.a(alt_icache_flush.o)
                                        0x161 (size before relaxing)
 .debug_str     0x00000000000004d7      0x120 c:/intelfpga_lite/18.1/nios2eds/bin/gnu/h-x86_64-mingw32/bin/../lib/gcc/nios2-elf/5.3.0/../../../../../H-x86_64-mingw32/nios2-elf/lib\libsmallc.a(lib_a-strlen.o)
                                        0x1cb (size before relaxing)

.debug_loc      0x0000000000000000      0x1d2
 *(.debug_loc)
 .debug_loc     0x0000000000000000       0x60 obj/default/main.o
 .debug_loc     0x0000000000000060       0x37 ../project_main_bsp/\libhal_bsp.a(alt_putstr.o)
 .debug_loc     0x0000000000000097       0x21 ../project_main_bsp/\libhal_bsp.a(alt_sys_init.o)
 .debug_loc     0x00000000000000b8       0x8b ../project_main_bsp/\libhal_bsp.a(altera_avalon_jtag_uart_write.o)
 .debug_loc     0x0000000000000143       0x1f ../project_main_bsp/\libhal_bsp.a(alt_dcache_flush_all.o)
 .debug_loc     0x0000000000000162       0x52 ../project_main_bsp/\libhal_bsp.a(alt_icache_flush.o)
 .debug_loc     0x00000000000001b4       0x1e c:/intelfpga_lite/18.1/nios2eds/bin/gnu/h-x86_64-mingw32/bin/../lib/gcc/nios2-elf/5.3.0/../../../../../H-x86_64-mingw32/nios2-elf/lib\libsmallc.a(lib_a-strlen.o)

.debug_macinfo
 *(.debug_macinfo)

.debug_weaknames
 *(.debug_weaknames)

.debug_funcnames
 *(.debug_funcnames)

.debug_typenames
 *(.debug_typenames)

.debug_varnames
 *(.debug_varnames)

.debug_alt_sim_info
                0x0000000000000000       0x30
 *(.debug_alt_sim_info)
 .debug_alt_sim_info
                0x0000000000000000       0x30 ../project_main_bsp//obj/HAL/src/crt0.o
                0x0000000004000000                __alt_data_end = 0x4000000
                0x0000000004000000                PROVIDE (__alt_stack_pointer, __alt_data_end)
                [!provide]                        PROVIDE (__alt_stack_limit, __alt_stack_base)
                [!provide]                        PROVIDE (__alt_heap_start, end)
                [!provide]                        PROVIDE (__alt_heap_limit, 0x4000000)
OUTPUT(project_main.elf elf32-littlenios2)

.debug_ranges   0x0000000000000000       0xa0
 .debug_ranges  0x0000000000000000       0x20 ../project_main_bsp//obj/HAL/src/crt0.o
 .debug_ranges  0x0000000000000020       0x18 obj/default/main.o
 .debug_ranges  0x0000000000000038       0x48 ../project_main_bsp/\libhal_bsp.a(alt_load.o)
 .debug_ranges  0x0000000000000080       0x10 ../project_main_bsp/\libhal_bsp.a(alt_icache_flush.o)
 .debug_ranges  0x0000000000000090       0x10 c:/intelfpga_lite/18.1/nios2eds/bin/gnu/h-x86_64-mingw32/bin/../lib/gcc/nios2-elf/5.3.0/../../../../../H-x86_64-mingw32/nios2-elf/lib\libsmallc.a(lib_a-strlen.o)
