Archive member included to satisfy reference by file (symbol)

../project_main_bsp/\libhal_bsp.a(alt_iic.o)
                              obj/default/main.o (alt_ic_isr_register)
../project_main_bsp/\libhal_bsp.a(alt_iic_isr_register.o)
                              ../project_main_bsp/\libhal_bsp.a(alt_iic.o) (alt_iic_isr_register)
../project_main_bsp/\libhal_bsp.a(alt_irq_entry.o)
                              ../project_main_bsp/\libhal_bsp.a(alt_iic_isr_register.o) (alt_irq_entry)
../project_main_bsp/\libhal_bsp.a(alt_irq_handler.o)
                              ../project_main_bsp/\libhal_bsp.a(alt_iic_isr_register.o) (alt_irq_handler)
../project_main_bsp/\libhal_bsp.a(alt_irq_vars.o)
                              ../project_main_bsp/\libhal_bsp.a(alt_iic.o) (alt_irq_active)
../project_main_bsp/\libhal_bsp.a(alt_load.o)
                              ../project_main_bsp//obj/HAL/src/crt0.o (alt_load)
../project_main_bsp/\libhal_bsp.a(alt_main.o)
                              ../project_main_bsp//obj/HAL/src/crt0.o (alt_main)
../project_main_bsp/\libhal_bsp.a(alt_printf.o)
                              obj/default/main.o (alt_printf)
../project_main_bsp/\libhal_bsp.a(alt_putchar.o)
                              ../project_main_bsp/\libhal_bsp.a(alt_printf.o) (alt_putchar)
../project_main_bsp/\libhal_bsp.a(alt_putstr.o)
                              obj/default/main.o (alt_putstr)
../project_main_bsp/\libhal_bsp.a(alt_sys_init.o)
                              ../project_main_bsp/\libhal_bsp.a(alt_main.o) (alt_irq_init)
../project_main_bsp/\libhal_bsp.a(altera_avalon_jtag_uart_write.o)
                              ../project_main_bsp/\libhal_bsp.a(alt_putchar.o) (altera_avalon_jtag_uart_write)
../project_main_bsp/\libhal_bsp.a(alt_dcache_flush_all.o)
                              ../project_main_bsp/\libhal_bsp.a(alt_load.o) (alt_dcache_flush_all)
../project_main_bsp/\libhal_bsp.a(alt_exception_entry.o)
                              ../project_main_bsp/\libhal_bsp.a(alt_irq_entry.o) (alt_exception)
../project_main_bsp/\libhal_bsp.a(alt_icache_flush_all.o)
                              ../project_main_bsp/\libhal_bsp.a(alt_load.o) (alt_icache_flush_all)
../project_main_bsp/\libhal_bsp.a(alt_instruction_exception_entry.o)
                              ../project_main_bsp/\libhal_bsp.a(alt_exception_entry.o) (alt_instruction_exception_entry)
../project_main_bsp/\libhal_bsp.a(altera_nios2_gen2_irq.o)
                              ../project_main_bsp/\libhal_bsp.a(alt_sys_init.o) (altera_nios2_gen2_irq_init)
../project_main_bsp/\libhal_bsp.a(alt_icache_flush.o)
                              ../project_main_bsp/\libhal_bsp.a(alt_icache_flush_all.o) (alt_icache_flush)
c:/intelfpga_lite/18.1/nios2eds/bin/gnu/h-x86_64-mingw32/bin/../lib/gcc/nios2-elf/5.3.0/../../../../../H-x86_64-mingw32/nios2-elf/lib\libsmallc.a(lib_a-strlen.o)
                              ../project_main_bsp/\libhal_bsp.a(alt_putstr.o) (strlen)

Allocating common symbols
Common symbol       size              file

alt_irq             0x100             ../project_main_bsp/\libhal_bsp.a(alt_irq_handler.o)
edge_capture        0x4               obj/default/main.o

Memory Configuration

Name             Origin             Length             Attributes
SDRAM            0x0000000002000000 0x0000000002000000
reset            0x0000000004040000 0x0000000000000020
NIOS_MEM         0x0000000004040020 0x0000000000020380
*default*        0x0000000000000000 0xffffffffffffffff

Linker script and memory map

LOAD ../project_main_bsp//obj/HAL/src/crt0.o
LOAD obj/default/main.o
LOAD c:/intelfpga_lite/18.1/nios2eds/bin/gnu/h-x86_64-mingw32/bin/../lib/gcc/nios2-elf/5.3.0/../../../../../H-x86_64-mingw32/nios2-elf/lib\libstdc++.a
LOAD c:/intelfpga_lite/18.1/nios2eds/bin/gnu/h-x86_64-mingw32/bin/../lib/gcc/nios2-elf/5.3.0/../../../../../H-x86_64-mingw32/nios2-elf/lib\libm.a
LOAD c:/intelfpga_lite/18.1/nios2eds/bin/gnu/h-x86_64-mingw32/bin/../lib/gcc/nios2-elf/5.3.0\libgcc.a
START GROUP
LOAD c:/intelfpga_lite/18.1/nios2eds/bin/gnu/h-x86_64-mingw32/bin/../lib/gcc/nios2-elf/5.3.0/../../../../../H-x86_64-mingw32/nios2-elf/lib\libsmallc.a
LOAD c:/intelfpga_lite/18.1/nios2eds/bin/gnu/h-x86_64-mingw32/bin/../lib/gcc/nios2-elf/5.3.0\libgcc.a
LOAD ../project_main_bsp/\libhal_bsp.a
LOAD c:/intelfpga_lite/18.1/nios2eds/bin/gnu/h-x86_64-mingw32/bin/../lib/gcc/nios2-elf/5.3.0/../../../../../H-x86_64-mingw32/nios2-elf/lib\libm.a
END GROUP
LOAD c:/intelfpga_lite/18.1/nios2eds/bin/gnu/h-x86_64-mingw32/bin/../lib/gcc/nios2-elf/5.3.0\libgcc.a
                0x0000000000000000                __alt_mem_SDRAM = 0x0
                0x0000000004040000                __alt_mem_NIOS_MEM = 0x4040000

.entry          0x0000000004040000       0x20
 *(.entry)
 .entry         0x0000000004040000       0x20 ../project_main_bsp//obj/HAL/src/crt0.o
                0x0000000004040000                __reset
                0x000000000404001c                _exit

.exceptions     0x0000000004040020      0x168
                0x0000000004040020                PROVIDE (__ram_exceptions_start, ABSOLUTE (.))
                0x0000000004040020                . = ALIGN (0x20)
 *(.irq)
 *(.exceptions.entry.label)
 .exceptions.entry.label
                0x0000000004040020        0x0 ../project_main_bsp/\libhal_bsp.a(alt_irq_entry.o)
                0x0000000004040020                alt_irq_entry
 .exceptions.entry.label
                0x0000000004040020        0x0 ../project_main_bsp/\libhal_bsp.a(alt_exception_entry.o)
                0x0000000004040020                alt_exception
 *(.exceptions.entry.user)
 *(.exceptions.entry.ecc_fatal)
 *(.exceptions.entry)
 .exceptions.entry
                0x0000000004040020       0x54 ../project_main_bsp/\libhal_bsp.a(alt_exception_entry.o)
 *(.exceptions.irqtest.user)
 *(.exceptions.irqtest)
 .exceptions.irqtest
                0x0000000004040074       0x10 ../project_main_bsp/\libhal_bsp.a(alt_irq_entry.o)
 *(.exceptions.irqhandler.user)
 *(.exceptions.irqhandler)
 .exceptions.irqhandler
                0x0000000004040084        0x4 ../project_main_bsp/\libhal_bsp.a(alt_irq_entry.o)
 *(.exceptions.irqreturn.user)
 *(.exceptions.irqreturn)
 .exceptions.irqreturn
                0x0000000004040088        0x4 ../project_main_bsp/\libhal_bsp.a(alt_irq_entry.o)
 *(.exceptions.notirq.label)
 .exceptions.notirq.label
                0x000000000404008c        0x0 ../project_main_bsp/\libhal_bsp.a(alt_irq_entry.o)
 *(.exceptions.notirq.user)
 *(.exceptions.notirq)
 .exceptions.notirq
                0x000000000404008c        0x8 ../project_main_bsp/\libhal_bsp.a(alt_exception_entry.o)
 *(.exceptions.soft.user)
 *(.exceptions.soft)
 *(.exceptions.unknown.user)
 *(.exceptions.unknown)
 .exceptions.unknown
                0x0000000004040094       0x14 ../project_main_bsp/\libhal_bsp.a(alt_exception_entry.o)
 *(.exceptions.exit.label)
 .exceptions.exit.label
                0x00000000040400a8        0x0 ../project_main_bsp/\libhal_bsp.a(alt_irq_entry.o)
 .exceptions.exit.label
                0x00000000040400a8        0x0 ../project_main_bsp/\libhal_bsp.a(alt_exception_entry.o)
 *(.exceptions.exit.user)
 *(.exceptions.exit)
 .exceptions.exit
                0x00000000040400a8       0x54 ../project_main_bsp/\libhal_bsp.a(alt_exception_entry.o)
 *(.exceptions)
 .exceptions    0x00000000040400fc       0x60 ../project_main_bsp/\libhal_bsp.a(alt_irq_handler.o)
                0x00000000040400fc                alt_irq_handler
 .exceptions    0x000000000404015c       0x2c ../project_main_bsp/\libhal_bsp.a(alt_instruction_exception_entry.o)
                0x000000000404015c                alt_instruction_exception_entry
                0x0000000004040188                PROVIDE (__ram_exceptions_end, ABSOLUTE (.))
                0x0000000004040020                PROVIDE (__flash_exceptions_start, LOADADDR (.exceptions))

.text           0x0000000004040188      0x814
                [!provide]                        PROVIDE (stext, ABSOLUTE (.))
 *(.interp)
 *(.hash)
 *(.dynsym)
 *(.dynstr)
 *(.gnu.version)
 *(.gnu.version_d)
 *(.gnu.version_r)
 *(.rel.init)
 *(.rela.init)
 *(.rel.text .rel.text.* .rel.gnu.linkonce.t.*)
 *(.rela.text .rela.text.* .rela.gnu.linkonce.t.*)
 *(.rel.fini)
 *(.rela.fini)
 *(.rel.rodata .rel.rodata.* .rel.gnu.linkonce.r.*)
 *(.rela.rodata .rela.rodata.* .rela.gnu.linkonce.r.*)
 *(.rel.data .rel.data.* .rel.gnu.linkonce.d.*)
 *(.rela.data .rela.data.* .rela.gnu.linkonce.d.*)
 *(.rel.tdata .rel.tdata.* .rel.gnu.linkonce.td.*)
 *(.rela.tdata .rela.tdata.* .rela.gnu.linkonce.td.*)
 *(.rel.tbss .rel.tbss.* .rel.gnu.linkonce.tb.*)
 *(.rela.tbss .rela.tbss.* .rela.gnu.linkonce.tb.*)
 *(.rel.ctors)
 *(.rela.ctors)
 *(.rel.dtors)
 *(.rela.dtors)
 *(.rel.got)
 *(.rela.got)
 *(.rel.sdata .rel.sdata.* .rel.gnu.linkonce.s.*)
 *(.rela.sdata .rela.sdata.* .rela.gnu.linkonce.s.*)
 *(.rel.sbss .rel.sbss.* .rel.gnu.linkonce.sb.*)
 *(.rela.sbss .rela.sbss.* .rela.gnu.linkonce.sb.*)
 *(.rel.sdata2 .rel.sdata2.* .rel.gnu.linkonce.s2.*)
 *(.rela.sdata2 .rela.sdata2.* .rela.gnu.linkonce.s2.*)
 *(.rel.sbss2 .rel.sbss2.* .rel.gnu.linkonce.sb2.*)
 *(.rela.sbss2 .rela.sbss2.* .rela.gnu.linkonce.sb2.*)
 *(.rel.bss .rel.bss.* .rel.gnu.linkonce.b.*)
 *(.rela.bss .rela.bss.* .rela.gnu.linkonce.b.*)
 *(.rel.plt)
 *(.rela.plt)
 *(.rel.dyn)
 *(.init)
 *(.plt)
 *(.text .stub .text.* .gnu.linkonce.t.*)
 .text          0x0000000004040188       0x4c ../project_main_bsp//obj/HAL/src/crt0.o
                0x0000000004040188                _start
 .text          0x00000000040401d4      0x228 obj/default/main.o
                0x00000000040401d4                clrBuffer
                0x0000000004040214                writeImage
                0x00000000040403a0                KEY_IN_ISR
 .text.startup  0x00000000040403fc       0x64 obj/default/main.o
                0x00000000040403fc                main
 .text          0x0000000004040460       0x8c ../project_main_bsp/\libhal_bsp.a(alt_iic.o)
                0x0000000004040460                alt_ic_isr_register
                0x0000000004040464                alt_ic_irq_enable
                0x000000000404049c                alt_ic_irq_disable
                0x00000000040404d4                alt_ic_irq_enabled
 .text          0x00000000040404ec       0x68 ../project_main_bsp/\libhal_bsp.a(alt_iic_isr_register.o)
                0x00000000040404ec                alt_iic_isr_register
 .text          0x0000000004040554        0x0 ../project_main_bsp/\libhal_bsp.a(alt_irq_entry.o)
 .text          0x0000000004040554        0x0 ../project_main_bsp/\libhal_bsp.a(alt_irq_handler.o)
 .text          0x0000000004040554        0x0 ../project_main_bsp/\libhal_bsp.a(alt_irq_vars.o)
 .text          0x0000000004040554       0xe0 ../project_main_bsp/\libhal_bsp.a(alt_load.o)
                0x0000000004040554                alt_load
 .text          0x0000000004040634       0x2c ../project_main_bsp/\libhal_bsp.a(alt_main.o)
                0x0000000004040634                alt_main
 .text          0x0000000004040660      0x170 ../project_main_bsp/\libhal_bsp.a(alt_printf.o)
                0x0000000004040660                alt_printf
 .text          0x00000000040407d0       0x48 ../project_main_bsp/\libhal_bsp.a(alt_putchar.o)
                0x00000000040407d0                alt_putchar
 .text          0x0000000004040818       0x38 ../project_main_bsp/\libhal_bsp.a(alt_putstr.o)
                0x0000000004040818                alt_putstr
 .text          0x0000000004040850       0x24 ../project_main_bsp/\libhal_bsp.a(alt_sys_init.o)
                0x0000000004040850                alt_irq_init
                0x0000000004040870                alt_sys_init
 .text          0x0000000004040874       0x34 ../project_main_bsp/\libhal_bsp.a(altera_avalon_jtag_uart_write.o)
                0x0000000004040874                altera_avalon_jtag_uart_write
 .text          0x00000000040408a8       0x18 ../project_main_bsp/\libhal_bsp.a(alt_dcache_flush_all.o)
                0x00000000040408a8                alt_dcache_flush_all
 .text          0x00000000040408c0        0x0 ../project_main_bsp/\libhal_bsp.a(alt_exception_entry.o)
 .text          0x00000000040408c0        0xc ../project_main_bsp/\libhal_bsp.a(alt_icache_flush_all.o)
                0x00000000040408c0                alt_icache_flush_all
 .text          0x00000000040408cc       0x74 ../project_main_bsp/\libhal_bsp.a(alt_instruction_exception_entry.o)
                0x00000000040408cc                alt_exception_cause_generated_bad_addr
 .text          0x0000000004040940        0x8 ../project_main_bsp/\libhal_bsp.a(altera_nios2_gen2_irq.o)
                0x0000000004040940                altera_nios2_gen2_irq_init
 .text          0x0000000004040948       0x38 ../project_main_bsp/\libhal_bsp.a(alt_icache_flush.o)
                0x0000000004040948                alt_icache_flush
 .text          0x0000000004040980        0x0 c:/intelfpga_lite/18.1/nios2eds/bin/gnu/h-x86_64-mingw32/bin/../lib/gcc/nios2-elf/5.3.0/../../../../../H-x86_64-mingw32/nios2-elf/lib\libsmallc.a(lib_a-strlen.o)
 .text.strlen   0x0000000004040980       0x1c c:/intelfpga_lite/18.1/nios2eds/bin/gnu/h-x86_64-mingw32/bin/../lib/gcc/nios2-elf/5.3.0/../../../../../H-x86_64-mingw32/nios2-elf/lib\libsmallc.a(lib_a-strlen.o)
                0x0000000004040980                strlen
 *(.gnu.warning.*)
 *(.fini)
                [!provide]                        PROVIDE (__etext, ABSOLUTE (.))
                [!provide]                        PROVIDE (_etext, ABSOLUTE (.))
                [!provide]                        PROVIDE (etext, ABSOLUTE (.))
 *(.eh_frame_hdr)
                0x000000000404099c                . = ALIGN (0x4)
                [!provide]                        PROVIDE (__preinit_array_start, ABSOLUTE (.))
 *(.preinit_array)
                [!provide]                        PROVIDE (__preinit_array_end, ABSOLUTE (.))
                [!provide]                        PROVIDE (__init_array_start, ABSOLUTE (.))
 *(.init_array)
                [!provide]                        PROVIDE (__init_array_end, ABSOLUTE (.))
                [!provide]                        PROVIDE (__fini_array_start, ABSOLUTE (.))
 *(.fini_array)
                [!provide]                        PROVIDE (__fini_array_end, ABSOLUTE (.))
 *(.eh_frame)
 *(.gcc_except_table .gcc_except_table.*)
 *(.dynamic)
                [!provide]                        PROVIDE (__CTOR_LIST__, ABSOLUTE (.))
 *(.ctors)
 *(SORT(.ctors.*))
                [!provide]                        PROVIDE (__CTOR_END__, ABSOLUTE (.))
                [!provide]                        PROVIDE (__DTOR_LIST__, ABSOLUTE (.))
 *(.dtors)
 *(SORT(.dtors.*))
                [!provide]                        PROVIDE (__DTOR_END__, ABSOLUTE (.))
 *(.jcr)
                0x000000000404099c                . = ALIGN (0x4)

.rodata         0x0000000002000000       0x6c load address 0x000000000404099c
                0x0000000002000000                PROVIDE (__ram_rodata_start, ABSOLUTE (.))
                0x0000000002000000                . = ALIGN (0x4)
 *(.rodata .rodata.* .gnu.linkonce.r.*)
 .rodata.str1.4
                0x0000000002000000       0x6c obj/default/main.o
                                         0x6a (size before relaxing)
 *(.rodata1)
                0x000000000200006c                . = ALIGN (0x4)
                0x000000000200006c                PROVIDE (__ram_rodata_end, ABSOLUTE (.))
                0x000000000404099c                PROVIDE (__flash_rodata_start, LOADADDR (.rodata))

.rwdata         0x000000000200006c        0xc load address 0x0000000004040a08
                0x000000000200006c                PROVIDE (__ram_rwdata_start, ABSOLUTE (.))
                0x000000000200006c                . = ALIGN (0x4)
 *(.got.plt)
 *(.got)
 *(.data1)
 *(.data .data.* .gnu.linkonce.d.*)
 .data          0x000000000200006c        0x0 ../project_main_bsp//obj/HAL/src/crt0.o
 .data          0x000000000200006c        0x0 obj/default/main.o
 .data          0x000000000200006c        0x0 ../project_main_bsp/\libhal_bsp.a(alt_iic.o)
 .data          0x000000000200006c        0x0 ../project_main_bsp/\libhal_bsp.a(alt_iic_isr_register.o)
 .data          0x000000000200006c        0x0 ../project_main_bsp/\libhal_bsp.a(alt_irq_entry.o)
 .data          0x000000000200006c        0x0 ../project_main_bsp/\libhal_bsp.a(alt_irq_handler.o)
 .data          0x000000000200006c        0x0 ../project_main_bsp/\libhal_bsp.a(alt_irq_vars.o)
 .data          0x000000000200006c        0x0 ../project_main_bsp/\libhal_bsp.a(alt_load.o)
 .data          0x000000000200006c        0x0 ../project_main_bsp/\libhal_bsp.a(alt_main.o)
 .data          0x000000000200006c        0x0 ../project_main_bsp/\libhal_bsp.a(alt_printf.o)
 .data          0x000000000200006c        0x0 ../project_main_bsp/\libhal_bsp.a(alt_putchar.o)
 .data          0x000000000200006c        0x0 ../project_main_bsp/\libhal_bsp.a(alt_putstr.o)
 .data          0x000000000200006c        0x0 ../project_main_bsp/\libhal_bsp.a(alt_sys_init.o)
 .data          0x000000000200006c        0x0 ../project_main_bsp/\libhal_bsp.a(altera_avalon_jtag_uart_write.o)
 .data          0x000000000200006c        0x0 ../project_main_bsp/\libhal_bsp.a(alt_dcache_flush_all.o)
 .data          0x000000000200006c        0x0 ../project_main_bsp/\libhal_bsp.a(alt_exception_entry.o)
 .data          0x000000000200006c        0x0 ../project_main_bsp/\libhal_bsp.a(alt_icache_flush_all.o)
 .data          0x000000000200006c        0x0 ../project_main_bsp/\libhal_bsp.a(alt_instruction_exception_entry.o)
 .data          0x000000000200006c        0x0 ../project_main_bsp/\libhal_bsp.a(altera_nios2_gen2_irq.o)
 .data          0x000000000200006c        0x0 ../project_main_bsp/\libhal_bsp.a(alt_icache_flush.o)
 .data          0x000000000200006c        0x0 c:/intelfpga_lite/18.1/nios2eds/bin/gnu/h-x86_64-mingw32/bin/../lib/gcc/nios2-elf/5.3.0/../../../../../H-x86_64-mingw32/nios2-elf/lib\libsmallc.a(lib_a-strlen.o)
                0x000000000200806c                _gp = ABSOLUTE ((. + 0x8000))
                [!provide]                        PROVIDE (gp, _gp)
 *(.rwdata .rwdata.*)
 *(.sdata .sdata.* .gnu.linkonce.s.*)
 .sdata         0x000000000200006c        0x4 obj/default/main.o
                0x000000000200006c                key_in_base
 .sdata         0x0000000002000070        0x4 ../project_main_bsp/\libhal_bsp.a(alt_irq_vars.o)
                0x0000000002000070                alt_priority_mask
 .sdata         0x0000000002000074        0x4 ../project_main_bsp/\libhal_bsp.a(alt_sys_init.o)
                0x0000000002000074                UART_JTAG
 *(.sdata2 .sdata2.* .gnu.linkonce.s2.*)
                0x0000000002000078                . = ALIGN (0x4)
                0x0000000002000078                _edata = ABSOLUTE (.)
                [!provide]                        PROVIDE (edata, ABSOLUTE (.))
                0x0000000002000078                PROVIDE (__ram_rwdata_end, ABSOLUTE (.))
                0x0000000004040a08                PROVIDE (__flash_rwdata_start, LOADADDR (.rwdata))

.bss            0x0000000002000078      0x11c load address 0x0000000004040a14
                0x0000000002000078                __bss_start = ABSOLUTE (.)
                [!provide]                        PROVIDE (__sbss_start, ABSOLUTE (.))
                [!provide]                        PROVIDE (___sbss_start, ABSOLUTE (.))
 *(.dynsbss)
 *(.sbss .sbss.* .gnu.linkonce.sb.*)
 .sbss          0x0000000002000078        0x1 obj/default/main.o
                0x0000000002000078                flipImgFlags
 *fill*         0x0000000002000079        0x3 
 .sbss          0x000000000200007c        0x4 obj/default/main.o
                0x000000000200007c                edge_capture
 .sbss          0x0000000002000080        0x4 ../project_main_bsp/\libhal_bsp.a(alt_irq_vars.o)
                0x0000000002000080                alt_irq_active
 .sbss          0x0000000002000084        0xc ../project_main_bsp/\libhal_bsp.a(alt_main.o)
                0x0000000002000084                alt_envp
                0x0000000002000088                alt_argv
                0x000000000200008c                alt_argc
 .sbss          0x0000000002000090        0x4 ../project_main_bsp/\libhal_bsp.a(alt_instruction_exception_entry.o)
                0x0000000002000090                alt_instruction_exception_handler
 *(.sbss2 .sbss2.* .gnu.linkonce.sb2.*)
 *(.scommon)
                [!provide]                        PROVIDE (__sbss_end, ABSOLUTE (.))
                [!provide]                        PROVIDE (___sbss_end, ABSOLUTE (.))
 *(.dynbss)
 *(.bss .bss.* .gnu.linkonce.b.*)
 .bss           0x0000000002000094        0x0 ../project_main_bsp//obj/HAL/src/crt0.o
 .bss           0x0000000002000094        0x0 obj/default/main.o
 .bss           0x0000000002000094        0x0 ../project_main_bsp/\libhal_bsp.a(alt_iic.o)
 .bss           0x0000000002000094        0x0 ../project_main_bsp/\libhal_bsp.a(alt_iic_isr_register.o)
 .bss           0x0000000002000094        0x0 ../project_main_bsp/\libhal_bsp.a(alt_irq_entry.o)
 .bss           0x0000000002000094        0x0 ../project_main_bsp/\libhal_bsp.a(alt_irq_handler.o)
 .bss           0x0000000002000094        0x0 ../project_main_bsp/\libhal_bsp.a(alt_irq_vars.o)
 .bss           0x0000000002000094        0x0 ../project_main_bsp/\libhal_bsp.a(alt_load.o)
 .bss           0x0000000002000094        0x0 ../project_main_bsp/\libhal_bsp.a(alt_main.o)
 .bss           0x0000000002000094        0x0 ../project_main_bsp/\libhal_bsp.a(alt_printf.o)
 .bss           0x0000000002000094        0x0 ../project_main_bsp/\libhal_bsp.a(alt_putchar.o)
 .bss           0x0000000002000094        0x0 ../project_main_bsp/\libhal_bsp.a(alt_putstr.o)
 .bss           0x0000000002000094        0x0 ../project_main_bsp/\libhal_bsp.a(alt_sys_init.o)
 .bss           0x0000000002000094        0x0 ../project_main_bsp/\libhal_bsp.a(altera_avalon_jtag_uart_write.o)
 .bss           0x0000000002000094        0x0 ../project_main_bsp/\libhal_bsp.a(alt_dcache_flush_all.o)
 .bss           0x0000000002000094        0x0 ../project_main_bsp/\libhal_bsp.a(alt_exception_entry.o)
 .bss           0x0000000002000094        0x0 ../project_main_bsp/\libhal_bsp.a(alt_icache_flush_all.o)
 .bss           0x0000000002000094        0x0 ../project_main_bsp/\libhal_bsp.a(alt_instruction_exception_entry.o)
 .bss           0x0000000002000094        0x0 ../project_main_bsp/\libhal_bsp.a(altera_nios2_gen2_irq.o)
 .bss           0x0000000002000094        0x0 ../project_main_bsp/\libhal_bsp.a(alt_icache_flush.o)
 .bss           0x0000000002000094        0x0 c:/intelfpga_lite/18.1/nios2eds/bin/gnu/h-x86_64-mingw32/bin/../lib/gcc/nios2-elf/5.3.0/../../../../../H-x86_64-mingw32/nios2-elf/lib\libsmallc.a(lib_a-strlen.o)
 *(COMMON)
 COMMON         0x0000000002000094      0x100 ../project_main_bsp/\libhal_bsp.a(alt_irq_handler.o)
                0x0000000002000094                alt_irq
                0x0000000002000194                . = ALIGN (0x4)
                0x0000000002000194                __bss_end = ABSOLUTE (.)

.SDRAM          0x0000000002000194        0x0 load address 0x0000000004040a14
                [!provide]                        PROVIDE (_alt_partition_SDRAM_start, ABSOLUTE (.))
 *(.SDRAM .SDRAM. SDRAM.*)
                0x0000000002000194                . = ALIGN (0x4)
                [!provide]                        PROVIDE (_alt_partition_SDRAM_end, ABSOLUTE (.))
                0x0000000002000194                _end = ABSOLUTE (.)
                0x0000000002000194                end = ABSOLUTE (.)
                0x0000000002000194                __alt_stack_base = ABSOLUTE (.)
                [!provide]                        PROVIDE (_alt_partition_SDRAM_load_addr, LOADADDR (.SDRAM))

.NIOS_MEM       0x0000000004040a14        0x0
                [!provide]                        PROVIDE (_alt_partition_NIOS_MEM_start, ABSOLUTE (.))
 *(.NIOS_MEM .NIOS_MEM. NIOS_MEM.*)
                0x0000000004040a14                . = ALIGN (0x4)
                [!provide]                        PROVIDE (_alt_partition_NIOS_MEM_end, ABSOLUTE (.))
                [!provide]                        PROVIDE (_alt_partition_NIOS_MEM_load_addr, LOADADDR (.NIOS_MEM))

.stab
 *(.stab)

.stabstr
 *(.stabstr)

.stab.excl
 *(.stab.excl)

.stab.exclstr
 *(.stab.exclstr)

.stab.index
 *(.stab.index)

.stab.indexstr
 *(.stab.indexstr)

.comment        0x0000000000000000       0x23
 *(.comment)
 .comment       0x0000000000000000       0x23 obj/default/main.o
                                         0x24 (size before relaxing)
 .comment       0x0000000000000023       0x24 ../project_main_bsp/\libhal_bsp.a(alt_iic.o)
 .comment       0x0000000000000023       0x24 ../project_main_bsp/\libhal_bsp.a(alt_iic_isr_register.o)
 .comment       0x0000000000000023       0x24 ../project_main_bsp/\libhal_bsp.a(alt_irq_handler.o)
 .comment       0x0000000000000023       0x24 ../project_main_bsp/\libhal_bsp.a(alt_irq_vars.o)
 .comment       0x0000000000000023       0x24 ../project_main_bsp/\libhal_bsp.a(alt_load.o)
 .comment       0x0000000000000023       0x24 ../project_main_bsp/\libhal_bsp.a(alt_main.o)
 .comment       0x0000000000000023       0x24 ../project_main_bsp/\libhal_bsp.a(alt_printf.o)
 .comment       0x0000000000000023       0x24 ../project_main_bsp/\libhal_bsp.a(alt_putchar.o)
 .comment       0x0000000000000023       0x24 ../project_main_bsp/\libhal_bsp.a(alt_putstr.o)
 .comment       0x0000000000000023       0x24 ../project_main_bsp/\libhal_bsp.a(alt_sys_init.o)
 .comment       0x0000000000000023       0x24 ../project_main_bsp/\libhal_bsp.a(altera_avalon_jtag_uart_write.o)
 .comment       0x0000000000000023       0x24 ../project_main_bsp/\libhal_bsp.a(alt_dcache_flush_all.o)
 .comment       0x0000000000000023       0x24 ../project_main_bsp/\libhal_bsp.a(alt_icache_flush_all.o)
 .comment       0x0000000000000023       0x24 ../project_main_bsp/\libhal_bsp.a(alt_instruction_exception_entry.o)
 .comment       0x0000000000000023       0x24 ../project_main_bsp/\libhal_bsp.a(altera_nios2_gen2_irq.o)
 .comment       0x0000000000000023       0x24 ../project_main_bsp/\libhal_bsp.a(alt_icache_flush.o)
 .comment       0x0000000000000023       0x24 c:/intelfpga_lite/18.1/nios2eds/bin/gnu/h-x86_64-mingw32/bin/../lib/gcc/nios2-elf/5.3.0/../../../../../H-x86_64-mingw32/nios2-elf/lib\libsmallc.a(lib_a-strlen.o)

.debug
 *(.debug)

.line
 *(.line)

.debug_srcinfo
 *(.debug_srcinfo)

.debug_sfnames
 *(.debug_sfnames)

.debug_aranges  0x0000000000000000      0x2d8
 *(.debug_aranges)
 .debug_aranges
                0x0000000000000000       0x28 ../project_main_bsp//obj/HAL/src/crt0.o
 .debug_aranges
                0x0000000000000028       0x28 obj/default/main.o
 .debug_aranges
                0x0000000000000050       0x20 ../project_main_bsp/\libhal_bsp.a(alt_iic.o)
 .debug_aranges
                0x0000000000000070       0x20 ../project_main_bsp/\libhal_bsp.a(alt_iic_isr_register.o)
 .debug_aranges
                0x0000000000000090       0x30 ../project_main_bsp/\libhal_bsp.a(alt_irq_entry.o)
 .debug_aranges
                0x00000000000000c0       0x20 ../project_main_bsp/\libhal_bsp.a(alt_irq_handler.o)
 .debug_aranges
                0x00000000000000e0       0x18 ../project_main_bsp/\libhal_bsp.a(alt_irq_vars.o)
 .debug_aranges
                0x00000000000000f8       0x20 ../project_main_bsp/\libhal_bsp.a(alt_load.o)
 .debug_aranges
                0x0000000000000118       0x20 ../project_main_bsp/\libhal_bsp.a(alt_main.o)
 .debug_aranges
                0x0000000000000138       0x20 ../project_main_bsp/\libhal_bsp.a(alt_printf.o)
 .debug_aranges
                0x0000000000000158       0x20 ../project_main_bsp/\libhal_bsp.a(alt_putchar.o)
 .debug_aranges
                0x0000000000000178       0x20 ../project_main_bsp/\libhal_bsp.a(alt_putstr.o)
 .debug_aranges
                0x0000000000000198       0x20 ../project_main_bsp/\libhal_bsp.a(alt_sys_init.o)
 .debug_aranges
                0x00000000000001b8       0x20 ../project_main_bsp/\libhal_bsp.a(altera_avalon_jtag_uart_write.o)
 .debug_aranges
                0x00000000000001d8       0x20 ../project_main_bsp/\libhal_bsp.a(alt_dcache_flush_all.o)
 .debug_aranges
                0x00000000000001f8       0x38 ../project_main_bsp/\libhal_bsp.a(alt_exception_entry.o)
 .debug_aranges
                0x0000000000000230       0x20 ../project_main_bsp/\libhal_bsp.a(alt_icache_flush_all.o)
 .debug_aranges
                0x0000000000000250       0x28 ../project_main_bsp/\libhal_bsp.a(alt_instruction_exception_entry.o)
 .debug_aranges
                0x0000000000000278       0x20 ../project_main_bsp/\libhal_bsp.a(altera_nios2_gen2_irq.o)
 .debug_aranges
                0x0000000000000298       0x20 ../project_main_bsp/\libhal_bsp.a(alt_icache_flush.o)
 .debug_aranges
                0x00000000000002b8       0x20 c:/intelfpga_lite/18.1/nios2eds/bin/gnu/h-x86_64-mingw32/bin/../lib/gcc/nios2-elf/5.3.0/../../../../../H-x86_64-mingw32/nios2-elf/lib\libsmallc.a(lib_a-strlen.o)

.debug_pubnames
 *(.debug_pubnames)

.debug_info     0x0000000000000000     0x1c9b
 *(.debug_info .gnu.linkonce.wi.*)
 .debug_info    0x0000000000000000       0x77 ../project_main_bsp//obj/HAL/src/crt0.o
 .debug_info    0x0000000000000077      0x3b0 obj/default/main.o
 .debug_info    0x0000000000000427      0x38a ../project_main_bsp/\libhal_bsp.a(alt_iic.o)
 .debug_info    0x00000000000007b1      0x232 ../project_main_bsp/\libhal_bsp.a(alt_iic_isr_register.o)
 .debug_info    0x00000000000009e3       0x80 ../project_main_bsp/\libhal_bsp.a(alt_irq_entry.o)
 .debug_info    0x0000000000000a63      0x184 ../project_main_bsp/\libhal_bsp.a(alt_irq_handler.o)
 .debug_info    0x0000000000000be7       0x88 ../project_main_bsp/\libhal_bsp.a(alt_irq_vars.o)
 .debug_info    0x0000000000000c6f      0x1c9 ../project_main_bsp/\libhal_bsp.a(alt_load.o)
 .debug_info    0x0000000000000e38      0x169 ../project_main_bsp/\libhal_bsp.a(alt_main.o)
 .debug_info    0x0000000000000fa1      0x14d ../project_main_bsp/\libhal_bsp.a(alt_printf.o)
 .debug_info    0x00000000000010ee      0x12a ../project_main_bsp/\libhal_bsp.a(alt_putchar.o)
 .debug_info    0x0000000000001218      0x13a ../project_main_bsp/\libhal_bsp.a(alt_putstr.o)
 .debug_info    0x0000000000001352      0x19d ../project_main_bsp/\libhal_bsp.a(alt_sys_init.o)
 .debug_info    0x00000000000014ef      0x197 ../project_main_bsp/\libhal_bsp.a(altera_avalon_jtag_uart_write.o)
 .debug_info    0x0000000000001686       0xa6 ../project_main_bsp/\libhal_bsp.a(alt_dcache_flush_all.o)
 .debug_info    0x000000000000172c       0x86 ../project_main_bsp/\libhal_bsp.a(alt_exception_entry.o)
 .debug_info    0x00000000000017b2       0xb8 ../project_main_bsp/\libhal_bsp.a(alt_icache_flush_all.o)
 .debug_info    0x000000000000186a      0x1f8 ../project_main_bsp/\libhal_bsp.a(alt_instruction_exception_entry.o)
 .debug_info    0x0000000000001a62       0x92 ../project_main_bsp/\libhal_bsp.a(altera_nios2_gen2_irq.o)
 .debug_info    0x0000000000001af4       0xde ../project_main_bsp/\libhal_bsp.a(alt_icache_flush.o)
 .debug_info    0x0000000000001bd2       0xc9 c:/intelfpga_lite/18.1/nios2eds/bin/gnu/h-x86_64-mingw32/bin/../lib/gcc/nios2-elf/5.3.0/../../../../../H-x86_64-mingw32/nios2-elf/lib\libsmallc.a(lib_a-strlen.o)

.debug_abbrev   0x0000000000000000      0xfa7
 *(.debug_abbrev)
 .debug_abbrev  0x0000000000000000       0x12 ../project_main_bsp//obj/HAL/src/crt0.o
 .debug_abbrev  0x0000000000000012      0x1b5 obj/default/main.o
 .debug_abbrev  0x00000000000001c7      0x1a0 ../project_main_bsp/\libhal_bsp.a(alt_iic.o)
 .debug_abbrev  0x0000000000000367      0x19c ../project_main_bsp/\libhal_bsp.a(alt_iic_isr_register.o)
 .debug_abbrev  0x0000000000000503       0x12 ../project_main_bsp/\libhal_bsp.a(alt_irq_entry.o)
 .debug_abbrev  0x0000000000000515      0x120 ../project_main_bsp/\libhal_bsp.a(alt_irq_handler.o)
 .debug_abbrev  0x0000000000000635       0x40 ../project_main_bsp/\libhal_bsp.a(alt_irq_vars.o)
 .debug_abbrev  0x0000000000000675       0xd8 ../project_main_bsp/\libhal_bsp.a(alt_load.o)
 .debug_abbrev  0x000000000000074d       0xee ../project_main_bsp/\libhal_bsp.a(alt_main.o)
 .debug_abbrev  0x000000000000083b       0xd5 ../project_main_bsp/\libhal_bsp.a(alt_printf.o)
 .debug_abbrev  0x0000000000000910       0xd2 ../project_main_bsp/\libhal_bsp.a(alt_putchar.o)
 .debug_abbrev  0x00000000000009e2       0xd3 ../project_main_bsp/\libhal_bsp.a(alt_putstr.o)
 .debug_abbrev  0x0000000000000ab5      0x10e ../project_main_bsp/\libhal_bsp.a(alt_sys_init.o)
 .debug_abbrev  0x0000000000000bc3       0xd5 ../project_main_bsp/\libhal_bsp.a(altera_avalon_jtag_uart_write.o)
 .debug_abbrev  0x0000000000000c98       0x5a ../project_main_bsp/\libhal_bsp.a(alt_dcache_flush_all.o)
 .debug_abbrev  0x0000000000000cf2       0x12 ../project_main_bsp/\libhal_bsp.a(alt_exception_entry.o)
 .debug_abbrev  0x0000000000000d04       0x6f ../project_main_bsp/\libhal_bsp.a(alt_icache_flush_all.o)
 .debug_abbrev  0x0000000000000d73       0xd8 ../project_main_bsp/\libhal_bsp.a(alt_instruction_exception_entry.o)
 .debug_abbrev  0x0000000000000e4b       0x42 ../project_main_bsp/\libhal_bsp.a(altera_nios2_gen2_irq.o)
 .debug_abbrev  0x0000000000000e8d       0x9b ../project_main_bsp/\libhal_bsp.a(alt_icache_flush.o)
 .debug_abbrev  0x0000000000000f28       0x7f c:/intelfpga_lite/18.1/nios2eds/bin/gnu/h-x86_64-mingw32/bin/../lib/gcc/nios2-elf/5.3.0/../../../../../H-x86_64-mingw32/nios2-elf/lib\libsmallc.a(lib_a-strlen.o)

.debug_line     0x0000000000000000      0xf16
 *(.debug_line)
 .debug_line    0x0000000000000000       0x72 ../project_main_bsp//obj/HAL/src/crt0.o
 .debug_line    0x0000000000000072      0x1a4 obj/default/main.o
 .debug_line    0x0000000000000216       0xf1 ../project_main_bsp/\libhal_bsp.a(alt_iic.o)
 .debug_line    0x0000000000000307       0xd6 ../project_main_bsp/\libhal_bsp.a(alt_iic_isr_register.o)
 .debug_line    0x00000000000003dd       0x6b ../project_main_bsp/\libhal_bsp.a(alt_irq_entry.o)
 .debug_line    0x0000000000000448       0xa5 ../project_main_bsp/\libhal_bsp.a(alt_irq_handler.o)
 .debug_line    0x00000000000004ed       0x50 ../project_main_bsp/\libhal_bsp.a(alt_irq_vars.o)
 .debug_line    0x000000000000053d       0xa4 ../project_main_bsp/\libhal_bsp.a(alt_load.o)
 .debug_line    0x00000000000005e1       0xbd ../project_main_bsp/\libhal_bsp.a(alt_main.o)
 .debug_line    0x000000000000069e      0x112 ../project_main_bsp/\libhal_bsp.a(alt_printf.o)
 .debug_line    0x00000000000007b0       0x55 ../project_main_bsp/\libhal_bsp.a(alt_putchar.o)
 .debug_line    0x0000000000000805       0xa0 ../project_main_bsp/\libhal_bsp.a(alt_putstr.o)
 .debug_line    0x00000000000008a5      0x11a ../project_main_bsp/\libhal_bsp.a(alt_sys_init.o)
 .debug_line    0x00000000000009bf       0xf0 ../project_main_bsp/\libhal_bsp.a(altera_avalon_jtag_uart_write.o)
 .debug_line    0x0000000000000aaf       0x5a ../project_main_bsp/\libhal_bsp.a(alt_dcache_flush_all.o)
 .debug_line    0x0000000000000b09       0xb3 ../project_main_bsp/\libhal_bsp.a(alt_exception_entry.o)
 .debug_line    0x0000000000000bbc       0x6e ../project_main_bsp/\libhal_bsp.a(alt_icache_flush_all.o)
 .debug_line    0x0000000000000c2a       0xc6 ../project_main_bsp/\libhal_bsp.a(alt_instruction_exception_entry.o)
 .debug_line    0x0000000000000cf0       0x50 ../project_main_bsp/\libhal_bsp.a(altera_nios2_gen2_irq.o)
 .debug_line    0x0000000000000d40       0x7d ../project_main_bsp/\libhal_bsp.a(alt_icache_flush.o)
 .debug_line    0x0000000000000dbd      0x159 c:/intelfpga_lite/18.1/nios2eds/bin/gnu/h-x86_64-mingw32/bin/../lib/gcc/nios2-elf/5.3.0/../../../../../H-x86_64-mingw32/nios2-elf/lib\libsmallc.a(lib_a-strlen.o)

.debug_frame    0x0000000000000000      0x384
 *(.debug_frame)
 .debug_frame   0x0000000000000000       0x94 obj/default/main.o
 .debug_frame   0x0000000000000094       0x50 ../project_main_bsp/\libhal_bsp.a(alt_iic.o)
 .debug_frame   0x00000000000000e4       0x30 ../project_main_bsp/\libhal_bsp.a(alt_iic_isr_register.o)
 .debug_frame   0x0000000000000114       0x34 ../project_main_bsp/\libhal_bsp.a(alt_irq_handler.o)
 .debug_frame   0x0000000000000148       0x30 ../project_main_bsp/\libhal_bsp.a(alt_load.o)
 .debug_frame   0x0000000000000178       0x2c ../project_main_bsp/\libhal_bsp.a(alt_main.o)
 .debug_frame   0x00000000000001a4       0x54 ../project_main_bsp/\libhal_bsp.a(alt_printf.o)
 .debug_frame   0x00000000000001f8       0x30 ../project_main_bsp/\libhal_bsp.a(alt_putchar.o)
 .debug_frame   0x0000000000000228       0x30 ../project_main_bsp/\libhal_bsp.a(alt_putstr.o)
 .debug_frame   0x0000000000000258       0x3c ../project_main_bsp/\libhal_bsp.a(alt_sys_init.o)
 .debug_frame   0x0000000000000294       0x20 ../project_main_bsp/\libhal_bsp.a(altera_avalon_jtag_uart_write.o)
 .debug_frame   0x00000000000002b4       0x20 ../project_main_bsp/\libhal_bsp.a(alt_dcache_flush_all.o)
 .debug_frame   0x00000000000002d4       0x20 ../project_main_bsp/\libhal_bsp.a(alt_icache_flush_all.o)
 .debug_frame   0x00000000000002f4       0x30 ../project_main_bsp/\libhal_bsp.a(alt_instruction_exception_entry.o)
 .debug_frame   0x0000000000000324       0x20 ../project_main_bsp/\libhal_bsp.a(altera_nios2_gen2_irq.o)
 .debug_frame   0x0000000000000344       0x20 ../project_main_bsp/\libhal_bsp.a(alt_icache_flush.o)
 .debug_frame   0x0000000000000364       0x20 c:/intelfpga_lite/18.1/nios2eds/bin/gnu/h-x86_64-mingw32/bin/../lib/gcc/nios2-elf/5.3.0/../../../../../H-x86_64-mingw32/nios2-elf/lib\libsmallc.a(lib_a-strlen.o)

.debug_str      0x0000000000000000      0xd61
 *(.debug_str)
 .debug_str     0x0000000000000000      0x22c obj/default/main.o
                                        0x276 (size before relaxing)
 .debug_str     0x000000000000022c      0x118 ../project_main_bsp/\libhal_bsp.a(alt_iic.o)
                                        0x259 (size before relaxing)
 .debug_str     0x0000000000000344       0x37 ../project_main_bsp/\libhal_bsp.a(alt_iic_isr_register.o)
                                        0x213 (size before relaxing)
 .debug_str     0x000000000000037b       0x3a ../project_main_bsp/\libhal_bsp.a(alt_irq_handler.o)
                                        0x19d (size before relaxing)
 .debug_str     0x00000000000003b5       0x17 ../project_main_bsp/\libhal_bsp.a(alt_irq_vars.o)
                                        0x140 (size before relaxing)
 .debug_str     0x00000000000003cc      0x113 ../project_main_bsp/\libhal_bsp.a(alt_load.o)
                                        0x242 (size before relaxing)
 .debug_str     0x00000000000004df       0x8f ../project_main_bsp/\libhal_bsp.a(alt_main.o)
                                        0x1bb (size before relaxing)
 .debug_str     0x000000000000056e       0x59 ../project_main_bsp/\libhal_bsp.a(alt_printf.o)
                                        0x10c (size before relaxing)
 .debug_str     0x00000000000005c7       0x5e ../project_main_bsp/\libhal_bsp.a(alt_putchar.o)
                                        0x191 (size before relaxing)
 .debug_str     0x0000000000000625       0x1c ../project_main_bsp/\libhal_bsp.a(alt_putstr.o)
                                        0x196 (size before relaxing)
 .debug_str     0x0000000000000641       0xb9 ../project_main_bsp/\libhal_bsp.a(alt_sys_init.o)
                                        0x262 (size before relaxing)
 .debug_str     0x00000000000006fa       0x32 ../project_main_bsp/\libhal_bsp.a(altera_avalon_jtag_uart_write.o)
                                        0x21b (size before relaxing)
 .debug_str     0x000000000000072c       0x1f ../project_main_bsp/\libhal_bsp.a(alt_dcache_flush_all.o)
                                        0x15b (size before relaxing)
 .debug_str     0x000000000000074b       0x30 ../project_main_bsp/\libhal_bsp.a(alt_icache_flush_all.o)
                                        0x16c (size before relaxing)
 .debug_str     0x000000000000077b      0x48b ../project_main_bsp/\libhal_bsp.a(alt_instruction_exception_entry.o)
                                        0x5a6 (size before relaxing)
 .debug_str     0x0000000000000c06       0x20 ../project_main_bsp/\libhal_bsp.a(altera_nios2_gen2_irq.o)
                                        0x162 (size before relaxing)
 .debug_str     0x0000000000000c26       0x1b ../project_main_bsp/\libhal_bsp.a(alt_icache_flush.o)
                                        0x161 (size before relaxing)
 .debug_str     0x0000000000000c41      0x120 c:/intelfpga_lite/18.1/nios2eds/bin/gnu/h-x86_64-mingw32/bin/../lib/gcc/nios2-elf/5.3.0/../../../../../H-x86_64-mingw32/nios2-elf/lib\libsmallc.a(lib_a-strlen.o)
                                        0x1cb (size before relaxing)

.debug_loc      0x0000000000000000      0x96b
 *(.debug_loc)
 .debug_loc     0x0000000000000000      0x1cb obj/default/main.o
 .debug_loc     0x00000000000001cb      0x170 ../project_main_bsp/\libhal_bsp.a(alt_iic.o)
 .debug_loc     0x000000000000033b      0x193 ../project_main_bsp/\libhal_bsp.a(alt_iic_isr_register.o)
 .debug_loc     0x00000000000004ce       0x72 ../project_main_bsp/\libhal_bsp.a(alt_irq_handler.o)
 .debug_loc     0x0000000000000540      0x1de ../project_main_bsp/\libhal_bsp.a(alt_printf.o)
 .debug_loc     0x000000000000071e       0x2c ../project_main_bsp/\libhal_bsp.a(alt_putchar.o)
 .debug_loc     0x000000000000074a       0x37 ../project_main_bsp/\libhal_bsp.a(alt_putstr.o)
 .debug_loc     0x0000000000000781       0x21 ../project_main_bsp/\libhal_bsp.a(alt_sys_init.o)
 .debug_loc     0x00000000000007a2       0x8b ../project_main_bsp/\libhal_bsp.a(altera_avalon_jtag_uart_write.o)
 .debug_loc     0x000000000000082d       0x1f ../project_main_bsp/\libhal_bsp.a(alt_dcache_flush_all.o)
 .debug_loc     0x000000000000084c       0xaf ../project_main_bsp/\libhal_bsp.a(alt_instruction_exception_entry.o)
 .debug_loc     0x00000000000008fb       0x52 ../project_main_bsp/\libhal_bsp.a(alt_icache_flush.o)
 .debug_loc     0x000000000000094d       0x1e c:/intelfpga_lite/18.1/nios2eds/bin/gnu/h-x86_64-mingw32/bin/../lib/gcc/nios2-elf/5.3.0/../../../../../H-x86_64-mingw32/nios2-elf/lib\libsmallc.a(lib_a-strlen.o)

.debug_macinfo
 *(.debug_macinfo)

.debug_weaknames
 *(.debug_weaknames)

.debug_funcnames
 *(.debug_funcnames)

.debug_typenames
 *(.debug_typenames)

.debug_varnames
 *(.debug_varnames)

.debug_alt_sim_info
                0x0000000000000000       0x30
 *(.debug_alt_sim_info)
 .debug_alt_sim_info
                0x0000000000000000       0x30 ../project_main_bsp//obj/HAL/src/crt0.o
                0x0000000004000000                __alt_data_end = 0x4000000
                0x0000000004000000                PROVIDE (__alt_stack_pointer, __alt_data_end)
                [!provide]                        PROVIDE (__alt_stack_limit, __alt_stack_base)
                [!provide]                        PROVIDE (__alt_heap_start, end)
                [!provide]                        PROVIDE (__alt_heap_limit, 0x4000000)
OUTPUT(project_main.elf elf32-littlenios2)

.debug_ranges   0x0000000000000000      0x170
 .debug_ranges  0x0000000000000000       0x20 ../project_main_bsp//obj/HAL/src/crt0.o
 .debug_ranges  0x0000000000000020       0x50 obj/default/main.o
 .debug_ranges  0x0000000000000070       0x28 ../project_main_bsp/\libhal_bsp.a(alt_irq_entry.o)
 .debug_ranges  0x0000000000000098       0x10 ../project_main_bsp/\libhal_bsp.a(alt_irq_handler.o)
 .debug_ranges  0x00000000000000a8       0x48 ../project_main_bsp/\libhal_bsp.a(alt_load.o)
 .debug_ranges  0x00000000000000f0       0x18 ../project_main_bsp/\libhal_bsp.a(alt_printf.o)
 .debug_ranges  0x0000000000000108       0x30 ../project_main_bsp/\libhal_bsp.a(alt_exception_entry.o)
 .debug_ranges  0x0000000000000138       0x18 ../project_main_bsp/\libhal_bsp.a(alt_instruction_exception_entry.o)
 .debug_ranges  0x0000000000000150       0x10 ../project_main_bsp/\libhal_bsp.a(alt_icache_flush.o)
 .debug_ranges  0x0000000000000160       0x10 c:/intelfpga_lite/18.1/nios2eds/bin/gnu/h-x86_64-mingw32/bin/../lib/gcc/nios2-elf/5.3.0/../../../../../H-x86_64-mingw32/nios2-elf/lib\libsmallc.a(lib_a-strlen.o)
