Flow report for ece3073project
Mon May 13 16:37:15 2024
Quartus Prime Version 18.1.0 Build 625 09/12/2018 SJ Lite Edition


---------------------
; Table of Contents ;
---------------------
  1. Legal Notice
  2. Flow Summary
  3. Flow Settings
  4. Flow Non-Default Global Settings
  5. Flow Elapsed Time
  6. Flow OS Summary
  7. Flow Log
  8. Flow Messages
  9. Flow Suppressed Messages



----------------
; Legal Notice ;
----------------
Copyright (C) 2018  Intel Corporation. All rights reserved.
Your use of Intel Corporation's design tools, logic functions 
and other software and tools, and its AMPP partner logic 
functions, and any output files from any of the foregoing 
(including device programming or simulation files), and any 
associated documentation or information are expressly subject 
to the terms and conditions of the Intel Program License 
Subscription Agreement, the Intel Quartus Prime License Agreement,
the Intel FPGA IP License Agreement, or other applicable license
agreement, including, without limitation, that your use is for
the sole purpose of programming logic devices manufactured by
Intel and sold by Intel or its authorized distributors.  Please
refer to the applicable agreement for further details.



+----------------------------------------------------------------------------------+
; Flow Summary                                                                     ;
+------------------------------------+---------------------------------------------+
; Flow Status                        ; Successful - Mon May 13 16:36:56 2024       ;
; Quartus Prime Version              ; 18.1.0 Build 625 09/12/2018 SJ Lite Edition ;
; Revision Name                      ; ece3073project                              ;
; Top-level Entity Name              ; init_proc                                   ;
; Family                             ; MAX 10                                      ;
; Device                             ; 10M50DAF484C7G                              ;
; Timing Models                      ; Final                                       ;
; Total logic elements               ; 4,940 / 49,760 ( 10 % )                     ;
;     Total combinational functions  ; 4,288 / 49,760 ( 9 % )                      ;
;     Dedicated logic registers      ; 2,993 / 49,760 ( 6 % )                      ;
; Total registers                    ; 3062                                        ;
; Total pins                         ; 124 / 360 ( 34 % )                          ;
; Total virtual pins                 ; 0                                           ;
; Total memory bits                  ; 1,198,080 / 1,677,312 ( 71 % )              ;
; Embedded Multiplier 9-bit elements ; 6 / 288 ( 2 % )                             ;
; Total PLLs                         ; 2 / 4 ( 50 % )                              ;
; UFM blocks                         ; 0 / 1 ( 0 % )                               ;
; ADC blocks                         ; 0 / 2 ( 0 % )                               ;
+------------------------------------+---------------------------------------------+


+-----------------------------------------+
; Flow Settings                           ;
+-------------------+---------------------+
; Option            ; Setting             ;
+-------------------+---------------------+
; Start date & time ; 05/13/2024 16:34:08 ;
; Main task         ; Compilation         ;
; Revision Name     ; ece3073project      ;
+-------------------+---------------------+


+---------------------------------------------------------------------------------------------------------------------------------------------------+
; Flow Non-Default Global Settings                                                                                                                  ;
+-------------------------------------+----------------------------------------------------------------+----------------+--------------+------------+
; Assignment Name                     ; Value                                                          ; Default Value  ; Entity Name  ; Section Id ;
+-------------------------------------+----------------------------------------------------------------+----------------+--------------+------------+
; COMPILER_SIGNATURE_ID               ; 61762877007157.171558204713776                                 ; --             ; --           ; --         ;
; MAX_CORE_JUNCTION_TEMP              ; 85                                                             ; --             ; --           ; --         ;
; MIN_CORE_JUNCTION_TEMP              ; 0                                                              ; --             ; --           ; --         ;
; MISC_FILE                           ; niosII_ms2HW/synthesis/../niosII_ms2HW.cmp                     ; --             ; --           ; --         ;
; MISC_FILE                           ; niosII_ms2HW/synthesis/../../niosII_ms2HW.qsys                 ; --             ; --           ; --         ;
; MISC_FILE                           ; ram2port_bb.v                                                  ; --             ; --           ; --         ;
; MISC_FILE                           ; pll_VGA_bb.v                                                   ; --             ; --           ; --         ;
; MISC_FILE                           ; pll_VGA.ppf                                                    ; --             ; --           ; --         ;
; MISC_FILE                           ; pll_SDRAM_bb.v                                                 ; --             ; --           ; --         ;
; MISC_FILE                           ; pll_SDRAM.ppf                                                  ; --             ; --           ; --         ;
; MISC_FILE                           ; divide9_bb.v                                                   ; --             ; --           ; --         ;
; OUTPUT_IO_TIMING_FAR_END_VMEAS      ; Half Signal Swing                                              ; --             ; --           ; --         ;
; OUTPUT_IO_TIMING_FAR_END_VMEAS      ; Half Signal Swing                                              ; --             ; --           ; --         ;
; OUTPUT_IO_TIMING_NEAR_END_VMEAS     ; Half Vccio                                                     ; --             ; --           ; --         ;
; OUTPUT_IO_TIMING_NEAR_END_VMEAS     ; Half Vccio                                                     ; --             ; --           ; --         ;
; PARTITION_COLOR                     ; -- (Not supported for targeted family)                         ; --             ; init_proc    ; Top        ;
; PARTITION_FITTER_PRESERVATION_LEVEL ; -- (Not supported for targeted family)                         ; --             ; init_proc    ; Top        ;
; PARTITION_NETLIST_TYPE              ; -- (Not supported for targeted family)                         ; --             ; init_proc    ; Top        ;
; POWER_BOARD_THERMAL_MODEL           ; None (CONSERVATIVE)                                            ; --             ; --           ; --         ;
; POWER_PRESET_COOLING_SOLUTION       ; 23 MM HEAT SINK WITH 200 LFPM AIRFLOW                          ; --             ; --           ; --         ;
; PROJECT_OUTPUT_DIRECTORY            ; output_files                                                   ; --             ; --           ; --         ;
; SLD_FILE                            ; niosII_ms2HW/synthesis/niosII_ms2HW.regmap                     ; --             ; --           ; --         ;
; SLD_FILE                            ; niosII_ms2HW/synthesis/niosII_ms2HW.debuginfo                  ; --             ; --           ; --         ;
; SLD_INFO                            ; QSYS_NAME niosII_ms2HW HAS_SOPCINFO 1 GENERATION_ID 1715581654 ; --             ; niosII_ms2HW ; --         ;
; SOPCINFO_FILE                       ; niosII_ms2HW/synthesis/../../niosII_ms2HW.sopcinfo             ; --             ; --           ; --         ;
; SYNTHESIS_ONLY_QIP                  ; On                                                             ; --             ; --           ; --         ;
; TOP_LEVEL_ENTITY                    ; init_proc                                                      ; ece3073project ; --           ; --         ;
+-------------------------------------+----------------------------------------------------------------+----------------+--------------+------------+


+--------------------------------------------------------------------------------------------------------------------------+
; Flow Elapsed Time                                                                                                        ;
+----------------------+--------------+-------------------------+---------------------+------------------------------------+
; Module Name          ; Elapsed Time ; Average Processors Used ; Peak Virtual Memory ; Total CPU Time (on all processors) ;
+----------------------+--------------+-------------------------+---------------------+------------------------------------+
; Analysis & Synthesis ; 00:01:33     ; 1.0                     ; 5021 MB             ; 00:02:05                           ;
; Fitter               ; 00:00:53     ; 1.3                     ; 5560 MB             ; 00:01:11                           ;
; Assembler            ; 00:00:08     ; 1.0                     ; 4716 MB             ; 00:00:07                           ;
; Timing Analyzer      ; 00:00:17     ; 1.6                     ; 4881 MB             ; 00:00:23                           ;
; Total                ; 00:02:51     ; --                      ; --                  ; 00:03:46                           ;
+----------------------+--------------+-------------------------+---------------------+------------------------------------+


+------------------------------------------------------------------------------------+
; Flow OS Summary                                                                    ;
+----------------------+------------------+------------+------------+----------------+
; Module Name          ; Machine Hostname ; OS Name    ; OS Version ; Processor type ;
+----------------------+------------------+------------+------------+----------------+
; Analysis & Synthesis ; katjas_pc        ; Windows 10 ; 10.0       ; x86_64         ;
; Fitter               ; katjas_pc        ; Windows 10 ; 10.0       ; x86_64         ;
; Assembler            ; katjas_pc        ; Windows 10 ; 10.0       ; x86_64         ;
; Timing Analyzer      ; katjas_pc        ; Windows 10 ; 10.0       ; x86_64         ;
+----------------------+------------------+------------+------------+----------------+


------------
; Flow Log ;
------------
quartus_map --read_settings_files=on --write_settings_files=off ece3073project -c ece3073project
quartus_fit --read_settings_files=off --write_settings_files=off ece3073project -c ece3073project
quartus_asm --read_settings_files=off --write_settings_files=off ece3073project -c ece3073project
quartus_sta ece3073project -c ece3073project



